<html>
<body>
<pre>
<h1>µVision Build Log</h1>
<h2>Tool Versions:</h2>
IDE-Version: ¦ÌVision V5.41.0.0
Copyright (C) 2024 ARM Ltd and ARM Germany GmbH. All rights reserved.
License Information: huangxin HUAWEI, nbt, LIC=HN0AE-5PBCE-Z9NG9-4TRF7-YNS0U-UKA4U
 
Tool Versions:
Toolchain:       MDK-ARM Plus  Version: 5.41.0.0
Toolchain Path:  D:\keil\core\ARM\ARMCLANG\Bin
C Compiler:      ArmClang.exe V6.22
Assembler:       Armasm.exe V6.22
Linker/Locator:  ArmLink.exe V6.22
Library Manager: ArmAr.exe V6.22
Hex Converter:   FromElf.exe V6.22
CPU DLL:         SARMCM3.DLL V5.41.0.0
Dialog DLL:      DCM.DLL V1.17.5.0
Target DLL:      STLink\ST-LINKIII-KEIL_SWO.dll V3.3.0.0
Dialog DLL:      TCM.DLL V1.56.4.0
 
<h2>Project:</h2>
D:\Desktop\MoterDevice2.0.3\MDK-ARM\MoterDevice2.0.0.uvprojx
Project File Date:  05/21/2025

<h2>Output:</h2>
*** Using Compiler 'V6.22', folder: 'D:\keil\core\ARM\ARMCLANG\Bin'
Rebuild target 'MoterDevice2.0.0'
Note: source file '../Middlewares/Third_Party/RealThread_RTOS_RT-Thread/src/thread.c' - object file renamed from 'MoterDevice2.0.0\thread.o' to 'MoterDevice2.0.0\thread_1.o'.
compiling stm32f4xx_hal_timebase_tim.c...
compiling calculate.c...
compiling stm32f4xx_it.c...
assembling startup_stm32f407xx.s...
compiling pwm.c...
compiling thread.c...
compiling i2cImu.c...
compiling usart.c...
compiling stm32f4xx_hal_msp.c...
compiling main.c...
compiling stm32f4xx_hal_flash_ex.c...
compiling stm32f4xx_hal_gpio.c...
compiling stm32f4xx_hal_rcc_ex.c...
compiling stm32f4xx_hal_flash.c...
compiling stm32f4xx_hal_flash_ramfunc.c...
compiling magnetometer.c...
compiling stm32f4xx_hal_dma_ex.c...
compiling stm32f4xx_hal_rcc.c...
compiling stm32f4xx_hal_pwr.c...
compiling stm32f4xx_hal_cortex.c...
compiling stm32f4xx_hal_dma.c...
compiling stm32f4xx_hal_tim_ex.c...
compiling stm32f4xx_hal_pwr_ex.c...
compiling stm32f4xx_hal.c...
compiling stm32f4xx_hal_exti.c...
compiling board.c...
compiling stm32f4xx_hal_i2c_ex.c...
compiling system_stm32f4xx.c...
compiling stm32f4xx_hal_tim.c...
compiling idle.c...
compiling stm32f4xx_hal_uart.c...
compiling clock.c...
compiling components.c...
compiling mem.c...
assembling context_rvds.S...
compiling ipc.c...
compiling irq.c...
compiling stm32f4xx_hal_i2c.c...
compiling object.c...
compiling thread.c...
compiling kservice.c...
compiling scheduler.c...
compiling timer.c...
compiling cpuport.c...
linking...
Program Size: Code=32194 RO-data=874 RW-data=124 ZI-data=8852  
FromELF: creating hex file...
"MoterDevice2.0.0\MoterDevice2.0.0.axf" - 0 Error(s), 0 Warning(s).

<h2>Software Packages used:</h2>

Package Vendor: ARM
                https://www.keil.com/pack/ARM.CMSIS.6.1.0.pack
                ARM::CMSIS@6.1.0
                CMSIS (Common Microcontroller Software Interface Standard)
   * Component: CORE Version: 6.1.0

Package Vendor: Keil
                https://www.keil.com/pack/Keil.STM32F4xx_DFP.3.0.0.pack
                Keil::STM32F4xx_DFP@3.0.0
                STMicroelectronics STM32F4 Series Device Support

<h2>Collection of Component include folders:</h2>
  ./RTE/_MoterDevice2.0.0
  D:/keil/pack/ARM/CMSIS/6.1.0/CMSIS/Core/Include

<h2>Collection of Component Files used:</h2>

   * Component: ARM::CMSIS:CORE@6.1.0
      Include file:  CMSIS/Core/Include/tz_context.h
Build Time Elapsed:  00:00:06
</pre>
</body>
</html>
