Component: Arm Compiler for Embedded 6.22 Tool: armlink [5ee90200]

==============================================================================

Section Cross References

    startup_stm32f407xx.o(STACK) refers (Special) to heapauxi.o(.text) for __use_two_region_memory
    startup_stm32f407xx.o(HEAP) refers (Special) to heapauxi.o(.text) for __use_two_region_memory
    startup_stm32f407xx.o(RESET) refers (Special) to heapauxi.o(.text) for __use_two_region_memory
    startup_stm32f407xx.o(RESET) refers to startup_stm32f407xx.o(STACK) for __initial_sp
    startup_stm32f407xx.o(RESET) refers to startup_stm32f407xx.o(.text) for Reset_Handler
    startup_stm32f407xx.o(RESET) refers to stm32f4xx_it.o(.text.NMI_Handler) for NMI_Handler
    startup_stm32f407xx.o(RESET) refers to context_rvds.o(.text) for HardFault_Handler
    startup_stm32f407xx.o(RESET) refers to stm32f4xx_it.o(.text.MemManage_Handler) for MemManage_Handler
    startup_stm32f407xx.o(RESET) refers to stm32f4xx_it.o(.text.BusFault_Handler) for BusFault_Handler
    startup_stm32f407xx.o(RESET) refers to stm32f4xx_it.o(.text.UsageFault_Handler) for UsageFault_Handler
    startup_stm32f407xx.o(RESET) refers to stm32f4xx_it.o(.text.DebugMon_Handler) for DebugMon_Handler
    startup_stm32f407xx.o(RESET) refers to board.o(.text.SysTick_Handler) for SysTick_Handler
    startup_stm32f407xx.o(RESET) refers to main.o(.text.EXTI2_IRQHandler) for EXTI2_IRQHandler
    startup_stm32f407xx.o(RESET) refers to main.o(.text.EXTI4_IRQHandler) for EXTI4_IRQHandler
    startup_stm32f407xx.o(RESET) refers to main.o(.text.EXTI9_5_IRQHandler) for EXTI9_5_IRQHandler
    startup_stm32f407xx.o(RESET) refers to stm32f4xx_it.o(.text.USART1_IRQHandler) for USART1_IRQHandler
    startup_stm32f407xx.o(RESET) refers to main.o(.text.EXTI15_10_IRQHandler) for EXTI15_10_IRQHandler
    startup_stm32f407xx.o(RESET) refers to stm32f4xx_it.o(.text.TIM8_UP_TIM13_IRQHandler) for TIM8_UP_TIM13_IRQHandler
    startup_stm32f407xx.o(RESET) refers to stm32f4xx_it.o(.text.TIM8_TRG_COM_TIM14_IRQHandler) for TIM8_TRG_COM_TIM14_IRQHandler
    startup_stm32f407xx.o(.text) refers (Special) to heapauxi.o(.text) for __use_two_region_memory
    startup_stm32f407xx.o(.text) refers to system_stm32f4xx.o(.text.SystemInit) for SystemInit
    startup_stm32f407xx.o(.text) refers to __main.o(!!!main) for __main
    startup_stm32f407xx.o(.text) refers to startup_stm32f407xx.o(HEAP) for Heap_Mem
    startup_stm32f407xx.o(.text) refers to startup_stm32f407xx.o(STACK) for Stack_Mem
    main.o(.text.main) refers to main.o(.bss..L_MergedGlobals) for .L_MergedGlobals
    main.o(.text.main) refers to stm32f4xx_hal.o(.text.HAL_Init) for HAL_Init
    main.o(.text.main) refers to main.o(.text.SystemClock_Config) for SystemClock_Config
    main.o(.text.main) refers to stm32f4xx_hal_gpio.o(.text.HAL_GPIO_WritePin) for HAL_GPIO_WritePin
    main.o(.text.main) refers to stm32f4xx_hal_gpio.o(.text.HAL_GPIO_Init) for HAL_GPIO_Init
    main.o(.text.main) refers to stm32f4xx_hal_cortex.o(.text.HAL_NVIC_SetPriority) for HAL_NVIC_SetPriority
    main.o(.text.main) refers to stm32f4xx_hal_cortex.o(.text.HAL_NVIC_EnableIRQ) for HAL_NVIC_EnableIRQ
    main.o(.text.main) refers to pwm.o(.bss.htim4) for htim4
    main.o(.text.main) refers to stm32f4xx_hal_tim.o(.text.HAL_TIM_Encoder_Init) for HAL_TIM_Encoder_Init
    main.o(.text.main) refers to stm32f4xx_hal_tim_ex.o(.text.HAL_TIMEx_MasterConfigSynchronization) for HAL_TIMEx_MasterConfigSynchronization
    main.o(.text.main) refers to pwm.o(.bss.htim8) for htim8
    main.o(.text.main) refers to stm32f4xx_hal_tim.o(.text.HAL_TIM_Base_Init) for HAL_TIM_Base_Init
    main.o(.text.main) refers to stm32f4xx_hal_tim.o(.text.HAL_TIM_ConfigClockSource) for HAL_TIM_ConfigClockSource
    main.o(.text.main) refers to stm32f4xx_hal_tim.o(.text.HAL_TIM_PWM_Init) for HAL_TIM_PWM_Init
    main.o(.text.main) refers to stm32f4xx_hal_tim.o(.text.HAL_TIM_PWM_ConfigChannel) for HAL_TIM_PWM_ConfigChannel
    main.o(.text.main) refers to stm32f4xx_hal_tim_ex.o(.text.HAL_TIMEx_ConfigBreakDeadTime) for HAL_TIMEx_ConfigBreakDeadTime
    main.o(.text.main) refers to stm32f4xx_hal_msp.o(.text.HAL_TIM_MspPostInit) for HAL_TIM_MspPostInit
    main.o(.text.main) refers to pwm.o(.bss.htim9) for htim9
    main.o(.text.main) refers to pwm.o(.bss.htim10) for htim10
    main.o(.text.main) refers to pwm.o(.bss.htim11) for htim11
    main.o(.text.main) refers to usart.o(.text.MX_USART1_UART_Init) for MX_USART1_UART_Init
    main.o(.text.main) refers to i2cimu.o(.text.MX_I2C1_Init) for MX_I2C1_Init
    main.o(.text.main) refers to stm32f4xx_hal_tim.o(.text.HAL_TIM_Base_Start_IT) for HAL_TIM_Base_Start_IT
    main.o(.text.main) refers to stm32f4xx_hal_tim.o(.text.HAL_TIM_Encoder_Start) for HAL_TIM_Encoder_Start
    main.o(.text.main) refers to thread.o(.text.thread_create) for thread_create
    main.o(.ARM.exidx.text.main) refers to main.o(.text.main) for [Anonymous Symbol]
[...]
    rt_thread_stack                          0x20001710   Data         256  idle.o(.bss.rt_thread_stack)
    [Anonymous Symbol]                       0x20001710   Section        0  idle.o(.bss.rt_thread_stack)
    rt_tick                                  0x20001814   Data           4  clock.o(.bss.rt_tick)
    [Anonymous Symbol]                       0x20001814   Section        0  clock.o(.bss.rt_tick)
    thread2                                  0x20001818   Data         120  thread.o(.bss.thread2)
    [Anonymous Symbol]                       0x20001818   Section        0  thread.o(.bss.thread2)
    thread2_stack                            0x20001890   Data        1024  thread.o(.bss.thread2_stack)
    [Anonymous Symbol]                       0x20001890   Section        0  thread.o(.bss.thread2_stack)
    Heap_Mem                                 0x20001c98   Data         512  startup_stm32f407xx.o(HEAP)
    HEAP                                     0x20001c98   Section      512  startup_stm32f407xx.o(HEAP)
    Stack_Mem                                0x20001e98   Data        1024  startup_stm32f407xx.o(STACK)
    STACK                                    0x20001e98   Section     1024  startup_stm32f407xx.o(STACK)
    __initial_sp                             0x20002298   Data           0  startup_stm32f407xx.o(STACK)

    Global Symbols

    Symbol Name                              Value     Ov Type        Size  Object(Section)

    BuildAttributes$$THM_ISAv4$E$P$D$K$B$S$7EM$VFPi3$EXTD16$VFPS$VFMA$PE$A:L22UL41UL21$X:L11$S22US41US21$IEEE1$IW$~IW$USESV6$~STKCKD$USESV7$~SHL$OTIME$ROPI$IEEEX$EBA8$UX$STANDARDLIB$REQ8$PRES8$EABIv2 0x00000000   Number         0  anon$$obj.o ABSOLUTE
    _printf_flags                            0x00000000   Number         0  printf_stubs.o ABSOLUTE
    _printf_return_value                     0x00000000   Number         0  printf_stubs.o ABSOLUTE
    _printf_sizespec                         0x00000000   Number         0  printf_stubs.o ABSOLUTE
    _printf_widthprec                        0x00000000   Number         0  printf_stubs.o ABSOLUTE
    __ARM_exceptions_init                     - Undefined Weak Reference
    __alloca_initialize                       - Undefined Weak Reference
    __arm_preinit_                            - Undefined Weak Reference
    __arm_relocate_pie_                       - Undefined Weak Reference
    __cpp_initialize__aeabi_                  - Undefined Weak Reference
    __cxa_finalize                            - Undefined Weak Reference
    __sigvec_lookup                           - Undefined Weak Reference
    _atexit_init                              - Undefined Weak Reference
    _call_atexit_fns                          - Undefined Weak Reference
    _clock_init                               - Undefined Weak Reference
    _fp_trap_init                             - Undefined Weak Reference
    _fp_trap_shutdown                         - Undefined Weak Reference
    _get_lc_collate                           - Undefined Weak Reference
    _get_lc_ctype                             - Undefined Weak Reference
    _get_lc_monetary                          - Undefined Weak Reference
    _get_lc_time                              - Undefined Weak Reference
    _getenv_init                              - Undefined Weak Reference
    _handle_redirection                       - Undefined Weak Reference
    _init_alloc                               - Undefined Weak Reference
    _init_user_alloc                          - Undefined Weak Reference
    _initio                                   - Undefined Weak Reference
    _printf_post_padding                      - Undefined Weak Reference
    _printf_pre_padding                       - Undefined Weak Reference
    _rand_init                                - Undefined Weak Reference
    _signal_finish                            - Undefined Weak Reference
    _signal_init                              - Undefined Weak Reference
    _terminate_alloc                          - Undefined Weak Reference
    _terminate_user_alloc                     - Undefined Weak Reference
    _terminateio                              - Undefined Weak Reference
    __Vectors_Size                           0x00000188   Number         0  startup_stm32f407xx.o ABSOLUTE
    __Vectors                                0x08000000   Data           4  startup_stm32f407xx.o(RESET)
    __Vectors_End                            0x08000188   Data           0  startup_stm32f407xx.o(RESET)
    __main                                   0x08000189   Thumb Code     8  __main.o(!!!main)
    __scatterload                            0x08000191   Thumb Code     0  __scatter.o(!!!scatter)
    __scatterload_rt2                        0x08000191   Thumb Code    84  __scatter.o(!!!scatter)
    __scatterload_rt2_thumb_only             0x08000191   Thumb Code     0  __scatter.o(!!!scatter)
    __scatterload_loop                       0x0800019b   Thumb Code     0  __scatter.o(!!!scatter)
    __scatterload_copy                       0x080001ed   Thumb Code    26  __scatter_copy.o(!!handler_copy)
    __scatterload_null                       0x08000209   Thumb Code     2  __scatter.o(!!handler_null)
    __scatterload_zeroinit                   0x0800020d   Thumb Code    28  __scatter_zi.o(!!handler_zi)
    _printf_f                                0x08000229   Thumb Code     0  _printf_f.o(.ARM.Collect$$_printf_percent$$00000003)
    _printf_percent                          0x08000229   Thumb Code     0  _printf_percent.o(.ARM.Collect$$_printf_percent$$00000000)
    _printf_percent_end                      0x0800022f   Thumb Code     0  _printf_percent_end.o(.ARM.Collect$$_printf_percent$$00000017)
    __rt_lib_init                            0x08000233   Thumb Code     0  libinit.o(.ARM.Collect$$libinit$$00000000)
    __rt_lib_init_fp_1                       0x08000235   Thumb Code     0  libinit2.o(.ARM.Collect$$libinit$$00000001)
    __rt_lib_init_heap_1                     0x08000239   Thumb Code     0  libinit2.o(.ARM.Collect$$libinit$$0000000C)
    __rt_lib_init_lc_common                  0x08000239   Thumb Code     0  libinit2.o(.ARM.Collect$$libinit$$00000011)
    __rt_lib_init_preinit_1                  0x08000239   Thumb Code     0  libinit2.o(.ARM.Collect$$libinit$$00000006)
    __rt_lib_init_rand_1                     0x08000239   Thumb Code     0  libinit2.o(.ARM.Collect$$libinit$$00000010)
    __rt_lib_init_relocate_pie_1             0x08000239   Thumb Code     0  libinit2.o(.ARM.Collect$$libinit$$00000004)
    __rt_lib_init_user_alloc_1               0x08000239   Thumb Code     0  libinit2.o(.ARM.Collect$$libinit$$0000000E)
    __rt_lib_init_lc_collate_1               0x0800023f   Thumb Code     0  libinit2.o(.ARM.Collect$$libinit$$00000013)
    __rt_lib_init_lc_ctype_1                 0x0800023f   Thumb Code     0  libinit2.o(.ARM.Collect$$libinit$$00000015)
    __rt_lib_init_lc_monetary_1              0x0800023f   Thumb Code     0  libinit2.o(.ARM.Collect$$libinit$$00000017)
    __rt_lib_init_lc_numeric_2               0x0800023f   Thumb Code     0  libinit2.o(.ARM.Collect$$libinit$$00000018)
    __rt_lib_init_alloca_1                   0x08000249   Thumb Code     0  libinit2.o(.ARM.Collect$$libinit$$00000030)
    __rt_lib_init_argv_1                     0x08000249   Thumb Code     0  libinit2.o(.ARM.Collect$$libinit$$0000002E)
    __rt_lib_init_atexit_1                   0x08000249   Thumb Code     0  libinit2.o(.ARM.Collect$$libinit$$0000001D)
    __rt_lib_init_clock_1                    0x08000249   Thumb Code     0  libinit2.o(.ARM.Collect$$libinit$$00000023)
    __rt_lib_init_cpp_1                      0x08000249   Thumb Code     0  libinit2.o(.ARM.Collect$$libinit$$00000034)
    __rt_lib_init_exceptions_1               0x08000249   Thumb Code     0  libinit2.o(.ARM.Collect$$libinit$$00000032)
    __rt_lib_init_fp_trap_1                  0x08000249   Thumb Code     0  libinit2.o(.ARM.Collect$$libinit$$00000021)
    __rt_lib_init_getenv_1                   0x08000249   Thumb Code     0  libinit2.o(.ARM.Collect$$libinit$$00000025)
    __rt_lib_init_lc_numeric_1               0x08000249   Thumb Code     0  libinit2.o(.ARM.Collect$$libinit$$00000019)
    __rt_lib_init_lc_time_1                  0x08000249   Thumb Code     0  libinit2.o(.ARM.Collect$$libinit$$0000001B)
    __rt_lib_init_return                     0x08000249   Thumb Code     0  libinit2.o(.ARM.Collect$$libinit$$00000035)
    __rt_lib_init_signal_1                   0x08000249   Thumb Code     0  libinit2.o(.ARM.Collect$$libinit$$0000001F)
    __rt_lib_init_stdio_1                    0x08000249   Thumb Code     0  libinit2.o(.ARM.Collect$$libinit$$00000027)
    __rt_lib_shutdown                        0x0800024b   Thumb Code     0  libshutdown.o(.ARM.Collect$$libshutdown$$00000000)
    __rt_lib_shutdown_cpp_1                  0x0800024d   Thumb Code     0  libshutdown2.o(.ARM.Collect$$libshutdown$$00000002)
    __rt_lib_shutdown_fp_trap_1              0x0800024d   Thumb Code     0  libshutdown2.o(.ARM.Collect$$libshutdown$$00000007)
    __rt_lib_shutdown_heap_1                 0x0800024d   Thumb Code     0  libshutdown2.o(.ARM.Collect$$libshutdown$$0000000F)
    __rt_lib_shutdown_return                 0x0800024d   Thumb Code     0  libshutdown2.o(.ARM.Collect$$libshutdown$$00000010)
    __rt_lib_shutdown_signal_1               0x0800024d   Thumb Code     0  libshutdown2.o(.ARM.Collect$$libshutdown$$0000000A)
    __rt_lib_shutdown_stdio_1                0x0800024d   Thumb Code     0  libshutdown2.o(.ARM.Collect$$libshutdown$$00000004)
    __rt_lib_shutdown_user_alloc_1           0x0800024d   Thumb Code     0  libshutdown2.o(.ARM.Collect$$libshutdown$$0000000C)
    __rt_entry                               0x0800024f   Thumb Code     0  __rtentry.o(.ARM.Collect$$rtentry$$00000000)
    __rt_entry_presh_1                       0x0800024f   Thumb Code     0  __rtentry2.o(.ARM.Collect$$rtentry$$00000002)
    __rt_entry_sh                            0x0800024f   Thumb Code     0  __rtentry4.o(.ARM.Collect$$rtentry$$00000004)
    __rt_entry_li                            0x08000255   Thumb Code     0  __rtentry2.o(.ARM.Collect$$rtentry$$0000000A)
    __rt_entry_postsh_1                      0x08000255   Thumb Code     0  __rtentry2.o(.ARM.Collect$$rtentry$$00000009)
    __rt_entry_main                          0x08000259   Thumb Code     0  __rtentry2.o(.ARM.Collect$$rtentry$$0000000D)
    __rt_entry_postli_1                      0x08000259   Thumb Code     0  __rtentry2.o(.ARM.Collect$$rtentry$$0000000C)
    __rt_exit                                0x08000261   Thumb Code     0  rtexit.o(.ARM.Collect$$rtexit$$00000000)
    __rt_exit_ls                             0x08000263   Thumb Code     0  rtexit2.o(.ARM.Collect$$rtexit$$00000003)
    __rt_exit_prels_1                        0x08000263   Thumb Code     0  rtexit2.o(.ARM.Collect$$rtexit$$00000002)
    __rt_exit_exit                           0x08000267   Thumb Code     0  rtexit2.o(.ARM.Collect$$rtexit$$00000004)
    Reset_Handler                            0x0800026d   Thumb Code     8  startup_stm32f407xx.o(.text)
    SVC_Handler                              0x0800027f   Thumb Code     2  startup_stm32f407xx.o(.text)
    ADC_IRQHandler                           0x08000287   Thumb Code     0  startup_stm32f407xx.o(.text)
    CAN1_RX0_IRQHandler                      0x08000287   Thumb Code     0  startup_stm32f407xx.o(.text)
    CAN1_RX1_IRQHandler                      0x08000287   Thumb Code     0  startup_stm32f407xx.o(.text)
    CAN1_SCE_IRQHandler                      0x08000287   Thumb Code     0  startup_stm32f407xx.o(.text)
    CAN1_TX_IRQHandler                       0x08000287   Thumb Code     0  startup_stm32f407xx.o(.text)
    CAN2_RX0_IRQHandler                      0x08000287   Thumb Code     0  startup_stm32f407xx.o(.text)
    CAN2_RX1_IRQHandler                      0x08000287   Thumb Code     0  startup_stm32f407xx.o(.text)
    CAN2_SCE_IRQHandler                      0x08000287   Thumb Code     0  startup_stm32f407xx.o(.text)
    CAN2_TX_IRQHandler                       0x08000287   Thumb Code     0  startup_stm32f407xx.o(.text)
    DCMI_IRQHandler                          0x08000287   Thumb Code     0  startup_stm32f407xx.o(.text)
    DMA1_Stream0_IRQHandler                  0x08000287   Thumb Code     0  startup_stm32f407xx.o(.text)
    DMA1_Stream1_IRQHandler                  0x08000287   Thumb Code     0  startup_stm32f407xx.o(.text)
    DMA1_Stream2_IRQHandler                  0x08000287   Thumb Code     0  startup_stm32f407xx.o(.text)
    DMA1_Stream3_IRQHandler                  0x08000287   Thumb Code     0  startup_stm32f407xx.o(.text)
    DMA1_Stream4_IRQHandler                  0x08000287   Thumb Code     0  startup_stm32f407xx.o(.text)
    DMA1_Stream5_IRQHandler                  0x08000287   Thumb Code     0  startup_stm32f407xx.o(.text)
    DMA1_Stream6_IRQHandler                  0x08000287   Thumb Code     0  startup_stm32f407xx.o(.text)
    DMA1_Stream7_IRQHandler                  0x08000287   Thumb Code     0  startup_stm32f407xx.o(.text)
    DMA2_Stream0_IRQHandler                  0x08000287   Thumb Code     0  startup_stm32f407xx.o(.text)
    DMA2_Stream1_IRQHandler                  0x08000287   Thumb Code     0  startup_stm32f407xx.o(.text)
    DMA2_Stream2_IRQHandler                  0x08000287   Thumb Code     0  startup_stm32f407xx.o(.text)
    DMA2_Stream3_IRQHandler                  0x08000287   Thumb Code     0  startup_stm32f407xx.o(.text)
    DMA2_Stream4_IRQHandler                  0x08000287   Thumb Code     0  startup_stm32f407xx.o(.text)
    DMA2_Stream5_IRQHandler                  0x08000287   Thumb Code     0  startup_stm32f407xx.o(.text)
    DMA2_Stream6_IRQHandler                  0x08000287   Thumb Code     0  startup_stm32f407xx.o(.text)
    DMA2_Stream7_IRQHandler                  0x08000287   Thumb Code     0  startup_stm32f407xx.o(.text)
    ETH_IRQHandler                           0x08000287   Thumb Code     0  startup_stm32f407xx.o(.text)
    ETH_WKUP_IRQHandler                      0x08000287   Thumb Code     0  startup_stm32f407xx.o(.text)
    EXTI0_IRQHandler                         0x08000287   Thumb Code     0  startup_stm32f407xx.o(.text)
    EXTI1_IRQHandler                         0x08000287   Thumb Code     0  startup_stm32f407xx.o(.text)
    EXTI3_IRQHandler                         0x08000287   Thumb Code     0  startup_stm32f407xx.o(.text)
    FLASH_IRQHandler                         0x08000287   Thumb Code     0  startup_stm32f407xx.o(.text)
    FMC_IRQHandler                           0x08000287   Thumb Code     0  startup_stm32f407xx.o(.text)
    FPU_IRQHandler                           0x08000287   Thumb Code     0  startup_stm32f407xx.o(.text)
    HASH_RNG_IRQHandler                      0x08000287   Thumb Code     0  startup_stm32f407xx.o(.text)
    I2C1_ER_IRQHandler                       0x08000287   Thumb Code     0  startup_stm32f407xx.o(.text)
    I2C1_EV_IRQHandler                       0x08000287   Thumb Code     0  startup_stm32f407xx.o(.text)
    I2C2_ER_IRQHandler                       0x08000287   Thumb Code     0  startup_stm32f407xx.o(.text)
    I2C2_EV_IRQHandler                       0x08000287   Thumb Code     0  startup_stm32f407xx.o(.text)
    I2C3_ER_IRQHandler                       0x08000287   Thumb Code     0  startup_stm32f407xx.o(.text)
    I2C3_EV_IRQHandler                       0x08000287   Thumb Code     0  startup_stm32f407xx.o(.text)
    OTG_FS_IRQHandler                        0x08000287   Thumb Code     0  startup_stm32f407xx.o(.text)
    OTG_FS_WKUP_IRQHandler                   0x08000287   Thumb Code     0  startup_stm32f407xx.o(.text)
    OTG_HS_EP1_IN_IRQHandler                 0x08000287   Thumb Code     0  startup_stm32f407xx.o(.text)
    OTG_HS_EP1_OUT_IRQHandler                0x08000287   Thumb Code     0  startup_stm32f407xx.o(.text)
    OTG_HS_IRQHandler                        0x08000287   Thumb Code     0  startup_stm32f407xx.o(.text)
    OTG_HS_WKUP_IRQHandler                   0x08000287   Thumb Code     0  startup_stm32f407xx.o(.text)
    PVD_IRQHandler                           0x08000287   Thumb Code     0  startup_stm32f407xx.o(.text)
    RCC_IRQHandler                           0x08000287   Thumb Code     0  startup_stm32f407xx.o(.text)
    RTC_Alarm_IRQHandler                     0x08000287   Thumb Code     0  startup_stm32f407xx.o(.text)
    RTC_WKUP_IRQHandler                      0x08000287   Thumb Code     0  startup_stm32f407xx.o(.text)
    SDIO_IRQHandler                          0x08000287   Thumb Code     0  startup_stm32f407xx.o(.text)
    SPI1_IRQHandler                          0x08000287   Thumb Code     0  startup_stm32f407xx.o(.text)
    SPI2_IRQHandler                          0x08000287   Thumb Code     0  startup_stm32f407xx.o(.text)
    SPI3_IRQHandler                          0x08000287   Thumb Code     0  startup_stm32f407xx.o(.text)
    TAMP_STAMP_IRQHandler                    0x08000287   Thumb Code     0  startup_stm32f407xx.o(.text)
    TIM1_BRK_TIM9_IRQHandler                 0x08000287   Thumb Code     0  startup_stm32f407xx.o(.text)
    TIM1_CC_IRQHandler                       0x08000287   Thumb Code     0  startup_stm32f407xx.o(.text)
    TIM1_TRG_COM_TIM11_IRQHandler            0x08000287   Thumb Code     0  startup_stm32f407xx.o(.text)
    TIM1_UP_TIM10_IRQHandler                 0x08000287   Thumb Code     0  startup_stm32f407xx.o(.text)
    TIM2_IRQHandler                          0x08000287   Thumb Code     0  startup_stm32f407xx.o(.text)
    TIM3_IRQHandler                          0x08000287   Thumb Code     0  startup_stm32f407xx.o(.text)
    TIM4_IRQHandler                          0x08000287   Thumb Code     0  startup_stm32f407xx.o(.text)
    TIM5_IRQHandler                          0x08000287   Thumb Code     0  startup_stm32f407xx.o(.text)
    TIM6_DAC_IRQHandler                      0x08000287   Thumb Code     0  startup_stm32f407xx.o(.text)
    TIM7_IRQHandler                          0x08000287   Thumb Code     0  startup_stm32f407xx.o(.text)
    TIM8_BRK_TIM12_IRQHandler                0x08000287   Thumb Code     0  startup_stm32f407xx.o(.text)
    TIM8_CC_IRQHandler                       0x08000287   Thumb Code     0  startup_stm32f407xx.o(.text)
    UART4_IRQHandler                         0x08000287   Thumb Code     0  startup_stm32f407xx.o(.text)
    UART5_IRQHandler                         0x08000287   Thumb Code     0  startup_stm32f407xx.o(.text)
    USART2_IRQHandler                        0x08000287   Thumb Code     0  startup_stm32f407xx.o(.text)
    USART3_IRQHandler                        0x08000287   Thumb Code     0  startup_stm32f407xx.o(.text)
    USART6_IRQHandler                        0x08000287   Thumb Code     0  startup_stm32f407xx.o(.text)
    WWDG_IRQHandler                          0x08000287   Thumb Code     0  startup_stm32f407xx.o(.text)
    __user_initial_stackheap                 0x08000289   Thumb Code     0  startup_stm32f407xx.o(.text)
    rt_hw_interrupt_disable                  0x080002ad   Thumb Code     8  context_rvds.o(.text)
    rt_hw_interrupt_enable                   0x080002b5   Thumb Code     6  context_rvds.o(.text)
    rt_hw_context_switch                     0x080002bb   Thumb Code    32  context_rvds.o(.text)
    rt_hw_context_switch_interrupt           0x080002bb   Thumb Code     0  context_rvds.o(.text)
    PendSV_Handler                           0x080002db   Thumb Code   108  context_rvds.o(.text)
    rt_hw_context_switch_to                  0x08000347   Thumb Code    70  context_rvds.o(.text)
    rt_hw_interrupt_thread_switch            0x0800038d   Thumb Code     2  context_rvds.o(.text)
    HardFault_Handler                        0x0800038f   Thumb Code    56  context_rvds.o(.text)
    __aeabi_uldivmod                         0x080003e1   Thumb Code     0  lludivv7m.o(.text)
    _ll_udiv                                 0x080003e1   Thumb Code   240  lludivv7m.o(.text)
    __2snprintf                              0x080004d1   Thumb Code    58  __2snprintf.o(.text)
    __printf                                 0x08000511   Thumb Code   270  __printf_wp.o(.text)
    __aeabi_memset                           0x0800061f   Thumb Code    16  aeabi_memset.o(.text)
    __aeabi_memclr                           0x0800062f   Thumb Code     0  rt_memclr.o(.text)
    __rt_memclr                              0x0800062f   Thumb Code     0  rt_memclr.o(.text)
    _memset                                  0x08000633   Thumb Code    64  rt_memclr.o(.text)
    __aeabi_memclr4                          0x08000673   Thumb Code     0  rt_memclr_w.o(.text)
    __aeabi_memclr8                          0x08000673   Thumb Code     0  rt_memclr_w.o(.text)
    __rt_memclr_w                            0x08000673   Thumb Code     0  rt_memclr_w.o(.text)
    _memset_w                                0x08000677   Thumb Code    74  rt_memclr_w.o(.text)
    __use_two_region_memory                  0x080006c1   Thumb Code     2  heapauxi.o(.text)
    __rt_heap_escrow$2region                 0x080006c3   Thumb Code     2  heapauxi.o(.text)
    __rt_heap_expand$2region                 0x080006c5   Thumb Code     2  heapauxi.o(.text)
    _printf_fp_dec_real                      0x08000877   Thumb Code   620  _printf_fp_dec.o(.text)
    _printf_char_common                      0x08000aef   Thumb Code    32  _printf_char_common.o(.text)
    _snputc                                  0x08000b15   Thumb Code    16  _snputc.o(.text)
    __rt_locale                              0x08000b25   Thumb Code     8  rt_locale_intlibspace.o(.text)
    _ll_udiv10                               0x08000b2d   Thumb Code   138  lludiv10.o(.text)
    _printf_fp_infnan                        0x08000bb9   Thumb Code   112  _printf_fp_infnan.o(.text)
    _btod_etento                             0x08000c39   Thumb Code   224  bigflt0.o(.text)
    __user_libspace                          0x08000d1d   Thumb Code     8  libspace.o(.text)
    __user_perproc_libspace                  0x08000d1d   Thumb Code     0  libspace.o(.text)
    __user_perthread_libspace                0x08000d1d   Thumb Code     0  libspace.o(.text)
    __user_setup_stackheap                   0x08000d25   Thumb Code    74  sys_stackheap_outer.o(.text)
    exit                                     0x08000d6f   Thumb Code    18  exit.o(.text)
    strcmp                                   0x08000d81   Thumb Code   124  strcmpv7em.o(.text)
    _sys_exit                                0x08000dfd   Thumb Code     8  sys_exit.o(.text)
    __I$use$semihosting                      0x08000e09   Thumb Code     0  use_no_semi.o(.text)
    __use_no_semihosting_swi                 0x08000e09   Thumb Code     2  use_no_semi.o(.text)
    __semihosting_library_function           0x08000e0b   Thumb Code     0  indicate_semi.o(.text)
    main                                     0x08000e0d   Thumb Code    84  components.o(.text.$Sub$$main)
    BusFault_Handler                         0x08000e61   Thumb Code     2  stm32f4xx_it.o(.text.BusFault_Handler)
    ControlDir                               0x08000e65   Thumb Code   166  pwm.o(.text.ControlDir)
    ControlDirALL                            0x08000f0d   Thumb Code    38  pwm.o(.text.ControlDirALL)
    ControlPwm                               0x08000f35   Thumb Code    44  pwm.o(.text.ControlPwm)
    DebugMon_Handler                         0x08000f61   Thumb Code     2  stm32f4xx_it.o(.text.DebugMon_Handler)
    EXTI15_10_IRQHandler                     0x08000f65   Thumb Code   202  main.o(.text.EXTI15_10_IRQHandler)
    EXTI2_IRQHandler                         0x08001031   Thumb Code   184  main.o(.text.EXTI2_IRQHandler)
    EXTI4_IRQHandler                         0x080010e9   Thumb Code   184  main.o(.text.EXTI4_IRQHandler)
    EXTI9_5_IRQHandler                       0x080011a1   Thumb Code   196  main.o(.text.EXTI9_5_IRQHandler)
    Error_Handler                            0x08001265   Thumb Code    10  main.o(.text.Error_Handler)
    HAL_DMA_Abort                            0x08001271   Thumb Code   142  stm32f4xx_hal_dma.o(.text.HAL_DMA_Abort)
    HAL_DMA_Abort_IT                         0x08001301   Thumb Code    36  stm32f4xx_hal_dma.o(.text.HAL_DMA_Abort_IT)
    HAL_GPIO_Init                            0x08001325   Thumb Code   410  stm32f4xx_hal_gpio.o(.text.HAL_GPIO_Init)
    HAL_GPIO_ReadPin                         0x080014c1   Thumb Code    10  stm32f4xx_hal_gpio.o(.text.HAL_GPIO_ReadPin)
    HAL_GPIO_WritePin                        0x080014cd   Thumb Code    10  stm32f4xx_hal_gpio.o(.text.HAL_GPIO_WritePin)
    HAL_GetTick                              0x080014d9   Thumb Code    12  stm32f4xx_hal.o(.text.HAL_GetTick)
    HAL_I2C_Init                             0x080014e5   Thumb Code   356  stm32f4xx_hal_i2c.o(.text.HAL_I2C_Init)
    HAL_I2C_MspInit                          0x08001649   Thumb Code   116  stm32f4xx_hal_msp.o(.text.HAL_I2C_MspInit)
    HAL_IncTick                              0x080016bd   Thumb Code    26  stm32f4xx_hal.o(.text.HAL_IncTick)
    HAL_Init                                 0x080016d9   Thumb Code    54  stm32f4xx_hal.o(.text.HAL_Init)
    HAL_InitTick                             0x08001711   Thumb Code   144  stm32f4xx_hal_timebase_tim.o(.text.HAL_InitTick)
    HAL_MspInit                              0x080017a1   Thumb Code    56  stm32f4xx_hal_msp.o(.text.HAL_MspInit)
    HAL_NVIC_EnableIRQ                       0x080017d9   Thumb Code    34  stm32f4xx_hal_cortex.o(.text.HAL_NVIC_EnableIRQ)
    HAL_NVIC_SetPriority                     0x080017fd   Thumb Code    86  stm32f4xx_hal_cortex.o(.text.HAL_NVIC_SetPriority)
    HAL_NVIC_SetPriorityGrouping             0x08001855   Thumb Code    32  stm32f4xx_hal_cortex.o(.text.HAL_NVIC_SetPriorityGrouping)
    HAL_RCC_ClockConfig                      0x08001875   Thumb Code   356  stm32f4xx_hal_rcc.o(.text.HAL_RCC_ClockConfig)
    HAL_RCC_GetClockConfig                   0x080019d9   Thumb Code    62  stm32f4xx_hal_rcc.o(.text.HAL_RCC_GetClockConfig)
    HAL_RCC_GetPCLK1Freq                     0x08001a19   Thumb Code    38  stm32f4xx_hal_rcc.o(.text.HAL_RCC_GetPCLK1Freq)
    HAL_RCC_GetPCLK2Freq                     0x08001a41   Thumb Code    38  stm32f4xx_hal_rcc.o(.text.HAL_RCC_GetPCLK2Freq)
    HAL_RCC_GetSysClockFreq                  0x08001a69   Thumb Code   106  stm32f4xx_hal_rcc.o(.text.HAL_RCC_GetSysClockFreq)
    HAL_RCC_OscConfig                        0x08001ad5   Thumb Code   940  stm32f4xx_hal_rcc.o(.text.HAL_RCC_OscConfig)
    HAL_TIMEx_BreakCallback                  0x08001e81   Thumb Code     2  stm32f4xx_hal_tim_ex.o(.text.HAL_TIMEx_BreakCallback)
    HAL_TIMEx_CommutCallback                 0x08001e85   Thumb Code     2  stm32f4xx_hal_tim_ex.o(.text.HAL_TIMEx_CommutCallback)
    HAL_TIMEx_ConfigBreakDeadTime            0x08001e89   Thumb Code    76  stm32f4xx_hal_tim_ex.o(.text.HAL_TIMEx_ConfigBreakDeadTime)
    HAL_TIMEx_MasterConfigSynchronization    0x08001ed5   Thumb Code   186  stm32f4xx_hal_tim_ex.o(.text.HAL_TIMEx_MasterConfigSynchronization)
    HAL_TIM_Base_Init                        0x08001f91   Thumb Code    90  stm32f4xx_hal_tim.o(.text.HAL_TIM_Base_Init)
    HAL_TIM_Base_MspInit                     0x08001fed   Thumb Code   182  stm32f4xx_hal_msp.o(.text.HAL_TIM_Base_MspInit)
    HAL_TIM_Base_Start_IT                    0x080020a5   Thumb Code   170  stm32f4xx_hal_tim.o(.text.HAL_TIM_Base_Start_IT)
    HAL_TIM_ConfigClockSource                0x08002151   Thumb Code   416  stm32f4xx_hal_tim.o(.text.HAL_TIM_ConfigClockSource)
    HAL_TIM_Encoder_Init                     0x080022f1   Thumb Code   178  stm32f4xx_hal_tim.o(.text.HAL_TIM_Encoder_Init)
    HAL_TIM_Encoder_MspInit                  0x080023a5   Thumb Code   368  stm32f4xx_hal_msp.o(.text.HAL_TIM_Encoder_MspInit)
    HAL_TIM_Encoder_Start                    0x08002515   Thumb Code   188  stm32f4xx_hal_tim.o(.text.HAL_TIM_Encoder_Start)
    HAL_TIM_IC_CaptureCallback               0x080025d1   Thumb Code     2  stm32f4xx_hal_tim.o(.text.HAL_TIM_IC_CaptureCallback)
    HAL_TIM_IRQHandler                       0x080025d5   Thumb Code   368  stm32f4xx_hal_tim.o(.text.HAL_TIM_IRQHandler)
    HAL_TIM_MspPostInit                      0x08002745   Thumb Code   286  stm32f4xx_hal_msp.o(.text.HAL_TIM_MspPostInit)
    HAL_TIM_OC_DelayElapsedCallback          0x08002865   Thumb Code     2  stm32f4xx_hal_tim.o(.text.HAL_TIM_OC_DelayElapsedCallback)
    HAL_TIM_PWM_ConfigChannel                0x08002869   Thumb Code   544  stm32f4xx_hal_tim.o(.text.HAL_TIM_PWM_ConfigChannel)
    HAL_TIM_PWM_Init                         0x08002a89   Thumb Code    90  stm32f4xx_hal_tim.o(.text.HAL_TIM_PWM_Init)
    HAL_TIM_PWM_MspInit                      0x08002ae5   Thumb Code    52  stm32f4xx_hal_msp.o(.text.HAL_TIM_PWM_MspInit)
    HAL_TIM_PWM_PulseFinishedCallback        0x08002b19   Thumb Code     2  stm32f4xx_hal_tim.o(.text.HAL_TIM_PWM_PulseFinishedCallback)
    HAL_TIM_PWM_Start                        0x08002b1d   Thumb Code   270  stm32f4xx_hal_tim.o(.text.HAL_TIM_PWM_Start)
    HAL_TIM_PeriodElapsedCallback            0x08002c31   Thumb Code   512  main.o(.text.HAL_TIM_PeriodElapsedCallback)
    HAL_TIM_TriggerCallback                  0x08002e59   Thumb Code     2  stm32f4xx_hal_tim.o(.text.HAL_TIM_TriggerCallback)
    HAL_UARTEx_RxEventCallback               0x08002e5d   Thumb Code     2  stm32f4xx_hal_uart.o(.text.HAL_UARTEx_RxEventCallback)
    HAL_UART_ErrorCallback                   0x08002e61   Thumb Code     2  stm32f4xx_hal_uart.o(.text.HAL_UART_ErrorCallback)
    HAL_UART_IRQHandler                      0x08002e65   Thumb Code  1384  stm32f4xx_hal_uart.o(.text.HAL_UART_IRQHandler)
    HAL_UART_Init                            0x080033cd   Thumb Code    94  stm32f4xx_hal_uart.o(.text.HAL_UART_Init)
    HAL_UART_MspInit                         0x0800342d   Thumb Code   134  usart.o(.text.HAL_UART_MspInit)
    HAL_UART_RxCpltCallback                  0x080034b5   Thumb Code     2  stm32f4xx_hal_uart.o(.text.HAL_UART_RxCpltCallback)
    HAL_UART_Transmit_IT                     0x080034b9   Thumb Code    74  stm32f4xx_hal_uart.o(.text.HAL_UART_Transmit_IT)
    HAL_UART_TxCpltCallback                  0x08003505   Thumb Code    30  thread.o(.text.HAL_UART_TxCpltCallback)
    MX_I2C1_Init                             0x08003525   Thumb Code    66  i2cimu.o(.text.MX_I2C1_Init)
    MX_USART1_UART_Init                      0x08003569   Thumb Code    74  usart.o(.text.MX_USART1_UART_Init)
    MemManage_Handler                        0x080035b5   Thumb Code     2  stm32f4xx_it.o(.text.MemManage_Handler)
    NMI_Handler                              0x080035b9   Thumb Code     2  stm32f4xx_it.o(.text.NMI_Handler)
    SysTick_Handler                          0x080035bd   Thumb Code    18  board.o(.text.SysTick_Handler)
    SystemClock_Config                       0x080035d1   Thumb Code   172  main.o(.text.SystemClock_Config)
    SystemCoreClockUpdate                    0x0800367d   Thumb Code   134  system_stm32f4xx.o(.text.SystemCoreClockUpdate)
    SystemInit                               0x08003705   Thumb Code    18  system_stm32f4xx.o(.text.SystemInit)
    TIM8_TRG_COM_TIM14_IRQHandler            0x08003719   Thumb Code    30  stm32f4xx_it.o(.text.TIM8_TRG_COM_TIM14_IRQHandler)
    TIM8_UP_TIM13_IRQHandler                 0x08003739   Thumb Code    12  stm32f4xx_it.o(.text.TIM8_UP_TIM13_IRQHandler)
    TIM_Base_SetConfig                       0x08003745   Thumb Code   308  stm32f4xx_hal_tim.o(.text.TIM_Base_SetConfig)
    USART1_IRQHandler                        0x08003a6d   Thumb Code    12  stm32f4xx_it.o(.text.USART1_IRQHandler)
    UsageFault_Handler                       0x08003a79   Thumb Code     2  stm32f4xx_it.o(.text.UsageFault_Handler)
    __rt_ffs                                 0x08003a7d   Thumb Code    56  kservice.o(.text.__rt_ffs)
    $Super$$main                             0x08003ab5   Thumb Code  1146  main.o(.text.main)
    main_thread_entry                        0x08003f31   Thumb Code    50  components.o(.text.main_thread_entry)
    rt_components_board_init                 0x080044e9   Thumb Code    42  components.o(.text.rt_components_board_init)
    rt_enter_critical                        0x08004515   Thumb Code    28  scheduler.o(.text.rt_enter_critical)
    rt_exit_critical                         0x08004531   Thumb Code   146  scheduler.o(.text.rt_exit_critical)
    rt_free                                  0x080045c5   Thumb Code   212  mem.o(.text.rt_free)
    rt_heap_begin_get                        0x080046e5   Thumb Code    10  board.o(.text.rt_heap_begin_get)
    rt_heap_end_get                          0x080046f1   Thumb Code    14  board.o(.text.rt_heap_end_get)
    rt_hw_board_init                         0x08004701   Thumb Code    98  board.o(.text.rt_hw_board_init)
    rt_hw_console_output                     0x08004765   Thumb Code     2  kservice.o(.text.rt_hw_console_output)
    rt_hw_hard_fault_exception               0x08004769   Thumb Code   260  cpuport.o(.text.rt_hw_hard_fault_exception)
    rt_hw_stack_init                         0x0800490d   Thumb Code    66  cpuport.o(.text.rt_hw_stack_init)
    rt_interrupt_enter                       0x08004951   Thumb Code    28  irq.o(.text.rt_interrupt_enter)
    rt_interrupt_leave                       0x0800496d   Thumb Code    28  irq.o(.text.rt_interrupt_leave)
    rt_kprintf                               0x08004989   Thumb Code    50  kservice.o(.text.rt_kprintf)
    rt_malloc                                0x080049bd   Thumb Code   394  mem.o(.text.rt_malloc)
    rt_memset                                0x08004b49   Thumb Code   272  kservice.o(.text.rt_memset)
    rt_object_allocate                       0x08004c59   Thumb Code   122  object.o(.text.rt_object_allocate)
    rt_object_delete                         0x08004cd5   Thumb Code    42  object.o(.text.rt_object_delete)
    rt_object_detach                         0x08004d01   Thumb Code    34  object.o(.text.rt_object_detach)
    rt_object_init                           0x08004d25   Thumb Code   138  object.o(.text.rt_object_init)
    rt_object_is_systemobject                0x08004db1   Thumb Code     6  object.o(.text.rt_object_is_systemobject)
    rt_schedule                              0x08004db9   Thumb Code   118  scheduler.o(.text.rt_schedule)
    rt_schedule_insert_thread                0x08004e31   Thumb Code    82  scheduler.o(.text.rt_schedule_insert_thread)
    rt_schedule_remove_thread                0x08004e85   Thumb Code    82  scheduler.o(.text.rt_schedule_remove_thread)
    rt_sem_create                            0x08004ed9   Thumb Code    34  ipc.o(.text.rt_sem_create)
    rt_sem_init                              0x08004efd   Thumb Code    32  ipc.o(.text.rt_sem_init)
    rt_sem_release                           0x08004f1d   Thumb Code    58  ipc.o(.text.rt_sem_release)
    rt_sem_take                              0x08004f59   Thumb Code   274  ipc.o(.text.rt_sem_take)
    rt_show_version                          0x0800506d   Thumb Code    48  kservice.o(.text.rt_show_version)
    rt_strncpy                               0x08005125   Thumb Code   150  kservice.o(.text.rt_strncpy)
    rt_system_heap_init                      0x080051bd   Thumb Code   124  mem.o(.text.rt_system_heap_init)
    rt_system_scheduler_init                 0x0800527d   Thumb Code   298  scheduler.o(.text.rt_system_scheduler_init)
    rt_system_scheduler_start                0x080053a9   Thumb Code    48  scheduler.o(.text.rt_system_scheduler_start)
    rt_system_timer_init                     0x080053d9   Thumb Code    16  timer.o(.text.rt_system_timer_init)
    rt_system_timer_thread_init              0x080053e9   Thumb Code     2  timer.o(.text.rt_system_timer_thread_init)
    rt_thread_create                         0x080053ed   Thumb Code   176  thread_1.o(.text.rt_thread_create)
    rt_thread_delay                          0x0800549d   Thumb Code    10  thread_1.o(.text.rt_thread_delay)
    rt_thread_exit                           0x080054a9   Thumb Code   108  thread_1.o(.text.rt_thread_exit)
    rt_thread_idle_init                      0x08005581   Thumb Code    72  idle.o(.text.rt_thread_idle_init)
    rt_thread_init                           0x080055d1   Thumb Code   142  thread_1.o(.text.rt_thread_init)
    rt_thread_resume                         0x08005661   Thumb Code    68  thread_1.o(.text.rt_thread_resume)
    rt_thread_self                           0x080056a5   Thumb Code    12  thread_1.o(.text.rt_thread_self)
    rt_thread_sleep                          0x080056b1   Thumb Code   120  thread_1.o(.text.rt_thread_sleep)
    rt_thread_startup                        0x08005729   Thumb Code    90  thread_1.o(.text.rt_thread_startup)
    rt_thread_suspend                        0x08005785   Thumb Code    66  thread_1.o(.text.rt_thread_suspend)
    rt_thread_timeout                        0x080057c9   Thumb Code    38  thread_1.o(.text.rt_thread_timeout)
    rt_thread_yield                          0x080057f1   Thumb Code   104  thread_1.o(.text.rt_thread_yield)
    rt_tick_get                              0x08005859   Thumb Code    12  clock.o(.text.rt_tick_get)
    rt_tick_increase                         0x08005865   Thumb Code    52  clock.o(.text.rt_tick_increase)
    rt_timer_check                           0x08005899   Thumb Code   126  timer.o(.text.rt_timer_check)
    rt_timer_control                         0x08005919   Thumb Code    48  timer.o(.text.rt_timer_control)
    rt_timer_detach                          0x08005949   Thumb Code    38  timer.o(.text.rt_timer_detach)
    rt_timer_init                            0x08005971   Thumb Code    50  timer.o(.text.rt_timer_init)
    rt_timer_start                           0x080059a5   Thumb Code   214  timer.o(.text.rt_timer_start)
    rt_timer_stop                            0x08005a7d   Thumb Code    54  timer.o(.text.rt_timer_stop)
    rt_vsnprintf                             0x08005ab5   Thumb Code  2072  kservice.o(.text.rt_vsnprintf)
    thread1_entry                            0x080062e5   Thumb Code   100  thread.o(.text.thread1_entry)
    thread2_entry                            0x08006349   Thumb Code   120  thread.o(.text.thread2_entry)
    thread_create                            0x080063e1   Thumb Code   144  thread.o(.text.thread_create)
    _btod_d2e                                0x0800648d   Thumb Code    62  btod.o(CL$$btod_d2e)
    _d2e_denorm_low                          0x080064cb   Thumb Code    70  btod.o(CL$$btod_d2e_denorm_low)
    _d2e_norm_op1                            0x08006511   Thumb Code    96  btod.o(CL$$btod_d2e_norm_op1)
    __btod_div_common                        0x08006571   Thumb Code   696  btod.o(CL$$btod_div_common)
    _e2e                                     0x080068a9   Thumb Code   220  btod.o(CL$$btod_e2e)
    _btod_ediv                               0x08006985   Thumb Code    42  btod.o(CL$$btod_ediv)
    _btod_emul                               0x080069af   Thumb Code    42  btod.o(CL$$btod_emul)
    __btod_mult_common                       0x080069d9   Thumb Code   580  btod.o(CL$$btod_mult_common)
    __ARM_fpclassify                         0x08006c1d   Thumb Code    48  fpclassify.o(i.__ARM_fpclassify)
    _is_digit                                0x08006c4d   Thumb Code    14  __printf_wp.o(i._is_digit)
    _get_lc_numeric                          0x08006c5d   Thumb Code    44  lc_numeric_c.o(locale$$code)
    __aeabi_d2f                              0x08006c89   Thumb Code     0  d2f.o(x$fpl$d2f)
    _d2f                                     0x08006c89   Thumb Code    98  d2f.o(x$fpl$d2f)
    __aeabi_dadd                             0x08006ced   Thumb Code     0  daddsub_clz.o(x$fpl$dadd)
    _dadd                                    0x08006ced   Thumb Code   332  daddsub_clz.o(x$fpl$dadd)
    __aeabi_ddiv                             0x08006e3d   Thumb Code     0  ddiv.o(x$fpl$ddiv)
    _ddiv                                    0x08006e3d   Thumb Code   560  ddiv.o(x$fpl$ddiv)
    __aeabi_dmul                             0x080070f5   Thumb Code     0  dmul.o(x$fpl$dmul)
    _dmul                                    0x080070f5   Thumb Code   332  dmul.o(x$fpl$dmul)
    __fpl_dnaninf                            0x08007249   Thumb Code   156  dnaninf.o(x$fpl$dnaninf)
    __fpl_dretinf                            0x080072e5   Thumb Code    12  dretinf.o(x$fpl$dretinf)
    __aeabi_dsub                             0x080072f1   Thumb Code     0  daddsub_clz.o(x$fpl$dsub)
    _dsub                                    0x080072f1   Thumb Code   472  daddsub_clz.o(x$fpl$dsub)
    __aeabi_f2d                              0x080074cd   Thumb Code     0  f2d.o(x$fpl$f2d)
    _f2d                                     0x080074cd   Thumb Code    86  f2d.o(x$fpl$f2d)
    __fpl_fnaninf                            0x08007523   Thumb Code   140  fnaninf.o(x$fpl$fnaninf)
    _fp_init                                 0x080075af   Thumb Code    26  fpinit.o(x$fpl$fpinit)
    __fplib_config_fpu_vfp                   0x080075c7   Thumb Code     0  fpinit.o(x$fpl$fpinit)
    __fplib_config_pureend_doubles           0x080075c7   Thumb Code     0  fpinit.o(x$fpl$fpinit)
    __fpl_fretinf                            0x080075c9   Thumb Code    10  fretinf.o(x$fpl$fretinf)
    _printf_fp_dec                           0x080075d3   Thumb Code     4  printf1.o(x$fpl$printf1)
    __I$use$fp                               0x080075d6   Number         0  usenofp.o(x$fpl$usenofp)
    AHBPrescTable                            0x0800766c   Data          16  system_stm32f4xx.o(.rodata.AHBPrescTable)
    APBPrescTable                            0x0800767c   Data           8  system_stm32f4xx.o(.rodata.APBPrescTable)
    __lowest_bit_bitmap                      0x08007684   Data         256  kservice.o(.rodata.__lowest_bit_bitmap)
    __rt_init_rti_start                      0x0800781c   Data           4  components.o(.rti_fn.0)
    __rt_init_rti_board_start                0x08007820   Data           4  components.o(.rti_fn.0.end)
    __rt_init_rti_board_end                  0x08007824   Data           4  components.o(.rti_fn.1.end)
    __rt_init_rti_end                        0x08007828   Data           4  components.o(.rti_fn.6.end)
    Region$$Table$$Base                      0x0800782c   Number         0  anon$$obj.o(Region$$Table)
    Region$$Table$$Limit                     0x0800784c   Number         0  anon$$obj.o(Region$$Table)
    GPIO_Id                                  0x20000000   Data          16  pwm.o(.data..L_MergedGlobals)
    GPIO_Group                               0x20000010   Data          16  pwm.o(.data..L_MergedGlobals)
    uwTickFreq                               0x20000020   Data           1  stm32f4xx_hal.o(.data..L_MergedGlobals)
    uwTickPrio                               0x20000024   Data           4  stm32f4xx_hal.o(.data..L_MergedGlobals)
    SystemCoreClock                          0x20000028   Data           4  system_stm32f4xx.o(.data.SystemCoreClock)
    htimCounterList                          0x2000002c   Data          16  main.o(.data.htimCounterList)
    htim_list                                0x2000003c   Data          16  pwm.o(.data.htim_list)
    __libspace_start                         0x20000090   Data          96  libspace.o(.bss)
    __temporary_stack_top$libspace           0x200000f0   Data           0  libspace.o(.bss)
    last_state0                              0x200000f0   Data           1  main.o(.bss..L_MergedGlobals)
    last_state1                              0x200000f1   Data           1  main.o(.bss..L_MergedGlobals)
    last_state2                              0x200000f2   Data           1  main.o(.bss..L_MergedGlobals)
    Bi                                       0x200000f8   Data           8  main.o(.bss..L_MergedGlobals)
    encoder_count                            0x20000100   Data          12  main.o(.bss..L_MergedGlobals)
    counterValue                             0x2000010c   Data          16  main.o(.bss..L_MergedGlobals)
    counterFloat                             0x2000011c   Data          16  main.o(.bss..L_MergedGlobals)
    counterFloatValue                        0x2000012c   Data          16  main.o(.bss..L_MergedGlobals)
    yaw                                      0x20000140   Data           4  thread.o(.bss..L_MergedGlobals)
    mid                                      0x20000144   Data           4  thread.o(.bss..L_MergedGlobals)
    x                                        0x20000150   Data           8  thread.o(.bss..L_MergedGlobals)
    y                                        0x20000158   Data           8  thread.o(.bss..L_MergedGlobals)
    v                                        0x20000160   Data           8  thread.o(.bss..L_MergedGlobals)
    pi                                       0x20000168   Data           8  thread.o(.bss..L_MergedGlobals)
    rt_current_priority                      0x200001a8   Data           1  scheduler.o(.bss..L_MergedGlobals)
    rt_current_thread                        0x200001ac   Data           4  scheduler.o(.bss..L_MergedGlobals)
    rt_thread_ready_priority_group           0x200001b0   Data           4  scheduler.o(.bss..L_MergedGlobals)
    rt_thread_defunct                        0x200001b4   Data           8  scheduler.o(.bss..L_MergedGlobals)
    direct                                   0x200001c8   Data          16  pwm.o(.bss.direct)
    hi2c1                                    0x200001d8   Data          84  i2cimu.o(.bss.hi2c1)
    htim1                                    0x2000022c   Data          72  pwm.o(.bss.htim1)
    htim10                                   0x20000274   Data          72  pwm.o(.bss.htim10)
    htim11                                   0x200002bc   Data          72  pwm.o(.bss.htim11)
    htim14                                   0x20000304   Data          72  stm32f4xx_hal_timebase_tim.o(.bss.htim14)
    htim2                                    0x2000034c   Data          72  pwm.o(.bss.htim2)
    htim3                                    0x20000394   Data          72  pwm.o(.bss.htim3)
    htim4                                    0x200003dc   Data          72  pwm.o(.bss.htim4)
    htim8                                    0x20000424   Data          72  pwm.o(.bss.htim8)
    htim9                                    0x2000046c   Data          72  pwm.o(.bss.htim9)
    huart1                                   0x200004b4   Data          68  usart.o(.bss.huart1)
    pwmVal                                   0x20000570   Data          16  pwm.o(.bss.pwmVal)
    rt_interrupt_from_thread                 0x20001584   Data           4  cpuport.o(.bss.rt_interrupt_from_thread)
    rt_interrupt_nest                        0x20001588   Data           1  irq.o(.bss.rt_interrupt_nest)
    rt_interrupt_to_thread                   0x2000158c   Data           4  cpuport.o(.bss.rt_interrupt_to_thread)
    rt_thread_priority_table                 0x20001610   Data         256  scheduler.o(.bss.rt_thread_priority_table)
    rt_thread_switch_interrupt_flag          0x20001810   Data           4  cpuport.o(.bss.rt_thread_switch_interrupt_flag)
    uwTick                                   0x20001c90   Data           4  stm32f4xx_hal.o(.bss.uwTick)



==============================================================================

Memory Map of the image

  Image Entry point : 0x08000189

  Load Region LR_IROM1 (Base: 0x08000000, Size: 0x000078f8, Max: 0x00100000, ABSOLUTE)

    Execution Region ER_IROM1 (Exec base: 0x08000000, Load base: 0x08000000, Size: 0x00007868, Max: 0x00100000, ABSOLUTE)

    Exec Addr    Load Addr    Size         Type   Attr      Idx    E Section Name        Object

    0x08000000   0x08000000   0x00000188   Data   RO            3    RESET               startup_stm32f407xx.o
    0x08000188   0x08000188   0x00000008   Code   RO         1594  * !!!main             c_w.l(__main.o)
    0x08000190   0x08000190   0x0000005c   Code   RO         1952    !!!scatter          c_w.l(__scatter.o)
    0x080001ec   0x080001ec   0x0000001a   Code   RO         1956    !!handler_copy      c_w.l(__scatter_copy.o)
    0x08000206   0x08000206   0x00000002   PAD
    0x08000208   0x08000208   0x00000002   Code   RO         1953    !!handler_null      c_w.l(__scatter.o)
    0x0800020a   0x0800020a   0x00000002   PAD
    0x0800020c   0x0800020c   0x0000001c   Code   RO         1958    !!handler_zi        c_w.l(__scatter_zi.o)
    0x08000228   0x08000228   0x00000000   Code   RO         1585    .ARM.Collect$$_printf_percent$$00000000  c_w.l(_printf_percent.o)
    0x08000228   0x08000228   0x00000006   Code   RO         1584    .ARM.Collect$$_printf_percent$$00000003  c_w.l(_printf_f.o)
    0x0800022e   0x0800022e   0x00000004   Code   RO         1661    .ARM.Collect$$_printf_percent$$00000017  c_w.l(_printf_percent_end.o)
    0x08000232   0x08000232   0x00000002   Code   RO         1815    .ARM.Collect$$libinit$$00000000  c_w.l(libinit.o)
    0x08000234   0x08000234   0x00000004   Code   RO         1816    .ARM.Collect$$libinit$$00000001  c_w.l(libinit2.o)
    0x08000238   0x08000238   0x00000000   Code   RO         1819    .ARM.Collect$$libinit$$00000004  c_w.l(libinit2.o)
    0x08000238   0x08000238   0x00000000   Code   RO         1821    .ARM.Collect$$libinit$$00000006  c_w.l(libinit2.o)
    0x08000238   0x08000238   0x00000000   Code   RO         1824    .ARM.Collect$$libinit$$0000000C  c_w.l(libinit2.o)
    0x08000238   0x08000238   0x00000000   Code   RO         1826    .ARM.Collect$$libinit$$0000000E  c_w.l(libinit2.o)
    0x08000238   0x08000238   0x00000000   Code   RO         1828    .ARM.Collect$$libinit$$00000010  c_w.l(libinit2.o)
    0x08000238   0x08000238   0x00000006   Code   RO         1829    .ARM.Collect$$libinit$$00000011  c_w.l(libinit2.o)
    0x0800023e   0x0800023e   0x00000000   Code   RO         1831    .ARM.Collect$$libinit$$00000013  c_w.l(libinit2.o)
    0x0800023e   0x0800023e   0x00000000   Code   RO         1833    .ARM.Collect$$libinit$$00000015  c_w.l(libinit2.o)
    0x0800023e   0x0800023e   0x00000000   Code   RO         1835    .ARM.Collect$$libinit$$00000017  c_w.l(libinit2.o)
    0x0800023e   0x0800023e   0x0000000a   Code   RO         1836    .ARM.Collect$$libinit$$00000018  c_w.l(libinit2.o)
    0x08000248   0x08000248   0x00000000   Code   RO         1837    .ARM.Collect$$libinit$$00000019  c_w.l(libinit2.o)
    0x08000248   0x08000248   0x00000000   Code   RO         1839    .ARM.Collect$$libinit$$0000001B  c_w.l(libinit2.o)
    0x08000248   0x08000248   0x00000000   Code   RO         1841    .ARM.Collect$$libinit$$0000001D  c_w.l(libinit2.o)
    0x08000248   0x08000248   0x00000000   Code   RO         1843    .ARM.Collect$$libinit$$0000001F  c_w.l(libinit2.o)
    0x08000248   0x08000248   0x00000000   Code   RO         1845    .ARM.Collect$$libinit$$00000021  c_w.l(libinit2.o)
    0x08000248   0x08000248   0x00000000   Code   RO         1847    .ARM.Collect$$libinit$$00000023  c_w.l(libinit2.o)
    0x08000248   0x08000248   0x00000000   Code   RO         1849    .ARM.Collect$$libinit$$00000025  c_w.l(libinit2.o)
    0x08000248   0x08000248   0x00000000   Code   RO         1851    .ARM.Collect$$libinit$$00000027  c_w.l(libinit2.o)
    0x08000248   0x08000248   0x00000000   Code   RO         1855    .ARM.Collect$$libinit$$0000002E  c_w.l(libinit2.o)
    0x08000248   0x08000248   0x00000000   Code   RO         1857    .ARM.Collect$$libinit$$00000030  c_w.l(libinit2.o)
    0x08000248   0x08000248   0x00000000   Code   RO         1859    .ARM.Collect$$libinit$$00000032  c_w.l(libinit2.o)
    0x08000248   0x08000248   0x00000000   Code   RO         1861    .ARM.Collect$$libinit$$00000034  c_w.l(libinit2.o)
    0x08000248   0x08000248   0x00000002   Code   RO         1862    .ARM.Collect$$libinit$$00000035  c_w.l(libinit2.o)
    0x0800024a   0x0800024a   0x00000002   Code   RO         1917    .ARM.Collect$$libshutdown$$00000000  c_w.l(libshutdown.o)
    0x0800024c   0x0800024c   0x00000000   Code   RO         1935    .ARM.Collect$$libshutdown$$00000002  c_w.l(libshutdown2.o)
    0x0800024c   0x0800024c   0x00000000   Code   RO         1937    .ARM.Collect$$libshutdown$$00000004  c_w.l(libshutdown2.o)
    0x0800024c   0x0800024c   0x00000000   Code   RO         1940    .ARM.Collect$$libshutdown$$00000007  c_w.l(libshutdown2.o)
    0x0800024c   0x0800024c   0x00000000   Code   RO         1943    .ARM.Collect$$libshutdown$$0000000A  c_w.l(libshutdown2.o)
    0x0800024c   0x0800024c   0x00000000   Code   RO         1945    .ARM.Collect$$libshutdown$$0000000C  c_w.l(libshutdown2.o)
    0x0800024c   0x0800024c   0x00000000   Code   RO         1948    .ARM.Collect$$libshutdown$$0000000F  c_w.l(libshutdown2.o)
    0x0800024c   0x0800024c   0x00000002   Code   RO         1949    .ARM.Collect$$libshutdown$$00000010  c_w.l(libshutdown2.o)
    0x0800024e   0x0800024e   0x00000000   Code   RO         1646    .ARM.Collect$$rtentry$$00000000  c_w.l(__rtentry.o)
    0x0800024e   0x0800024e   0x00000000   Code   RO         1721    .ARM.Collect$$rtentry$$00000002  c_w.l(__rtentry2.o)
    0x0800024e   0x0800024e   0x00000006   Code   RO         1733    .ARM.Collect$$rtentry$$00000004  c_w.l(__rtentry4.o)
    0x08000254   0x08000254   0x00000000   Code   RO         1723    .ARM.Collect$$rtentry$$00000009  c_w.l(__rtentry2.o)
    0x08000254   0x08000254   0x00000004   Code   RO         1724    .ARM.Collect$$rtentry$$0000000A  c_w.l(__rtentry2.o)
    0x08000258   0x08000258   0x00000000   Code   RO         1726    .ARM.Collect$$rtentry$$0000000C  c_w.l(__rtentry2.o)
    0x08000258   0x08000258   0x00000008   Code   RO         1727    .ARM.Collect$$rtentry$$0000000D  c_w.l(__rtentry2.o)
    0x08000260   0x08000260   0x00000002   Code   RO         1863    .ARM.Collect$$rtexit$$00000000  c_w.l(rtexit.o)
    0x08000262   0x08000262   0x00000000   Code   RO         1882    .ARM.Collect$$rtexit$$00000002  c_w.l(rtexit2.o)
    0x08000262   0x08000262   0x00000004   Code   RO         1883    .ARM.Collect$$rtexit$$00000003  c_w.l(rtexit2.o)
    0x08000266   0x08000266   0x00000006   Code   RO         1884    .ARM.Collect$$rtexit$$00000004  c_w.l(rtexit2.o)
    0x0800026c   0x0800026c   0x00000040   Code   RO            4    .text               startup_stm32f407xx.o
    0x080002ac   0x080002ac   0x00000134   Code   RO         1178    .text               context_rvds.o
    0x080003e0   0x080003e0   0x000000f0   Code   RO         1556    .text               c_w.l(lludivv7m.o)
    0x080004d0   0x080004d0   0x00000040   Code   RO         1558    .text               c_w.l(__2snprintf.o)
    0x08000510   0x08000510   0x0000010e   Code   RO         1572    .text               c_w.l(__printf_wp.o)
    0x0800061e   0x0800061e   0x00000010   Code   RO         1586    .text               c_w.l(aeabi_memset.o)
    0x0800062e   0x0800062e   0x00000044   Code   RO         1588    .text               c_w.l(rt_memclr.o)
    0x08000672   0x08000672   0x0000004e   Code   RO         1590    .text               c_w.l(rt_memclr_w.o)
    0x080006c0   0x080006c0   0x00000006   Code   RO         1592    .text               c_w.l(heapauxi.o)
    0x080006c6   0x080006c6   0x0000041c   Code   RO         1653    .text               c_w.l(_printf_fp_dec.o)
    0x08000ae2   0x08000ae2   0x00000002   PAD
    0x08000ae4   0x08000ae4   0x00000030   Code   RO         1657    .text               c_w.l(_printf_char_common.o)
    0x08000b14   0x08000b14   0x00000010   Code   RO         1659    .text               c_w.l(_snputc.o)
    0x08000b24   0x08000b24   0x00000008   Code   RO         1740    .text               c_w.l(rt_locale_intlibspace.o)
    0x08000b2c   0x08000b2c   0x0000008a   Code   RO         1747    .text               c_w.l(lludiv10.o)
    0x08000bb6   0x08000bb6   0x00000002   PAD
    0x08000bb8   0x08000bb8   0x00000080   Code   RO         1749    .text               c_w.l(_printf_fp_infnan.o)
    0x08000c38   0x08000c38   0x000000e4   Code   RO         1753    .text               c_w.l(bigflt0.o)
    0x08000d1c   0x08000d1c   0x00000008   Code   RO         1795    .text               c_w.l(libspace.o)
    0x08000d24   0x08000d24   0x0000004a   Code   RO         1798    .text               c_w.l(sys_stackheap_outer.o)
    0x08000d6e   0x08000d6e   0x00000012   Code   RO         1802    .text               c_w.l(exit.o)
    0x08000d80   0x08000d80   0x0000007c   Code   RO         1808    .text               c_w.l(strcmpv7em.o)
    0x08000dfc   0x08000dfc   0x0000000c   Code   RO         1877    .text               c_w.l(sys_exit.o)
    0x08000e08   0x08000e08   0x00000002   Code   RO         1904    .text               c_w.l(use_no_semi.o)
    0x08000e0a   0x08000e0a   0x00000000   Code   RO         1906    .text               c_w.l(indicate_semi.o)
    0x08000e0a   0x08000e0a   0x00000002   PAD
    0x08000e0c   0x08000e0c   0x00000054   Code   RO         1230    .text.$Sub$$main    components.o
    0x08000e60   0x08000e60   0x00000002   Code   RO           47    .text.BusFault_Handler  stm32f4xx_it.o
    0x08000e62   0x08000e62   0x00000002   PAD
    0x08000e64   0x08000e64   0x000000a6   Code   RO          123    .text.ControlDir    pwm.o
    0x08000f0a   0x08000f0a   0x00000002   PAD
    0x08000f0c   0x08000f0c   0x00000026   Code   RO          125    .text.ControlDirALL  pwm.o
    0x08000f32   0x08000f32   0x00000002   PAD
    0x08000f34   0x08000f34   0x0000002c   Code   RO          121    .text.ControlPwm    pwm.o
    0x08000f60   0x08000f60   0x00000002   Code   RO           51    .text.DebugMon_Handler  stm32f4xx_it.o
    0x08000f62   0x08000f62   0x00000002   PAD
    0x08000f64   0x08000f64   0x000000ca   Code   RO           27    .text.EXTI15_10_IRQHandler  main.o
    0x0800102e   0x0800102e   0x00000002   PAD
    0x08001030   0x08001030   0x000000b8   Code   RO           21    .text.EXTI2_IRQHandler  main.o
    0x080010e8   0x080010e8   0x000000b8   Code   RO           23    .text.EXTI4_IRQHandler  main.o
    0x080011a0   0x080011a0   0x000000c4   Code   RO           25    .text.EXTI9_5_IRQHandler  main.o
    0x08001264   0x08001264   0x0000000a   Code   RO           17    .text.Error_Handler  main.o
    0x0800126e   0x0800126e   0x00000002   PAD
    0x08001270   0x08001270   0x0000008e   Code   RO          367    .text.HAL_DMA_Abort  stm32f4xx_hal_dma.o
    0x080012fe   0x080012fe   0x00000002   PAD
    0x08001300   0x08001300   0x00000024   Code   RO          369    .text.HAL_DMA_Abort_IT  stm32f4xx_hal_dma.o
    0x08001324   0x08001324   0x0000019a   Code   RO          321    .text.HAL_GPIO_Init  stm32f4xx_hal_gpio.o
    0x080014be   0x080014be   0x00000002   PAD
    0x080014c0   0x080014c0   0x0000000a   Code   RO          325    .text.HAL_GPIO_ReadPin  stm32f4xx_hal_gpio.o
    0x080014ca   0x080014ca   0x00000002   PAD
    0x080014cc   0x080014cc   0x0000000a   Code   RO          327    .text.HAL_GPIO_WritePin  stm32f4xx_hal_gpio.o
    0x080014d6   0x080014d6   0x00000002   PAD
    0x080014d8   0x080014d8   0x0000000c   Code   RO          512    .text.HAL_GetTick   stm32f4xx_hal.o
    0x080014e4   0x080014e4   0x00000164   Code   RO         1029    .text.HAL_I2C_Init  stm32f4xx_hal_i2c.o
    0x08001648   0x08001648   0x00000074   Code   RO           66    .text.HAL_I2C_MspInit  stm32f4xx_hal_msp.o
    0x080016bc   0x080016bc   0x0000001a   Code   RO          510    .text.HAL_IncTick   stm32f4xx_hal.o
    0x080016d6   0x080016d6   0x00000002   PAD
    0x080016d8   0x080016d8   0x00000036   Code   RO          500    .text.HAL_Init      stm32f4xx_hal.o
    0x0800170e   0x0800170e   0x00000002   PAD
    0x08001710   0x08001710   0x00000090   Code   RO           92    .text.HAL_InitTick  stm32f4xx_hal_timebase_tim.o
    0x080017a0   0x080017a0   0x00000038   Code   RO           64    .text.HAL_MspInit   stm32f4xx_hal_msp.o
    0x080017d8   0x080017d8   0x00000022   Code   RO          458    .text.HAL_NVIC_EnableIRQ  stm32f4xx_hal_cortex.o
    0x080017fa   0x080017fa   0x00000002   PAD
    0x080017fc   0x080017fc   0x00000056   Code   RO          456    .text.HAL_NVIC_SetPriority  stm32f4xx_hal_cortex.o
    0x08001852   0x08001852   0x00000002   PAD
    0x08001854   0x08001854   0x00000020   Code   RO          454    .text.HAL_NVIC_SetPriorityGrouping  stm32f4xx_hal_cortex.o
    0x08001874   0x08001874   0x00000164   Code   RO          215    .text.HAL_RCC_ClockConfig  stm32f4xx_hal_rcc.o
    0x080019d8   0x080019d8   0x0000003e   Code   RO          233    .text.HAL_RCC_GetClockConfig  stm32f4xx_hal_rcc.o
    0x08001a16   0x08001a16   0x00000002   PAD
    0x08001a18   0x08001a18   0x00000026   Code   RO          227    .text.HAL_RCC_GetPCLK1Freq  stm32f4xx_hal_rcc.o
    0x08001a3e   0x08001a3e   0x00000002   PAD
    0x08001a40   0x08001a40   0x00000026   Code   RO          229    .text.HAL_RCC_GetPCLK2Freq  stm32f4xx_hal_rcc.o
    0x08001a66   0x08001a66   0x00000002   PAD
    0x08001a68   0x08001a68   0x0000006a   Code   RO          217    .text.HAL_RCC_GetSysClockFreq  stm32f4xx_hal_rcc.o
    0x08001ad2   0x08001ad2   0x00000002   PAD
    0x08001ad4   0x08001ad4   0x000003ac   Code   RO          213    .text.HAL_RCC_OscConfig  stm32f4xx_hal_rcc.o
    0x08001e80   0x08001e80   0x00000002   Code   RO          895    .text.HAL_TIMEx_BreakCallback  stm32f4xx_hal_tim_ex.o
    0x08001e82   0x08001e82   0x00000002   PAD
    0x08001e84   0x08001e84   0x00000002   Code   RO          891    .text.HAL_TIMEx_CommutCallback  stm32f4xx_hal_tim_ex.o
    0x08001e86   0x08001e86   0x00000002   PAD
    0x08001e88   0x08001e88   0x0000004c   Code   RO          887    .text.HAL_TIMEx_ConfigBreakDeadTime  stm32f4xx_hal_tim_ex.o
    0x08001ed4   0x08001ed4   0x000000ba   Code   RO          885    .text.HAL_TIMEx_MasterConfigSynchronization  stm32f4xx_hal_tim_ex.o
    0x08001f8e   0x08001f8e   0x00000002   PAD
    0x08001f90   0x08001f90   0x0000005a   Code   RO          590    .text.HAL_TIM_Base_Init  stm32f4xx_hal_tim.o
    0x08001fea   0x08001fea   0x00000002   PAD
    0x08001fec   0x08001fec   0x000000b6   Code   RO           72    .text.HAL_TIM_Base_MspInit  stm32f4xx_hal_msp.o
    0x080020a2   0x080020a2   0x00000002   PAD
    0x080020a4   0x080020a4   0x000000aa   Code   RO          604    .text.HAL_TIM_Base_Start_IT  stm32f4xx_hal_tim.o
    0x0800214e   0x0800214e   0x00000002   PAD
    0x08002150   0x08002150   0x000001a0   Code   RO          770    .text.HAL_TIM_ConfigClockSource  stm32f4xx_hal_tim.o
    0x080022f0   0x080022f0   0x000000b2   Code   RO          704    .text.HAL_TIM_Encoder_Init  stm32f4xx_hal_tim.o
    0x080023a2   0x080023a2   0x00000002   PAD
    0x080023a4   0x080023a4   0x00000170   Code   RO           70    .text.HAL_TIM_Encoder_MspInit  stm32f4xx_hal_msp.o
    0x08002514   0x08002514   0x000000bc   Code   RO          712    .text.HAL_TIM_Encoder_Start  stm32f4xx_hal_tim.o
    0x080025d0   0x080025d0   0x00000002   Code   RO          726    .text.HAL_TIM_IC_CaptureCallback  stm32f4xx_hal_tim.o
    0x080025d2   0x080025d2   0x00000002   PAD
    0x080025d4   0x080025d4   0x00000170   Code   RO          724    .text.HAL_TIM_IRQHandler  stm32f4xx_hal_tim.o
    0x08002744   0x08002744   0x0000011e   Code   RO           76    .text.HAL_TIM_MspPostInit  stm32f4xx_hal_msp.o
    0x08002862   0x08002862   0x00000002   PAD
    0x08002864   0x08002864   0x00000002   Code   RO          728    .text.HAL_TIM_OC_DelayElapsedCallback  stm32f4xx_hal_tim.o
    0x08002866   0x08002866   0x00000002   PAD
    0x08002868   0x08002868   0x00000220   Code   RO          744    .text.HAL_TIM_PWM_ConfigChannel  stm32f4xx_hal_tim.o
    0x08002a88   0x08002a88   0x0000005a   Code   RO          644    .text.HAL_TIM_PWM_Init  stm32f4xx_hal_tim.o
    0x08002ae2   0x08002ae2   0x00000002   PAD
    0x08002ae4   0x08002ae4   0x00000034   Code   RO           74    .text.HAL_TIM_PWM_MspInit  stm32f4xx_hal_msp.o
    0x08002b18   0x08002b18   0x00000002   Code   RO          730    .text.HAL_TIM_PWM_PulseFinishedCallback  stm32f4xx_hal_tim.o
    0x08002b1a   0x08002b1a   0x00000002   PAD
    0x08002b1c   0x08002b1c   0x0000010e   Code   RO          652    .text.HAL_TIM_PWM_Start  stm32f4xx_hal_tim.o
    0x08002c2a   0x08002c2a   0x00000006   PAD
    0x08002c30   0x08002c30   0x00000228   Code   RO           15    .text.HAL_TIM_PeriodElapsedCallback  main.o
    0x08002e58   0x08002e58   0x00000002   Code   RO          734    .text.HAL_TIM_TriggerCallback  stm32f4xx_hal_tim.o
    0x08002e5a   0x08002e5a   0x00000002   PAD
    0x08002e5c   0x08002e5c   0x00000002   Code   RO          993    .text.HAL_UARTEx_RxEventCallback  stm32f4xx_hal_uart.o
    0x08002e5e   0x08002e5e   0x00000002   PAD
    0x08002e60   0x08002e60   0x00000002   Code   RO          991    .text.HAL_UART_ErrorCallback  stm32f4xx_hal_uart.o
    0x08002e62   0x08002e62   0x00000002   PAD
    0x08002e64   0x08002e64   0x00000568   Code   RO          985    .text.HAL_UART_IRQHandler  stm32f4xx_hal_uart.o
    0x080033cc   0x080033cc   0x0000005e   Code   RO          909    .text.HAL_UART_Init  stm32f4xx_hal_uart.o
    0x0800342a   0x0800342a   0x00000002   PAD
    0x0800342c   0x0800342c   0x00000086   Code   RO          183    .text.HAL_UART_MspInit  usart.o
    0x080034b2   0x080034b2   0x00000002   PAD
    0x080034b4   0x080034b4   0x00000002   Code   RO          999    .text.HAL_UART_RxCpltCallback  stm32f4xx_hal_uart.o
    0x080034b6   0x080034b6   0x00000002   PAD
    0x080034b8   0x080034b8   0x0000004a   Code   RO          929    .text.HAL_UART_Transmit_IT  stm32f4xx_hal_uart.o
    0x08003502   0x08003502   0x00000002   PAD
    0x08003504   0x08003504   0x0000001e   Code   RO          161    .text.HAL_UART_TxCpltCallback  thread.o
    0x08003522   0x08003522   0x00000002   PAD
    0x08003524   0x08003524   0x00000042   Code   RO          200    .text.MX_I2C1_Init  i2cimu.o
    0x08003566   0x08003566   0x00000002   PAD
    0x08003568   0x08003568   0x0000004a   Code   RO          181    .text.MX_USART1_UART_Init  usart.o
    0x080035b2   0x080035b2   0x00000002   PAD
    0x080035b4   0x080035b4   0x00000002   Code   RO           45    .text.MemManage_Handler  stm32f4xx_it.o
    0x080035b6   0x080035b6   0x00000002   PAD
    0x080035b8   0x080035b8   0x00000002   Code   RO           41    .text.NMI_Handler   stm32f4xx_it.o
    0x080035ba   0x080035ba   0x00000002   PAD
    0x080035bc   0x080035bc   0x00000012   Code   RO         1189    .text.SysTick_Handler  board.o
    0x080035ce   0x080035ce   0x00000002   PAD
    0x080035d0   0x080035d0   0x000000ac   Code   RO           13    .text.SystemClock_Config  main.o
    0x0800367c   0x0800367c   0x00000086   Code   RO         1166    .text.SystemCoreClockUpdate  system_stm32f4xx.o
    0x08003702   0x08003702   0x00000002   PAD
    0x08003704   0x08003704   0x00000012   Code   RO         1164    .text.SystemInit    system_stm32f4xx.o
    0x08003716   0x08003716   0x00000002   PAD
    0x08003718   0x08003718   0x0000001e   Code   RO           55    .text.TIM8_TRG_COM_TIM14_IRQHandler  stm32f4xx_it.o
    0x08003736   0x08003736   0x00000002   PAD
    0x08003738   0x08003738   0x0000000c   Code   RO           53    .text.TIM8_UP_TIM13_IRQHandler  stm32f4xx_it.o
    0x08003744   0x08003744   0x00000134   Code   RO          594    .text.TIM_Base_SetConfig  stm32f4xx_hal_tim.o
    0x08003878   0x08003878   0x0000000c   Code   RO          989    .text.UART_DMAAbortOnError  stm32f4xx_hal_uart.o
    0x08003884   0x08003884   0x000000fe   Code   RO          987    .text.UART_Receive_IT  stm32f4xx_hal_uart.o
    0x08003982   0x08003982   0x00000002   PAD
    0x08003984   0x08003984   0x000000e6   Code   RO          913    .text.UART_SetConfig  stm32f4xx_hal_uart.o
    0x08003a6a   0x08003a6a   0x00000002   PAD
    0x08003a6c   0x08003a6c   0x0000000c   Code   RO           43    .text.USART1_IRQHandler  stm32f4xx_it.o
    0x08003a78   0x08003a78   0x00000002   Code   RO           49    .text.UsageFault_Handler  stm32f4xx_it.o
    0x08003a7a   0x08003a7a   0x00000002   PAD
    0x08003a7c   0x08003a7c   0x00000038   Code   RO         1374    .text.__rt_ffs      kservice.o
    0x08003ab4   0x08003ab4   0x0000047a   Code   RO           11    .text.main          main.o
    0x08003f2e   0x08003f2e   0x00000002   PAD
    0x08003f30   0x08003f30   0x00000032   Code   RO         1234    .text.main_thread_entry  components.o
    0x08003f62   0x08003f62   0x00000002   PAD
    0x08003f64   0x08003f64   0x00000584   Code   RO         1358    .text.print_number  kservice.o
    0x080044e8   0x080044e8   0x0000002a   Code   RO         1226    .text.rt_components_board_init  components.o
    0x08004512   0x08004512   0x00000002   PAD
    0x08004514   0x08004514   0x0000001c   Code   RO         1445    .text.rt_enter_critical  scheduler.o
    0x08004530   0x08004530   0x00000092   Code   RO         1447    .text.rt_exit_critical  scheduler.o
    0x080045c2   0x080045c2   0x00000002   PAD
    0x080045c4   0x080045c4   0x00000120   Code   RO         1393    .text.rt_free       mem.o
    0x080046e4   0x080046e4   0x0000000a   Code   RO         1183    .text.rt_heap_begin_get  board.o
    0x080046ee   0x080046ee   0x00000002   PAD
    0x080046f0   0x080046f0   0x0000000e   Code   RO         1185    .text.rt_heap_end_get  board.o
    0x080046fe   0x080046fe   0x00000002   PAD
    0x08004700   0x08004700   0x00000062   Code   RO         1187    .text.rt_hw_board_init  board.o
    0x08004762   0x08004762   0x00000002   PAD
    0x08004764   0x08004764   0x00000002   Code   RO         1366    .text.rt_hw_console_output  kservice.o
    0x08004766   0x08004766   0x00000002   PAD
    0x08004768   0x08004768   0x000001a4   Code   RO         1536    .text.rt_hw_hard_fault_exception  cpuport.o
    0x0800490c   0x0800490c   0x00000042   Code   RO         1532    .text.rt_hw_stack_init  cpuport.o
    0x0800494e   0x0800494e   0x00000002   PAD
    0x08004950   0x08004950   0x0000001c   Code   RO         1307    .text.rt_interrupt_enter  irq.o
    0x0800496c   0x0800496c   0x0000001c   Code   RO         1309    .text.rt_interrupt_leave  irq.o
    0x08004988   0x08004988   0x00000032   Code   RO         1354    .text.rt_kprintf    kservice.o
    0x080049ba   0x080049ba   0x00000002   PAD
    0x080049bc   0x080049bc   0x0000018a   Code   RO         1389    .text.rt_malloc     mem.o
    0x08004b46   0x08004b46   0x00000002   PAD
    0x08004b48   0x08004b48   0x00000110   Code   RO         1328    .text.rt_memset     kservice.o
    0x08004c58   0x08004c58   0x0000007a   Code   RO         1416    .text.rt_object_allocate  object.o
    0x08004cd2   0x08004cd2   0x00000002   PAD
    0x08004cd4   0x08004cd4   0x0000002a   Code   RO         1418    .text.rt_object_delete  object.o
    0x08004cfe   0x08004cfe   0x00000002   PAD
    0x08004d00   0x08004d00   0x00000022   Code   RO         1414    .text.rt_object_detach  object.o
    0x08004d22   0x08004d22   0x00000002   PAD
    0x08004d24   0x08004d24   0x0000008a   Code   RO         1412    .text.rt_object_init  object.o
    0x08004dae   0x08004dae   0x00000002   PAD
    0x08004db0   0x08004db0   0x00000006   Code   RO         1420    .text.rt_object_is_systemobject  object.o
    0x08004db6   0x08004db6   0x00000002   PAD
    0x08004db8   0x08004db8   0x00000076   Code   RO         1439    .text.rt_schedule   scheduler.o
    0x08004e2e   0x08004e2e   0x00000002   PAD
    0x08004e30   0x08004e30   0x00000052   Code   RO         1441    .text.rt_schedule_insert_thread  scheduler.o
    0x08004e82   0x08004e82   0x00000002   PAD
    0x08004e84   0x08004e84   0x00000052   Code   RO         1443    .text.rt_schedule_remove_thread  scheduler.o
    0x08004ed6   0x08004ed6   0x00000002   PAD
    0x08004ed8   0x08004ed8   0x00000022   Code   RO         1273    .text.rt_sem_create  ipc.o
    0x08004efa   0x08004efa   0x00000002   PAD
    0x08004efc   0x08004efc   0x00000020   Code   RO         1269    .text.rt_sem_init   ipc.o
    0x08004f1c   0x08004f1c   0x0000003a   Code   RO         1281    .text.rt_sem_release  ipc.o
    0x08004f56   0x08004f56   0x00000002   PAD
    0x08004f58   0x08004f58   0x00000112   Code   RO         1277    .text.rt_sem_take   ipc.o
    0x0800506a   0x0800506a   0x00000002   PAD
    0x0800506c   0x0800506c   0x000000b8   Code   RO         1352    .text.rt_show_version  kservice.o
    0x08005124   0x08005124   0x00000096   Code   RO         1342    .text.rt_strncpy    kservice.o
    0x080051ba   0x080051ba   0x00000002   PAD
    0x080051bc   0x080051bc   0x000000c0   Code   RO         1387    .text.rt_system_heap_init  mem.o
    0x0800527c   0x0800527c   0x0000012a   Code   RO         1435    .text.rt_system_scheduler_init  scheduler.o
    0x080053a6   0x080053a6   0x00000002   PAD
    0x080053a8   0x080053a8   0x00000030   Code   RO         1437    .text.rt_system_scheduler_start  scheduler.o
    0x080053d8   0x080053d8   0x00000010   Code   RO         1519    .text.rt_system_timer_init  timer.o
    0x080053e8   0x080053e8   0x00000002   Code   RO         1521    .text.rt_system_timer_thread_init  timer.o
    0x080053ea   0x080053ea   0x00000002   PAD
    0x080053ec   0x080053ec   0x000000b0   Code   RO         1473    .text.rt_thread_create  thread_1.o
    0x0800549c   0x0800549c   0x0000000a   Code   RO         1483    .text.rt_thread_delay  thread_1.o
    0x080054a6   0x080054a6   0x00000002   PAD
    0x080054a8   0x080054a8   0x0000006c   Code   RO         1461    .text.rt_thread_exit  thread_1.o
    0x08005514   0x08005514   0x0000006c   Code   RO         1255    .text.rt_thread_idle_entry  idle.o
    0x08005580   0x08005580   0x00000050   Code   RO         1253    .text.rt_thread_idle_init  idle.o
    0x080055d0   0x080055d0   0x0000008e   Code   RO         1463    .text.rt_thread_init  thread_1.o
    0x0800565e   0x0800565e   0x00000002   PAD
    0x08005660   0x08005660   0x00000044   Code   RO         1469    .text.rt_thread_resume  thread_1.o
    0x080056a4   0x080056a4   0x0000000c   Code   RO         1465    .text.rt_thread_self  thread_1.o
    0x080056b0   0x080056b0   0x00000078   Code   RO         1479    .text.rt_thread_sleep  thread_1.o
    0x08005728   0x08005728   0x0000005a   Code   RO         1467    .text.rt_thread_startup  thread_1.o
    0x08005782   0x08005782   0x00000002   PAD
    0x08005784   0x08005784   0x00000042   Code   RO         1481    .text.rt_thread_suspend  thread_1.o
    0x080057c6   0x080057c6   0x00000002   PAD
    0x080057c8   0x080057c8   0x00000026   Code   RO         1489    .text.rt_thread_timeout  thread_1.o
    0x080057ee   0x080057ee   0x00000002   PAD
    0x080057f0   0x080057f0   0x00000068   Code   RO         1477    .text.rt_thread_yield  thread_1.o
    0x08005858   0x08005858   0x0000000c   Code   RO         1201    .text.rt_tick_get   clock.o
    0x08005864   0x08005864   0x00000034   Code   RO         1205    .text.rt_tick_increase  clock.o
    0x08005898   0x08005898   0x0000007e   Code   RO         1515    .text.rt_timer_check  timer.o
    0x08005916   0x08005916   0x00000002   PAD
    0x08005918   0x08005918   0x00000030   Code   RO         1513    .text.rt_timer_control  timer.o
    0x08005948   0x08005948   0x00000026   Code   RO         1503    .text.rt_timer_detach  timer.o
    0x0800596e   0x0800596e   0x00000002   PAD
    0x08005970   0x08005970   0x00000032   Code   RO         1501    .text.rt_timer_init  timer.o
    0x080059a2   0x080059a2   0x00000002   PAD
    0x080059a4   0x080059a4   0x000000d6   Code   RO         1509    .text.rt_timer_start  timer.o
    0x08005a7a   0x08005a7a   0x00000002   PAD
    0x08005a7c   0x08005a7c   0x00000036   Code   RO         1511    .text.rt_timer_stop  timer.o
    0x08005ab2   0x08005ab2   0x00000002   PAD
    0x08005ab4   0x08005ab4   0x00000820   Code   RO         1356    .text.rt_vsnprintf  kservice.o
    0x080062d4   0x080062d4   0x00000004   Code   RO         1222    .text.rti_board_end  components.o
    0x080062d8   0x080062d8   0x00000004   Code   RO         1220    .text.rti_board_start  components.o
    0x080062dc   0x080062dc   0x00000004   Code   RO         1224    .text.rti_end       components.o
    0x080062e0   0x080062e0   0x00000004   Code   RO         1218    .text.rti_start     components.o
    0x080062e4   0x080062e4   0x00000064   Code   RO          155    .text.thread1_entry  thread.o
    0x08006348   0x08006348   0x00000098   Code   RO          157    .text.thread2_entry  thread.o
    0x080063e0   0x080063e0   0x000000ac   Code   RO          159    .text.thread_create  thread.o
    0x0800648c   0x0800648c   0x0000003e   Code   RO         1756    CL$$btod_d2e        c_w.l(btod.o)
    0x080064ca   0x080064ca   0x00000046   Code   RO         1758    CL$$btod_d2e_denorm_low  c_w.l(btod.o)
    0x08006510   0x08006510   0x00000060   Code   RO         1757    CL$$btod_d2e_norm_op1  c_w.l(btod.o)
    0x08006570   0x08006570   0x00000338   Code   RO         1766    CL$$btod_div_common  c_w.l(btod.o)
    0x080068a8   0x080068a8   0x000000dc   Code   RO         1763    CL$$btod_e2e        c_w.l(btod.o)
    0x08006984   0x08006984   0x0000002a   Code   RO         1760    CL$$btod_ediv       c_w.l(btod.o)
    0x080069ae   0x080069ae   0x0000002a   Code   RO         1759    CL$$btod_emul       c_w.l(btod.o)
    0x080069d8   0x080069d8   0x00000244   Code   RO         1765    CL$$btod_mult_common  c_w.l(btod.o)
    0x08006c1c   0x08006c1c   0x00000030   Code   RO         1791    i.__ARM_fpclassify  m_wm.l(fpclassify.o)
    0x08006c4c   0x08006c4c   0x0000000e   Code   RO         1574    i._is_digit         c_w.l(__printf_wp.o)
    0x08006c5a   0x08006c5a   0x00000002   PAD
    0x08006c5c   0x08006c5c   0x0000002c   Code   RO         1781    locale$$code        c_w.l(lc_numeric_c.o)
    0x08006c88   0x08006c88   0x00000062   Code   RO         1596    x$fpl$d2f           fz_wm.l(d2f.o)
    0x08006cea   0x08006cea   0x00000002   PAD
    0x08006cec   0x08006cec   0x00000150   Code   RO         1598    x$fpl$dadd          fz_wm.l(daddsub_clz.o)
    0x08006e3c   0x08006e3c   0x000002b8   Code   RO         1607    x$fpl$ddiv          fz_wm.l(ddiv.o)
    0x080070f4   0x080070f4   0x00000154   Code   RO         1616    x$fpl$dmul          fz_wm.l(dmul.o)
    0x08007248   0x08007248   0x0000009c   Code   RO         1670    x$fpl$dnaninf       fz_wm.l(dnaninf.o)
    0x080072e4   0x080072e4   0x0000000c   Code   RO         1672    x$fpl$dretinf       fz_wm.l(dretinf.o)
    0x080072f0   0x080072f0   0x000001dc   Code   RO         1600    x$fpl$dsub          fz_wm.l(daddsub_clz.o)
    0x080074cc   0x080074cc   0x00000056   Code   RO         1618    x$fpl$f2d           fz_wm.l(f2d.o)
    0x08007522   0x08007522   0x0000008c   Code   RO         1676    x$fpl$fnaninf       fz_wm.l(fnaninf.o)
    0x080075ae   0x080075ae   0x0000001a   Code   RO         1875    x$fpl$fpinit        fz_wm.l(fpinit.o)
    0x080075c8   0x080075c8   0x0000000a   Code   RO         1678    x$fpl$fretinf       fz_wm.l(fretinf.o)
    0x080075d2   0x080075d2   0x00000004   Code   RO         1620    x$fpl$printf1       fz_wm.l(printf1.o)
    0x080075d6   0x080075d6   0x00000000   Code   RO         1680    x$fpl$usenofp       fz_wm.l(usenofp.o)
    0x080075d6   0x080075d6   0x00000002   PAD
    0x080075d8   0x080075d8   0x00000094   Data   RO         1754    .constdata          c_w.l(bigflt0.o)
    0x0800766c   0x0800766c   0x00000010   Data   RO         1169    .rodata.AHBPrescTable  system_stm32f4xx.o
    0x0800767c   0x0800767c   0x00000008   Data   RO         1170    .rodata.APBPrescTable  system_stm32f4xx.o
    0x08007684   0x08007684   0x00000100   Data   RO         1378    .rodata.__lowest_bit_bitmap  kservice.o
    0x08007784   0x08007784   0x00000005   Data   RO         1242    .rodata.str1.1      components.o
    0x08007789   0x08007789   0x00000093   Data   RO         1543    .rodata.str1.1      cpuport.o
    0x0800781c   0x0800781c   0x00000004   Data   RO         1238    .rti_fn.0           components.o
    0x08007820   0x08007820   0x00000004   Data   RO         1239    .rti_fn.0.end       components.o
    0x08007824   0x08007824   0x00000004   Data   RO         1240    .rti_fn.1.end       components.o
    0x08007828   0x08007828   0x00000004   Data   RO         1241    .rti_fn.6.end       components.o
    0x0800782c   0x0800782c   0x00000020   Data   RO         1951    Region$$Table       anon$$obj.o
    0x0800784c   0x0800784c   0x0000001c   Data   RO         1780    locale$$data        c_w.l(lc_numeric_c.o)


    Execution Region RW_IRAM2 (Exec base: 0x10000000, Load base: 0x080078f8, Size: 0x00000000, Max: 0x00010000, ABSOLUTE)

    **** No section assigned to this execution region ****


    Execution Region RW_IRAM1 (Exec base: 0x20000000, Load base: 0x08007868, Size: 0x00002298, Max: 0x00020000, ABSOLUTE)

    Exec Addr    Load Addr    Size         Type   Attr      Idx    E Section Name        Object

    0x20000000   0x08007868   0x00000020   Data   RW          140    .data..L_MergedGlobals  pwm.o
    0x20000020   0x08007888   0x00000008   Data   RW          555    .data..L_MergedGlobals  stm32f4xx_hal.o
    0x20000028   0x08007890   0x00000004   Data   RW         1168    .data.SystemCoreClock  system_stm32f4xx.o
    0x2000002c   0x08007894   0x00000010   Data   RW           29    .data.htimCounterList  main.o
    0x2000003c   0x080078a4   0x00000010   Data   RW          134    .data.htim_list     pwm.o
    0x2000004c   0x080078b4   0x00000040   Data   RW         1426    .data.rt_object_container  object.o
    0x2000008c   0x080078f4   0x00000004   PAD
    0x20000090        -       0x00000060   Zero   RW         1796    .bss                c_w.l(libspace.o)
    0x200000f0        -       0x0000004c   Zero   RW           32    .bss..L_MergedGlobals  main.o
    0x2000013c   0x080078f4   0x00000004   PAD
    0x20000140        -       0x00000030   Zero   RW          170    .bss..L_MergedGlobals  thread.o
    0x20000170        -       0x00000038   Zero   RW         1399    .bss..L_MergedGlobals  mem.o
    0x200001a8        -       0x00000014   Zero   RW         1452    .bss..L_MergedGlobals  scheduler.o
    0x200001bc        -       0x0000000c   Zero   RW         1523    .bss..L_MergedGlobals  timer.o
    0x200001c8        -       0x00000010   Zero   RW          135    .bss.direct         pwm.o
    0x200001d8        -       0x00000054   Zero   RW          202    .bss.hi2c1          i2cimu.o
    0x2000022c        -       0x00000048   Zero   RW          136    .bss.htim1          pwm.o
    0x20000274        -       0x00000048   Zero   RW          132    .bss.htim10         pwm.o
    0x200002bc        -       0x00000048   Zero   RW          133    .bss.htim11         pwm.o
    0x20000304        -       0x00000048   Zero   RW           98    .bss.htim14         stm32f4xx_hal_timebase_tim.o
    0x2000034c        -       0x00000048   Zero   RW          137    .bss.htim2          pwm.o
    0x20000394        -       0x00000048   Zero   RW          138    .bss.htim3          pwm.o
    0x200003dc        -       0x00000048   Zero   RW          139    .bss.htim4          pwm.o
    0x20000424        -       0x00000048   Zero   RW          130    .bss.htim8          pwm.o
    0x2000046c        -       0x00000048   Zero   RW          131    .bss.htim9          pwm.o
    0x200004b4        -       0x00000044   Zero   RW          187    .bss.huart1         usart.o
    0x200004f8        -       0x00000078   Zero   RW         1259    .bss.idle           idle.o
    0x20000570        -       0x00000010   Zero   RW          129    .bss.pwmVal         pwm.o
    0x20000580        -       0x00000004   Zero   RW         1542    .bss.rt_exception_hook  cpuport.o
    0x20000584        -       0x00001000   Zero   RW         1191    .bss.rt_heap        board.o
    0x20001584        -       0x00000004   Zero   RW         1544    .bss.rt_interrupt_from_thread  cpuport.o
    0x20001588        -       0x00000001   Zero   RW         1313    .bss.rt_interrupt_nest  irq.o
    0x20001589   0x080078f4   0x00000003   PAD
    0x2000158c        -       0x00000004   Zero   RW         1545    .bss.rt_interrupt_to_thread  cpuport.o
    0x20001590        -       0x00000080   Zero   RW         1377    .bss.rt_kprintf.rt_log_buf  kservice.o
    0x20001610        -       0x00000100   Zero   RW         1451    .bss.rt_thread_priority_table  scheduler.o
    0x20001710        -       0x00000100   Zero   RW         1260    .bss.rt_thread_stack  idle.o
    0x20001810        -       0x00000004   Zero   RW         1546    .bss.rt_thread_switch_interrupt_flag  cpuport.o
    0x20001814        -       0x00000004   Zero   RW         1209    .bss.rt_tick        clock.o
    0x20001818        -       0x00000078   Zero   RW          165    .bss.thread2        thread.o
    0x20001890        -       0x00000400   Zero   RW          166    .bss.thread2_stack  thread.o
    0x20001c90        -       0x00000004   Zero   RW          554    .bss.uwTick         stm32f4xx_hal.o
    0x20001c94   0x080078f4   0x00000004   PAD
    0x20001c98        -       0x00000200   Zero   RW            2    HEAP                startup_stm32f407xx.o
    0x20001e98        -       0x00000400   Zero   RW            1    STACK               startup_stm32f407xx.o


==============================================================================

Image component sizes


      Code (inc. data)   RO Data    RW Data    ZI Data      Debug   Object Name

       140          0          0          0       4096       1488   board.o
        64          0          0          0          4       2662   clock.o
       192          0         21          0          0       3701   components.o
       308         26          0          0          0        892   context_rvds.o
       486        160        147          0         16       3302   cpuport.o
        66          0          0          0         84       4111   i2cimu.o
       188          8          0          0        376       3541   idle.o
       398          0          0          0          0      10787   ipc.o
        56          0          0          0          1       1130   irq.o
      4206        434        256          0        128      27993   kservice.o
      2646         40          0         16         76      14761   main.o
       874        144          0          0         56       5569   mem.o
       342          0          0         64          0       5831   object.o
       248          0          0         48        608       7417   pwm.o
       802          0          0          0        276       6184   scheduler.o
        64         26        392          0       1536        828   startup_stm32f407xx.o
        92          0          0          8          4       7284   stm32f4xx_hal.o
       152          0          0          0          0      10412   stm32f4xx_hal_cortex.o
       178          0          0          0          0      10635   stm32f4xx_hal_dma.o
       430          0          0          0          0       5332   stm32f4xx_hal_gpio.o
       356          0          0          0          0      55249   stm32f4xx_hal_i2c.o
      1060          0          0          0          0      11514   stm32f4xx_hal_msp.o
      1540          0          0          0          0       7365   stm32f4xx_hal_rcc.o
      2630          6          0          0          0      57226   stm32f4xx_hal_tim.o
       266          0          0          0          0      21470   stm32f4xx_hal_tim_ex.o
       144          0          0          0         72       7064   stm32f4xx_hal_timebase_tim.o
      2054          0          0          0          0      31842   stm32f4xx_hal_uart.o
        64          0          0          0          0       5388   stm32f4xx_it.o
       152          0         24          4          0       2629   system_stm32f4xx.o
       454         60          0          0       1192       7880   thread.o
       934          0          0          0          0       9956   thread_1.o
       548          4          0          0         12       7332   timer.o
       208          0          0          0         68       7770   usart.o

    ----------------------------------------------------------------------
     22516        908        872        140       8620     366545   Object Totals
         0          0         32          0          0          0   (incl. Generated)
       174          0          0          0         15          0   (incl. Padding)

    ----------------------------------------------------------------------

      Code (inc. data)   RO Data    RW Data    ZI Data      Debug   Library Member Name

        64          6          0          0          0         84   __2snprintf.o
         8          0          0          0          0         68   __main.o
       284          0          0          0          0        156   __printf_wp.o
         0          0          0          0          0          0   __rtentry.o
        12          0          0          0          0          0   __rtentry2.o
         6          0          0          0          0          0   __rtentry4.o
        94          8          0          0          0          0   __scatter.o
        26          0          0          0          0          0   __scatter_copy.o
        28          0          0          0          0          0   __scatter_zi.o
        48          6          0          0          0         96   _printf_char_common.o
         6          0          0          0          0          0   _printf_f.o
      1052          0          0          0          0        148   _printf_fp_dec.o
       128         16          0          0          0         84   _printf_fp_infnan.o
         0          0          0          0          0          0   _printf_percent.o
         4          0          0          0          0          0   _printf_percent_end.o
        16          0          0          0          0         68   _snputc.o
        16          0          0          0          0         68   aeabi_memset.o
       228          4        148          0          0         96   bigflt0.o
      1936        128          0          0          0        668   btod.o
        18          0          0          0          0         80   exit.o
         6          0          0          0          0        152   heapauxi.o
         0          0          0          0          0          0   indicate_semi.o
        44         10         28          0          0         76   lc_numeric_c.o
         2          0          0          0          0          0   libinit.o
        22          0          0          0          0          0   libinit2.o
         2          0          0          0          0          0   libshutdown.o
         2          0          0          0          0          0   libshutdown2.o
         8          4          0          0         96         68   libspace.o
       138          0          0          0          0         80   lludiv10.o
       240          0          0          0          0        100   lludivv7m.o
         8          4          0          0          0         68   rt_locale_intlibspace.o
        68          0          0          0          0         68   rt_memclr.o
        78          0          0          0          0         80   rt_memclr_w.o
         2          0          0          0          0          0   rtexit.o
        10          0          0          0          0          0   rtexit2.o
       124          0          0          0          0         88   strcmpv7em.o
        12          4          0          0          0         68   sys_exit.o
        74          0          0          0          0         80   sys_stackheap_outer.o
         2          0          0          0          0         68   use_no_semi.o
        98          4          0          0          0        140   d2f.o
       812         16          0          0          0        392   daddsub_clz.o
       696        140          0          0          0        264   ddiv.o
       340         12          0          0          0        152   dmul.o
       156          4          0          0          0        140   dnaninf.o
        12          0          0          0          0        116   dretinf.o
        86          4          0          0          0        132   f2d.o
       140          4          0          0          0        132   fnaninf.o
        26          0          0          0          0        116   fpinit.o
        10          0          0          0          0        116   fretinf.o
         4          0          0          0          0        116   printf1.o
         0          0          0          0          0          0   usenofp.o
        48          0          0          0          0        124   fpclassify.o

    ----------------------------------------------------------------------
      7260        374        176          0         96       4552   Library Totals
        16          0          0          0          0          0   (incl. Padding)

    ----------------------------------------------------------------------

      Code (inc. data)   RO Data    RW Data    ZI Data      Debug   Library Name

      4816        190        176          0         96       2612   c_w.l
      2380        184          0          0          0       1816   fz_wm.l
        48          0          0          0          0        124   m_wm.l

    ----------------------------------------------------------------------
      7260        374        176          0         96       4552   Library Totals

    ----------------------------------------------------------------------

==============================================================================


      Code (inc. data)   RO Data    RW Data    ZI Data      Debug   

     29776       1282       1048        140       8716     367961   Grand Totals
     29776       1282       1048        140       8716     367961   ELF Image Totals
     29776       1282       1048        140          0          0   ROM Totals

==============================================================================

    Total RO  Size (Code + RO Data)                30824 (  30.10kB)
    Total RW  Size (RW Data + ZI Data)              8856 (   8.65kB)
    Total ROM Size (Code + RO Data + RW Data)      30964 (  30.24kB)

==============================================================================

