Component: Arm Compiler for Embedded 6.22 Tool: armlink [5ee90200]

==============================================================================

Section Cross References

    startup_stm32f407xx.o(STACK) refers (Special) to heapauxi.o(.text) for __use_two_region_memory
    startup_stm32f407xx.o(HEAP) refers (Special) to heapauxi.o(.text) for __use_two_region_memory
    startup_stm32f407xx.o(RESET) refers (Special) to heapauxi.o(.text) for __use_two_region_memory
    startup_stm32f407xx.o(RESET) refers to startup_stm32f407xx.o(STACK) for __initial_sp
    startup_stm32f407xx.o(RESET) refers to startup_stm32f407xx.o(.text) for Reset_Handler
    startup_stm32f407xx.o(RESET) refers to stm32f4xx_it.o(.text.NMI_Handler) for NMI_Handler
    startup_stm32f407xx.o(RESET) refers to context_rvds.o(.text) for HardFault_Handler
    startup_stm32f407xx.o(RESET) refers to stm32f4xx_it.o(.text.MemManage_Handler) for MemManage_Handler
    startup_stm32f407xx.o(RESET) refers to stm32f4xx_it.o(.text.BusFault_Handler) for BusFault_Handler
    startup_stm32f407xx.o(RESET) refers to stm32f4xx_it.o(.text.UsageFault_Handler) for UsageFault_Handler
    startup_stm32f407xx.o(RESET) refers to stm32f4xx_it.o(.text.DebugMon_Handler) for DebugMon_Handler
    startup_stm32f407xx.o(RESET) refers to board.o(.text.SysTick_Handler) for SysTick_Handler
    startup_stm32f407xx.o(RESET) refers to main.o(.text.EXTI4_IRQHandler) for EXTI4_IRQHandler
    startup_stm32f407xx.o(RESET) refers to main.o(.text.EXTI9_5_IRQHandler) for EXTI9_5_IRQHandler
    startup_stm32f407xx.o(RESET) refers to main.o(.text.TIM1_UP_TIM10_IRQHandler) for TIM1_UP_TIM10_IRQHandler
    startup_stm32f407xx.o(RESET) refers to stm32f4xx_it.o(.text.USART1_IRQHandler) for USART1_IRQHandler
    startup_stm32f407xx.o(RESET) refers to main.o(.text.EXTI15_10_IRQHandler) for EXTI15_10_IRQHandler
    startup_stm32f407xx.o(RESET) refers to stm32f4xx_it.o(.text.TIM8_UP_TIM13_IRQHandler) for TIM8_UP_TIM13_IRQHandler
    startup_stm32f407xx.o(RESET) refers to stm32f4xx_it.o(.text.TIM8_TRG_COM_TIM14_IRQHandler) for TIM8_TRG_COM_TIM14_IRQHandler
    startup_stm32f407xx.o(.text) refers (Special) to heapauxi.o(.text) for __use_two_region_memory
    startup_stm32f407xx.o(.text) refers to system_stm32f4xx.o(.text.SystemInit) for SystemInit
    startup_stm32f407xx.o(.text) refers to __main.o(!!!main) for __main
    startup_stm32f407xx.o(.text) refers to startup_stm32f407xx.o(HEAP) for Heap_Mem
    startup_stm32f407xx.o(.text) refers to startup_stm32f407xx.o(STACK) for Stack_Mem
    main.o(.text.main) refers to main.o(.bss.Bi) for Bi
    main.o(.text.main) refers to stm32f4xx_hal.o(.text.HAL_Init) for HAL_Init
    main.o(.text.main) refers to main.o(.text.SystemClock_Config) for SystemClock_Config
    main.o(.text.main) refers to stm32f4xx_hal_gpio.o(.text.HAL_GPIO_WritePin) for HAL_GPIO_WritePin
    main.o(.text.main) refers to stm32f4xx_hal_gpio.o(.text.HAL_GPIO_Init) for HAL_GPIO_Init
    main.o(.text.main) refers to stm32f4xx_hal_cortex.o(.text.HAL_NVIC_SetPriority) for HAL_NVIC_SetPriority
    main.o(.text.main) refers to stm32f4xx_hal_cortex.o(.text.HAL_NVIC_EnableIRQ) for HAL_NVIC_EnableIRQ
    main.o(.text.main) refers to pwm.o(.bss.htim1) for htim1
    main.o(.text.main) refers to stm32f4xx_hal_tim.o(.text.HAL_TIM_Base_Init) for HAL_TIM_Base_Init
    main.o(.text.main) refers to stm32f4xx_hal_tim.o(.text.HAL_TIM_ConfigClockSource) for HAL_TIM_ConfigClockSource
    main.o(.text.main) refers to stm32f4xx_hal_tim_ex.o(.text.HAL_TIMEx_MasterConfigSynchronization) for HAL_TIMEx_MasterConfigSynchronization
    main.o(.text.main) refers to pwm.o(.bss.htim2) for htim2
    main.o(.text.main) refers to pwm.o(.bss.htim8) for htim8
    main.o(.text.main) refers to stm32f4xx_hal_tim.o(.text.HAL_TIM_PWM_Init) for HAL_TIM_PWM_Init
    main.o(.text.main) refers to stm32f4xx_hal_tim.o(.text.HAL_TIM_PWM_ConfigChannel) for HAL_TIM_PWM_ConfigChannel
    main.o(.text.main) refers to stm32f4xx_hal_tim_ex.o(.text.HAL_TIMEx_ConfigBreakDeadTime) for HAL_TIMEx_ConfigBreakDeadTime
    main.o(.text.main) refers to stm32f4xx_hal_msp.o(.text.HAL_TIM_MspPostInit) for HAL_TIM_MspPostInit
    main.o(.text.main) refers to pwm.o(.bss.htim9) for htim9
    main.o(.text.main) refers to pwm.o(.bss.htim10) for htim10
    main.o(.text.main) refers to pwm.o(.bss.htim11) for htim11
    main.o(.text.main) refers to usart.o(.text.MX_USART1_UART_Init) for MX_USART1_UART_Init
    main.o(.text.main) refers to i2cimu.o(.text.MX_I2C1_Init) for MX_I2C1_Init
    main.o(.text.main) refers to i2cimu.o(.text.MX_I2C2_Init) for MX_I2C2_Init
    main.o(.text.main) refers to stm32f4xx_hal_tim.o(.text.HAL_TIM_Base_Start_IT) for HAL_TIM_Base_Start_IT
    main.o(.text.main) refers to stm32f4xx_hal_tim.o(.text.HAL_TIM_Base_Start) for HAL_TIM_Base_Start
    main.o(.text.main) refers to pwm.o(.bss.htim4) for htim4
[...]
    _printf_return_value                     0x00000000   Number         0  printf_stubs.o ABSOLUTE
    _printf_sizespec                         0x00000000   Number         0  printf_stubs.o ABSOLUTE
    _printf_widthprec                        0x00000000   Number         0  printf_stubs.o ABSOLUTE
    __ARM_exceptions_init                     - Undefined Weak Reference
    __alloca_initialize                       - Undefined Weak Reference
    __arm_preinit_                            - Undefined Weak Reference
    __arm_relocate_pie_                       - Undefined Weak Reference
    __cpp_initialize__aeabi_                  - Undefined Weak Reference
    __cxa_finalize                            - Undefined Weak Reference
    __rt_locale                               - Undefined Weak Reference
    __sigvec_lookup                           - Undefined Weak Reference
    _atexit_init                              - Undefined Weak Reference
    _call_atexit_fns                          - Undefined Weak Reference
    _clock_init                               - Undefined Weak Reference
    _fp_trap_init                             - Undefined Weak Reference
    _fp_trap_shutdown                         - Undefined Weak Reference
    _get_lc_collate                           - Undefined Weak Reference
    _get_lc_ctype                             - Undefined Weak Reference
    _get_lc_monetary                          - Undefined Weak Reference
    _get_lc_numeric                           - Undefined Weak Reference
    _get_lc_time                              - Undefined Weak Reference
    _getenv_init                              - Undefined Weak Reference
    _handle_redirection                       - Undefined Weak Reference
    _init_alloc                               - Undefined Weak Reference
    _init_user_alloc                          - Undefined Weak Reference
    _initio                                   - Undefined Weak Reference
    _printf_post_padding                      - Undefined Weak Reference
    _printf_pre_padding                       - Undefined Weak Reference
    _printf_truncate_signed                   - Undefined Weak Reference
    _printf_truncate_unsigned                 - Undefined Weak Reference
    _rand_init                                - Undefined Weak Reference
    _signal_finish                            - Undefined Weak Reference
    _signal_init                              - Undefined Weak Reference
    _terminate_alloc                          - Undefined Weak Reference
    _terminate_user_alloc                     - Undefined Weak Reference
    _terminateio                              - Undefined Weak Reference
    __Vectors_Size                           0x00000188   Number         0  startup_stm32f407xx.o ABSOLUTE
    __Vectors                                0x08000000   Data           4  startup_stm32f407xx.o(RESET)
    __Vectors_End                            0x08000188   Data           0  startup_stm32f407xx.o(RESET)
    __main                                   0x08000189   Thumb Code     8  __main.o(!!!main)
    __scatterload                            0x08000191   Thumb Code     0  __scatter.o(!!!scatter)
    __scatterload_rt2                        0x08000191   Thumb Code    84  __scatter.o(!!!scatter)
    __scatterload_rt2_thumb_only             0x08000191   Thumb Code     0  __scatter.o(!!!scatter)
    __scatterload_loop                       0x0800019b   Thumb Code     0  __scatter.o(!!!scatter)
    __scatterload_copy                       0x080001ed   Thumb Code    26  __scatter_copy.o(!!handler_copy)
    __scatterload_null                       0x08000209   Thumb Code     2  __scatter.o(!!handler_null)
    __scatterload_zeroinit                   0x0800020d   Thumb Code    28  __scatter_zi.o(!!handler_zi)
    _printf_d                                0x08000229   Thumb Code     0  _printf_d.o(.ARM.Collect$$_printf_percent$$00000009)
    _printf_percent                          0x08000229   Thumb Code     0  _printf_percent.o(.ARM.Collect$$_printf_percent$$00000000)
    _printf_percent_end                      0x0800022f   Thumb Code     0  _printf_percent_end.o(.ARM.Collect$$_printf_percent$$00000017)
    __rt_lib_init                            0x08000233   Thumb Code     0  libinit.o(.ARM.Collect$$libinit$$00000000)
    __rt_lib_init_fp_1                       0x08000235   Thumb Code     0  libinit2.o(.ARM.Collect$$libinit$$00000001)
    __rt_lib_init_alloca_1                   0x08000239   Thumb Code     0  libinit2.o(.ARM.Collect$$libinit$$00000030)
    __rt_lib_init_argv_1                     0x08000239   Thumb Code     0  libinit2.o(.ARM.Collect$$libinit$$0000002E)
    __rt_lib_init_atexit_1                   0x08000239   Thumb Code     0  libinit2.o(.ARM.Collect$$libinit$$0000001D)
    __rt_lib_init_clock_1                    0x08000239   Thumb Code     0  libinit2.o(.ARM.Collect$$libinit$$00000023)
    __rt_lib_init_cpp_1                      0x08000239   Thumb Code     0  libinit2.o(.ARM.Collect$$libinit$$00000034)
    __rt_lib_init_exceptions_1               0x08000239   Thumb Code     0  libinit2.o(.ARM.Collect$$libinit$$00000032)
    __rt_lib_init_fp_trap_1                  0x08000239   Thumb Code     0  libinit2.o(.ARM.Collect$$libinit$$00000021)
    __rt_lib_init_getenv_1                   0x08000239   Thumb Code     0  libinit2.o(.ARM.Collect$$libinit$$00000025)
    __rt_lib_init_heap_1                     0x08000239   Thumb Code     0  libinit2.o(.ARM.Collect$$libinit$$0000000C)
    __rt_lib_init_lc_collate_1               0x08000239   Thumb Code     0  libinit2.o(.ARM.Collect$$libinit$$00000013)
    __rt_lib_init_lc_ctype_1                 0x08000239   Thumb Code     0  libinit2.o(.ARM.Collect$$libinit$$00000015)
    __rt_lib_init_lc_monetary_1              0x08000239   Thumb Code     0  libinit2.o(.ARM.Collect$$libinit$$00000017)
    __rt_lib_init_lc_numeric_1               0x08000239   Thumb Code     0  libinit2.o(.ARM.Collect$$libinit$$00000019)
    __rt_lib_init_lc_time_1                  0x08000239   Thumb Code     0  libinit2.o(.ARM.Collect$$libinit$$0000001B)
    __rt_lib_init_preinit_1                  0x08000239   Thumb Code     0  libinit2.o(.ARM.Collect$$libinit$$00000006)
    __rt_lib_init_rand_1                     0x08000239   Thumb Code     0  libinit2.o(.ARM.Collect$$libinit$$00000010)
    __rt_lib_init_relocate_pie_1             0x08000239   Thumb Code     0  libinit2.o(.ARM.Collect$$libinit$$00000004)
    __rt_lib_init_return                     0x08000239   Thumb Code     0  libinit2.o(.ARM.Collect$$libinit$$00000035)
    __rt_lib_init_signal_1                   0x08000239   Thumb Code     0  libinit2.o(.ARM.Collect$$libinit$$0000001F)
    __rt_lib_init_stdio_1                    0x08000239   Thumb Code     0  libinit2.o(.ARM.Collect$$libinit$$00000027)
    __rt_lib_init_user_alloc_1               0x08000239   Thumb Code     0  libinit2.o(.ARM.Collect$$libinit$$0000000E)
    __rt_lib_shutdown                        0x0800023b   Thumb Code     0  libshutdown.o(.ARM.Collect$$libshutdown$$00000000)
    __rt_lib_shutdown_cpp_1                  0x0800023d   Thumb Code     0  libshutdown2.o(.ARM.Collect$$libshutdown$$00000002)
    __rt_lib_shutdown_fp_trap_1              0x0800023d   Thumb Code     0  libshutdown2.o(.ARM.Collect$$libshutdown$$00000007)
    __rt_lib_shutdown_heap_1                 0x0800023d   Thumb Code     0  libshutdown2.o(.ARM.Collect$$libshutdown$$0000000F)
    __rt_lib_shutdown_return                 0x0800023d   Thumb Code     0  libshutdown2.o(.ARM.Collect$$libshutdown$$00000010)
    __rt_lib_shutdown_signal_1               0x0800023d   Thumb Code     0  libshutdown2.o(.ARM.Collect$$libshutdown$$0000000A)
    __rt_lib_shutdown_stdio_1                0x0800023d   Thumb Code     0  libshutdown2.o(.ARM.Collect$$libshutdown$$00000004)
    __rt_lib_shutdown_user_alloc_1           0x0800023d   Thumb Code     0  libshutdown2.o(.ARM.Collect$$libshutdown$$0000000C)
    __rt_entry                               0x0800023f   Thumb Code     0  __rtentry.o(.ARM.Collect$$rtentry$$00000000)
    __rt_entry_presh_1                       0x0800023f   Thumb Code     0  __rtentry2.o(.ARM.Collect$$rtentry$$00000002)
    __rt_entry_sh                            0x0800023f   Thumb Code     0  __rtentry4.o(.ARM.Collect$$rtentry$$00000004)
    __rt_entry_li                            0x08000245   Thumb Code     0  __rtentry2.o(.ARM.Collect$$rtentry$$0000000A)
    __rt_entry_postsh_1                      0x08000245   Thumb Code     0  __rtentry2.o(.ARM.Collect$$rtentry$$00000009)
    __rt_entry_main                          0x08000249   Thumb Code     0  __rtentry2.o(.ARM.Collect$$rtentry$$0000000D)
    __rt_entry_postli_1                      0x08000249   Thumb Code     0  __rtentry2.o(.ARM.Collect$$rtentry$$0000000C)
    __rt_exit                                0x08000251   Thumb Code     0  rtexit.o(.ARM.Collect$$rtexit$$00000000)
    __rt_exit_ls                             0x08000253   Thumb Code     0  rtexit2.o(.ARM.Collect$$rtexit$$00000003)
    __rt_exit_prels_1                        0x08000253   Thumb Code     0  rtexit2.o(.ARM.Collect$$rtexit$$00000002)
    __rt_exit_exit                           0x08000257   Thumb Code     0  rtexit2.o(.ARM.Collect$$rtexit$$00000004)
    Reset_Handler                            0x0800025d   Thumb Code     8  startup_stm32f407xx.o(.text)
    SVC_Handler                              0x0800026f   Thumb Code     2  startup_stm32f407xx.o(.text)
    ADC_IRQHandler                           0x08000277   Thumb Code     0  startup_stm32f407xx.o(.text)
    CAN1_RX0_IRQHandler                      0x08000277   Thumb Code     0  startup_stm32f407xx.o(.text)
    CAN1_RX1_IRQHandler                      0x08000277   Thumb Code     0  startup_stm32f407xx.o(.text)
    CAN1_SCE_IRQHandler                      0x08000277   Thumb Code     0  startup_stm32f407xx.o(.text)
    CAN1_TX_IRQHandler                       0x08000277   Thumb Code     0  startup_stm32f407xx.o(.text)
    CAN2_RX0_IRQHandler                      0x08000277   Thumb Code     0  startup_stm32f407xx.o(.text)
    CAN2_RX1_IRQHandler                      0x08000277   Thumb Code     0  startup_stm32f407xx.o(.text)
    CAN2_SCE_IRQHandler                      0x08000277   Thumb Code     0  startup_stm32f407xx.o(.text)
    CAN2_TX_IRQHandler                       0x08000277   Thumb Code     0  startup_stm32f407xx.o(.text)
    DCMI_IRQHandler                          0x08000277   Thumb Code     0  startup_stm32f407xx.o(.text)
    DMA1_Stream0_IRQHandler                  0x08000277   Thumb Code     0  startup_stm32f407xx.o(.text)
    DMA1_Stream1_IRQHandler                  0x08000277   Thumb Code     0  startup_stm32f407xx.o(.text)
    DMA1_Stream2_IRQHandler                  0x08000277   Thumb Code     0  startup_stm32f407xx.o(.text)
    DMA1_Stream3_IRQHandler                  0x08000277   Thumb Code     0  startup_stm32f407xx.o(.text)
    DMA1_Stream4_IRQHandler                  0x08000277   Thumb Code     0  startup_stm32f407xx.o(.text)
    DMA1_Stream5_IRQHandler                  0x08000277   Thumb Code     0  startup_stm32f407xx.o(.text)
    DMA1_Stream6_IRQHandler                  0x08000277   Thumb Code     0  startup_stm32f407xx.o(.text)
    DMA1_Stream7_IRQHandler                  0x08000277   Thumb Code     0  startup_stm32f407xx.o(.text)
    DMA2_Stream0_IRQHandler                  0x08000277   Thumb Code     0  startup_stm32f407xx.o(.text)
    DMA2_Stream1_IRQHandler                  0x08000277   Thumb Code     0  startup_stm32f407xx.o(.text)
    DMA2_Stream2_IRQHandler                  0x08000277   Thumb Code     0  startup_stm32f407xx.o(.text)
    DMA2_Stream3_IRQHandler                  0x08000277   Thumb Code     0  startup_stm32f407xx.o(.text)
    DMA2_Stream4_IRQHandler                  0x08000277   Thumb Code     0  startup_stm32f407xx.o(.text)
    DMA2_Stream5_IRQHandler                  0x08000277   Thumb Code     0  startup_stm32f407xx.o(.text)
    DMA2_Stream6_IRQHandler                  0x08000277   Thumb Code     0  startup_stm32f407xx.o(.text)
    DMA2_Stream7_IRQHandler                  0x08000277   Thumb Code     0  startup_stm32f407xx.o(.text)
    ETH_IRQHandler                           0x08000277   Thumb Code     0  startup_stm32f407xx.o(.text)
    ETH_WKUP_IRQHandler                      0x08000277   Thumb Code     0  startup_stm32f407xx.o(.text)
    EXTI0_IRQHandler                         0x08000277   Thumb Code     0  startup_stm32f407xx.o(.text)
    EXTI1_IRQHandler                         0x08000277   Thumb Code     0  startup_stm32f407xx.o(.text)
    EXTI2_IRQHandler                         0x08000277   Thumb Code     0  startup_stm32f407xx.o(.text)
    EXTI3_IRQHandler                         0x08000277   Thumb Code     0  startup_stm32f407xx.o(.text)
    FLASH_IRQHandler                         0x08000277   Thumb Code     0  startup_stm32f407xx.o(.text)
    FMC_IRQHandler                           0x08000277   Thumb Code     0  startup_stm32f407xx.o(.text)
    FPU_IRQHandler                           0x08000277   Thumb Code     0  startup_stm32f407xx.o(.text)
    HASH_RNG_IRQHandler                      0x08000277   Thumb Code     0  startup_stm32f407xx.o(.text)
    I2C1_ER_IRQHandler                       0x08000277   Thumb Code     0  startup_stm32f407xx.o(.text)
    I2C1_EV_IRQHandler                       0x08000277   Thumb Code     0  startup_stm32f407xx.o(.text)
    I2C2_ER_IRQHandler                       0x08000277   Thumb Code     0  startup_stm32f407xx.o(.text)
    I2C2_EV_IRQHandler                       0x08000277   Thumb Code     0  startup_stm32f407xx.o(.text)
    I2C3_ER_IRQHandler                       0x08000277   Thumb Code     0  startup_stm32f407xx.o(.text)
    I2C3_EV_IRQHandler                       0x08000277   Thumb Code     0  startup_stm32f407xx.o(.text)
    OTG_FS_IRQHandler                        0x08000277   Thumb Code     0  startup_stm32f407xx.o(.text)
    OTG_FS_WKUP_IRQHandler                   0x08000277   Thumb Code     0  startup_stm32f407xx.o(.text)
    OTG_HS_EP1_IN_IRQHandler                 0x08000277   Thumb Code     0  startup_stm32f407xx.o(.text)
    OTG_HS_EP1_OUT_IRQHandler                0x08000277   Thumb Code     0  startup_stm32f407xx.o(.text)
    OTG_HS_IRQHandler                        0x08000277   Thumb Code     0  startup_stm32f407xx.o(.text)
    OTG_HS_WKUP_IRQHandler                   0x08000277   Thumb Code     0  startup_stm32f407xx.o(.text)
    PVD_IRQHandler                           0x08000277   Thumb Code     0  startup_stm32f407xx.o(.text)
    RCC_IRQHandler                           0x08000277   Thumb Code     0  startup_stm32f407xx.o(.text)
    RTC_Alarm_IRQHandler                     0x08000277   Thumb Code     0  startup_stm32f407xx.o(.text)
    RTC_WKUP_IRQHandler                      0x08000277   Thumb Code     0  startup_stm32f407xx.o(.text)
    SDIO_IRQHandler                          0x08000277   Thumb Code     0  startup_stm32f407xx.o(.text)
    SPI1_IRQHandler                          0x08000277   Thumb Code     0  startup_stm32f407xx.o(.text)
    SPI2_IRQHandler                          0x08000277   Thumb Code     0  startup_stm32f407xx.o(.text)
    SPI3_IRQHandler                          0x08000277   Thumb Code     0  startup_stm32f407xx.o(.text)
    TAMP_STAMP_IRQHandler                    0x08000277   Thumb Code     0  startup_stm32f407xx.o(.text)
    TIM1_BRK_TIM9_IRQHandler                 0x08000277   Thumb Code     0  startup_stm32f407xx.o(.text)
    TIM1_CC_IRQHandler                       0x08000277   Thumb Code     0  startup_stm32f407xx.o(.text)
    TIM1_TRG_COM_TIM11_IRQHandler            0x08000277   Thumb Code     0  startup_stm32f407xx.o(.text)
    TIM2_IRQHandler                          0x08000277   Thumb Code     0  startup_stm32f407xx.o(.text)
    TIM3_IRQHandler                          0x08000277   Thumb Code     0  startup_stm32f407xx.o(.text)
    TIM4_IRQHandler                          0x08000277   Thumb Code     0  startup_stm32f407xx.o(.text)
    TIM5_IRQHandler                          0x08000277   Thumb Code     0  startup_stm32f407xx.o(.text)
    TIM6_DAC_IRQHandler                      0x08000277   Thumb Code     0  startup_stm32f407xx.o(.text)
    TIM7_IRQHandler                          0x08000277   Thumb Code     0  startup_stm32f407xx.o(.text)
    TIM8_BRK_TIM12_IRQHandler                0x08000277   Thumb Code     0  startup_stm32f407xx.o(.text)
    TIM8_CC_IRQHandler                       0x08000277   Thumb Code     0  startup_stm32f407xx.o(.text)
    UART4_IRQHandler                         0x08000277   Thumb Code     0  startup_stm32f407xx.o(.text)
    UART5_IRQHandler                         0x08000277   Thumb Code     0  startup_stm32f407xx.o(.text)
    USART2_IRQHandler                        0x08000277   Thumb Code     0  startup_stm32f407xx.o(.text)
    USART3_IRQHandler                        0x08000277   Thumb Code     0  startup_stm32f407xx.o(.text)
    USART6_IRQHandler                        0x08000277   Thumb Code     0  startup_stm32f407xx.o(.text)
    WWDG_IRQHandler                          0x08000277   Thumb Code     0  startup_stm32f407xx.o(.text)
    __user_initial_stackheap                 0x08000279   Thumb Code     0  startup_stm32f407xx.o(.text)
    rt_hw_interrupt_disable                  0x0800029d   Thumb Code     8  context_rvds.o(.text)
    rt_hw_interrupt_enable                   0x080002a5   Thumb Code     6  context_rvds.o(.text)
    rt_hw_context_switch                     0x080002ab   Thumb Code    32  context_rvds.o(.text)
    rt_hw_context_switch_interrupt           0x080002ab   Thumb Code     0  context_rvds.o(.text)
    PendSV_Handler                           0x080002cb   Thumb Code   108  context_rvds.o(.text)
    rt_hw_context_switch_to                  0x08000337   Thumb Code    70  context_rvds.o(.text)
    rt_hw_interrupt_thread_switch            0x0800037d   Thumb Code     2  context_rvds.o(.text)
    HardFault_Handler                        0x0800037f   Thumb Code    56  context_rvds.o(.text)
    __aeabi_uldivmod                         0x080003d1   Thumb Code     0  lludivv7m.o(.text)
    _ll_udiv                                 0x080003d1   Thumb Code   240  lludivv7m.o(.text)
    __2snprintf                              0x080004c1   Thumb Code    58  __2snprintf.o(.text)
    __printf                                 0x08000501   Thumb Code   104  __printf.o(.text)
    _printf_int_dec                          0x08000569   Thumb Code   104  _printf_dec.o(.text)
    __aeabi_memset                           0x080005e1   Thumb Code    16  aeabi_memset.o(.text)
    __aeabi_memclr                           0x080005f1   Thumb Code     0  rt_memclr.o(.text)
    __rt_memclr                              0x080005f1   Thumb Code     0  rt_memclr.o(.text)
    _memset                                  0x080005f5   Thumb Code    64  rt_memclr.o(.text)
    __aeabi_memclr4                          0x08000635   Thumb Code     0  rt_memclr_w.o(.text)
    __aeabi_memclr8                          0x08000635   Thumb Code     0  rt_memclr_w.o(.text)
    __rt_memclr_w                            0x08000635   Thumb Code     0  rt_memclr_w.o(.text)
    _memset_w                                0x08000639   Thumb Code    74  rt_memclr_w.o(.text)
    __use_two_region_memory                  0x08000683   Thumb Code     2  heapauxi.o(.text)
    __rt_heap_escrow$2region                 0x08000685   Thumb Code     2  heapauxi.o(.text)
    __rt_heap_expand$2region                 0x08000687   Thumb Code     2  heapauxi.o(.text)
    _printf_int_common                       0x08000689   Thumb Code   178  _printf_intcommon.o(.text)
    _printf_char_common                      0x08000747   Thumb Code    32  _printf_char_common.o(.text)
    _snputc                                  0x0800076d   Thumb Code    16  _snputc.o(.text)
    __user_libspace                          0x0800077d   Thumb Code     8  libspace.o(.text)
    __user_perproc_libspace                  0x0800077d   Thumb Code     0  libspace.o(.text)
    __user_perthread_libspace                0x0800077d   Thumb Code     0  libspace.o(.text)
    __user_setup_stackheap                   0x08000785   Thumb Code    74  sys_stackheap_outer.o(.text)
    exit                                     0x080007cf   Thumb Code    18  exit.o(.text)
    _sys_exit                                0x080007e1   Thumb Code     8  sys_exit.o(.text)
    __I$use$semihosting                      0x080007ed   Thumb Code     0  use_no_semi.o(.text)
    __use_no_semihosting_swi                 0x080007ed   Thumb Code     2  use_no_semi.o(.text)
    __semihosting_library_function           0x080007ef   Thumb Code     0  indicate_semi.o(.text)
    main                                     0x080007f1   Thumb Code    84  components.o(.text.$Sub$$main)
    BusFault_Handler                         0x08000845   Thumb Code     2  stm32f4xx_it.o(.text.BusFault_Handler)
    CalculateLR                              0x08000849   Thumb Code   104  calculate.o(.text.CalculateLR)
    ControlPwm                               0x080008c1   Thumb Code    44  pwm.o(.text.ControlPwm)
    DebugMon_Handler                         0x080008ed   Thumb Code     2  stm32f4xx_it.o(.text.DebugMon_Handler)
    EXTI15_10_IRQHandler                     0x080008f1   Thumb Code   456  main.o(.text.EXTI15_10_IRQHandler)
    EXTI24_Handler                           0x08000ae9   Thumb Code   208  main.o(.text.EXTI24_Handler)
    EXTI4_IRQHandler                         0x08000be9   Thumb Code    22  main.o(.text.EXTI4_IRQHandler)
    EXTI9_5_IRQHandler                       0x08000c01   Thumb Code   224  main.o(.text.EXTI9_5_IRQHandler)
    Error_Handler                            0x08000d11   Thumb Code    10  main.o(.text.Error_Handler)
    HAL_DMA_Abort                            0x08000d1d   Thumb Code   142  stm32f4xx_hal_dma.o(.text.HAL_DMA_Abort)
    HAL_DMA_Abort_IT                         0x08000dad   Thumb Code    36  stm32f4xx_hal_dma.o(.text.HAL_DMA_Abort_IT)
    HAL_Delay                                0x08000dd1   Thumb Code    40  stm32f4xx_hal.o(.text.HAL_Delay)
    HAL_GPIO_Init                            0x08000df9   Thumb Code   410  stm32f4xx_hal_gpio.o(.text.HAL_GPIO_Init)
    HAL_GPIO_WritePin                        0x08000f95   Thumb Code    10  stm32f4xx_hal_gpio.o(.text.HAL_GPIO_WritePin)
    HAL_GetTick                              0x08000fa1   Thumb Code    12  stm32f4xx_hal.o(.text.HAL_GetTick)
    HAL_I2C_Init                             0x08000fad   Thumb Code   356  stm32f4xx_hal_i2c.o(.text.HAL_I2C_Init)
    HAL_I2C_Master_Receive                   0x08001111   Thumb Code  1538  stm32f4xx_hal_i2c.o(.text.HAL_I2C_Master_Receive)
    HAL_I2C_Master_Transmit                  0x08001715   Thumb Code  1048  stm32f4xx_hal_i2c.o(.text.HAL_I2C_Master_Transmit)
    HAL_I2C_Mem_Write                        0x08001b2d   Thumb Code   474  stm32f4xx_hal_i2c.o(.text.HAL_I2C_Mem_Write)
    HAL_I2C_MspInit                          0x08001d09   Thumb Code   206  stm32f4xx_hal_msp.o(.text.HAL_I2C_MspInit)
    HAL_IncTick                              0x08001dd9   Thumb Code    26  stm32f4xx_hal.o(.text.HAL_IncTick)
    HAL_Init                                 0x08001df5   Thumb Code    54  stm32f4xx_hal.o(.text.HAL_Init)
    HAL_InitTick                             0x08001e2d   Thumb Code   144  stm32f4xx_hal_timebase_tim.o(.text.HAL_InitTick)
    HAL_MspInit                              0x08001ebd   Thumb Code    56  stm32f4xx_hal_msp.o(.text.HAL_MspInit)
    HAL_NVIC_EnableIRQ                       0x08001ef5   Thumb Code    34  stm32f4xx_hal_cortex.o(.text.HAL_NVIC_EnableIRQ)
    HAL_NVIC_SetPriority                     0x08001f19   Thumb Code    86  stm32f4xx_hal_cortex.o(.text.HAL_NVIC_SetPriority)
    HAL_NVIC_SetPriorityGrouping             0x08001f71   Thumb Code    32  stm32f4xx_hal_cortex.o(.text.HAL_NVIC_SetPriorityGrouping)
    HAL_RCC_ClockConfig                      0x08001f91   Thumb Code   356  stm32f4xx_hal_rcc.o(.text.HAL_RCC_ClockConfig)
    HAL_RCC_GetClockConfig                   0x080020f5   Thumb Code    62  stm32f4xx_hal_rcc.o(.text.HAL_RCC_GetClockConfig)
    HAL_RCC_GetPCLK1Freq                     0x08002135   Thumb Code    38  stm32f4xx_hal_rcc.o(.text.HAL_RCC_GetPCLK1Freq)
    HAL_RCC_GetPCLK2Freq                     0x0800215d   Thumb Code    38  stm32f4xx_hal_rcc.o(.text.HAL_RCC_GetPCLK2Freq)
    HAL_RCC_GetSysClockFreq                  0x08002185   Thumb Code   106  stm32f4xx_hal_rcc.o(.text.HAL_RCC_GetSysClockFreq)
    HAL_RCC_OscConfig                        0x080021f1   Thumb Code   940  stm32f4xx_hal_rcc.o(.text.HAL_RCC_OscConfig)
    HAL_TIMEx_BreakCallback                  0x0800259d   Thumb Code     2  stm32f4xx_hal_tim_ex.o(.text.HAL_TIMEx_BreakCallback)
    HAL_TIMEx_CommutCallback                 0x080025a1   Thumb Code     2  stm32f4xx_hal_tim_ex.o(.text.HAL_TIMEx_CommutCallback)
    HAL_TIMEx_ConfigBreakDeadTime            0x080025a5   Thumb Code    76  stm32f4xx_hal_tim_ex.o(.text.HAL_TIMEx_ConfigBreakDeadTime)
    HAL_TIMEx_MasterConfigSynchronization    0x080025f1   Thumb Code   186  stm32f4xx_hal_tim_ex.o(.text.HAL_TIMEx_MasterConfigSynchronization)
    HAL_TIM_Base_Init                        0x080026ad   Thumb Code    90  stm32f4xx_hal_tim.o(.text.HAL_TIM_Base_Init)
    HAL_TIM_Base_MspInit                     0x08002709   Thumb Code   288  stm32f4xx_hal_msp.o(.text.HAL_TIM_Base_MspInit)
    HAL_TIM_Base_Start                       0x08002829   Thumb Code   162  stm32f4xx_hal_tim.o(.text.HAL_TIM_Base_Start)
    HAL_TIM_Base_Start_IT                    0x080028cd   Thumb Code   170  stm32f4xx_hal_tim.o(.text.HAL_TIM_Base_Start_IT)
    HAL_TIM_ConfigClockSource                0x08002979   Thumb Code   416  stm32f4xx_hal_tim.o(.text.HAL_TIM_ConfigClockSource)
    HAL_TIM_Encoder_Start                    0x08002b19   Thumb Code   188  stm32f4xx_hal_tim.o(.text.HAL_TIM_Encoder_Start)
    HAL_TIM_IC_CaptureCallback               0x08002bd5   Thumb Code     2  stm32f4xx_hal_tim.o(.text.HAL_TIM_IC_CaptureCallback)
    HAL_TIM_IRQHandler                       0x08002bd9   Thumb Code   368  stm32f4xx_hal_tim.o(.text.HAL_TIM_IRQHandler)
    HAL_TIM_MspPostInit                      0x08002d49   Thumb Code   286  stm32f4xx_hal_msp.o(.text.HAL_TIM_MspPostInit)
    HAL_TIM_OC_DelayElapsedCallback          0x08002e69   Thumb Code     2  stm32f4xx_hal_tim.o(.text.HAL_TIM_OC_DelayElapsedCallback)
    HAL_TIM_PWM_ConfigChannel                0x08002e6d   Thumb Code   544  stm32f4xx_hal_tim.o(.text.HAL_TIM_PWM_ConfigChannel)
    HAL_TIM_PWM_Init                         0x0800308d   Thumb Code    90  stm32f4xx_hal_tim.o(.text.HAL_TIM_PWM_Init)
    HAL_TIM_PWM_MspInit                      0x080030e9   Thumb Code    52  stm32f4xx_hal_msp.o(.text.HAL_TIM_PWM_MspInit)
    HAL_TIM_PWM_PulseFinishedCallback        0x0800311d   Thumb Code     2  stm32f4xx_hal_tim.o(.text.HAL_TIM_PWM_PulseFinishedCallback)
    HAL_TIM_PWM_Start                        0x08003121   Thumb Code   270  stm32f4xx_hal_tim.o(.text.HAL_TIM_PWM_Start)
    HAL_TIM_PeriodElapsedCallback            0x08003231   Thumb Code   328  thread.o(.text.HAL_TIM_PeriodElapsedCallback)
    HAL_TIM_TriggerCallback                  0x08003389   Thumb Code     2  stm32f4xx_hal_tim.o(.text.HAL_TIM_TriggerCallback)
    HAL_UARTEx_RxEventCallback               0x0800338d   Thumb Code     2  stm32f4xx_hal_uart.o(.text.HAL_UARTEx_RxEventCallback)
    HAL_UART_ErrorCallback                   0x08003391   Thumb Code     2  stm32f4xx_hal_uart.o(.text.HAL_UART_ErrorCallback)
    HAL_UART_IRQHandler                      0x08003395   Thumb Code  1384  stm32f4xx_hal_uart.o(.text.HAL_UART_IRQHandler)
    HAL_UART_Init                            0x080038fd   Thumb Code    94  stm32f4xx_hal_uart.o(.text.HAL_UART_Init)
    HAL_UART_MspInit                         0x0800395d   Thumb Code   134  usart.o(.text.HAL_UART_MspInit)
    HAL_UART_RxCpltCallback                  0x080039e5   Thumb Code     2  stm32f4xx_hal_uart.o(.text.HAL_UART_RxCpltCallback)
    HAL_UART_Transmit_IT                     0x080039e9   Thumb Code    74  stm32f4xx_hal_uart.o(.text.HAL_UART_Transmit_IT)
    HAL_UART_TxCpltCallback                  0x08003a35   Thumb Code    30  thread.o(.text.HAL_UART_TxCpltCallback)
    Init                                     0x08003d6d   Thumb Code   164  thread.o(.text.Init)
    MX_I2C1_Init                             0x08003e11   Thumb Code    66  i2cimu.o(.text.MX_I2C1_Init)
    MX_I2C2_Init                             0x08003e55   Thumb Code    66  i2cimu.o(.text.MX_I2C2_Init)
    MX_USART1_UART_Init                      0x08003e99   Thumb Code    74  usart.o(.text.MX_USART1_UART_Init)
    MemManage_Handler                        0x08003ee5   Thumb Code     2  stm32f4xx_it.o(.text.MemManage_Handler)
    NMI_Handler                              0x08003ee9   Thumb Code     2  stm32f4xx_it.o(.text.NMI_Handler)
    SysTick_Handler                          0x08003eed   Thumb Code    18  board.o(.text.SysTick_Handler)
    SystemClock_Config                       0x08003f01   Thumb Code   172  main.o(.text.SystemClock_Config)
    SystemCoreClockUpdate                    0x08003fad   Thumb Code   134  system_stm32f4xx.o(.text.SystemCoreClockUpdate)
    SystemInit                               0x08004035   Thumb Code    18  system_stm32f4xx.o(.text.SystemInit)
    TIM1_UP_TIM10_IRQHandler                 0x08004049   Thumb Code    12  main.o(.text.TIM1_UP_TIM10_IRQHandler)
    TIM8_TRG_COM_TIM14_IRQHandler            0x08004055   Thumb Code    30  stm32f4xx_it.o(.text.TIM8_TRG_COM_TIM14_IRQHandler)
    TIM8_UP_TIM13_IRQHandler                 0x08004075   Thumb Code    12  stm32f4xx_it.o(.text.TIM8_UP_TIM13_IRQHandler)
    TIM_Base_SetConfig                       0x08004081   Thumb Code   308  stm32f4xx_hal_tim.o(.text.TIM_Base_SetConfig)
    USART1_IRQHandler                        0x080043a9   Thumb Code    12  stm32f4xx_it.o(.text.USART1_IRQHandler)
    UsageFault_Handler                       0x080043b5   Thumb Code     2  stm32f4xx_it.o(.text.UsageFault_Handler)
    __rt_ffs                                 0x080043b9   Thumb Code    56  kservice.o(.text.__rt_ffs)
    change                                   0x080043f1   Thumb Code   272  thread.o(.text.change)
    dirControl                               0x08004511   Thumb Code   232  pwm.o(.text.dirControl)
    i2cWrite                                 0x08004601   Thumb Code    66  i2cimu.o(.text.i2cWrite)
    $Super$$main                             0x08004645   Thumb Code  1442  main.o(.text.main)
    main_thread_entry                        0x08004be9   Thumb Code    50  components.o(.text.main_thread_entry)
    rt_components_board_init                 0x080051a1   Thumb Code    42  components.o(.text.rt_components_board_init)
    rt_enter_critical                        0x080051cd   Thumb Code    28  scheduler.o(.text.rt_enter_critical)
    rt_exit_critical                         0x080051e9   Thumb Code   146  scheduler.o(.text.rt_exit_critical)
    rt_free                                  0x0800527d   Thumb Code   212  mem.o(.text.rt_free)
    rt_heap_begin_get                        0x0800539d   Thumb Code    10  board.o(.text.rt_heap_begin_get)
    rt_heap_end_get                          0x080053a9   Thumb Code    14  board.o(.text.rt_heap_end_get)
    rt_hw_board_init                         0x080053b9   Thumb Code    98  board.o(.text.rt_hw_board_init)
    rt_hw_console_output                     0x0800541d   Thumb Code     2  kservice.o(.text.rt_hw_console_output)
    rt_hw_hard_fault_exception               0x08005421   Thumb Code   260  cpuport.o(.text.rt_hw_hard_fault_exception)
    rt_hw_stack_init                         0x080055c5   Thumb Code    66  cpuport.o(.text.rt_hw_stack_init)
    rt_interrupt_enter                       0x08005609   Thumb Code    28  irq.o(.text.rt_interrupt_enter)
    rt_interrupt_leave                       0x08005625   Thumb Code    28  irq.o(.text.rt_interrupt_leave)
    rt_kprintf                               0x08005641   Thumb Code    50  kservice.o(.text.rt_kprintf)
    rt_malloc                                0x08005675   Thumb Code   394  mem.o(.text.rt_malloc)
    rt_memset                                0x08005801   Thumb Code   272  kservice.o(.text.rt_memset)
    rt_object_allocate                       0x08005911   Thumb Code   122  object.o(.text.rt_object_allocate)
    rt_object_delete                         0x0800598d   Thumb Code    42  object.o(.text.rt_object_delete)
    rt_object_detach                         0x080059b9   Thumb Code    34  object.o(.text.rt_object_detach)
    rt_object_init                           0x080059dd   Thumb Code   138  object.o(.text.rt_object_init)
    rt_object_is_systemobject                0x08005a69   Thumb Code     6  object.o(.text.rt_object_is_systemobject)
    rt_schedule                              0x08005a71   Thumb Code   118  scheduler.o(.text.rt_schedule)
    rt_schedule_insert_thread                0x08005ae9   Thumb Code    82  scheduler.o(.text.rt_schedule_insert_thread)
    rt_schedule_remove_thread                0x08005b3d   Thumb Code    82  scheduler.o(.text.rt_schedule_remove_thread)
    rt_sem_create                            0x08005b91   Thumb Code    34  ipc.o(.text.rt_sem_create)
    rt_sem_init                              0x08005bb5   Thumb Code    32  ipc.o(.text.rt_sem_init)
    rt_sem_release                           0x08005bd5   Thumb Code    58  ipc.o(.text.rt_sem_release)
    rt_sem_take                              0x08005c11   Thumb Code   274  ipc.o(.text.rt_sem_take)
    rt_show_version                          0x08005d25   Thumb Code    48  kservice.o(.text.rt_show_version)
    rt_strncpy                               0x08005ddd   Thumb Code   150  kservice.o(.text.rt_strncpy)
    rt_system_heap_init                      0x08005e75   Thumb Code   124  mem.o(.text.rt_system_heap_init)
    rt_system_scheduler_init                 0x08005f35   Thumb Code   298  scheduler.o(.text.rt_system_scheduler_init)
    rt_system_scheduler_start                0x08006061   Thumb Code    48  scheduler.o(.text.rt_system_scheduler_start)
    rt_system_timer_init                     0x08006091   Thumb Code    16  timer.o(.text.rt_system_timer_init)
    rt_system_timer_thread_init              0x080060a1   Thumb Code     2  timer.o(.text.rt_system_timer_thread_init)
    rt_thread_create                         0x080060a5   Thumb Code   176  thread_1.o(.text.rt_thread_create)
    rt_thread_delay                          0x08006155   Thumb Code    10  thread_1.o(.text.rt_thread_delay)
    rt_thread_exit                           0x08006161   Thumb Code   108  thread_1.o(.text.rt_thread_exit)
    rt_thread_idle_init                      0x08006239   Thumb Code    72  idle.o(.text.rt_thread_idle_init)
    rt_thread_init                           0x08006289   Thumb Code   142  thread_1.o(.text.rt_thread_init)
    rt_thread_resume                         0x08006319   Thumb Code    68  thread_1.o(.text.rt_thread_resume)
    rt_thread_self                           0x0800635d   Thumb Code    12  thread_1.o(.text.rt_thread_self)
    rt_thread_sleep                          0x08006369   Thumb Code   120  thread_1.o(.text.rt_thread_sleep)
    rt_thread_startup                        0x080063e1   Thumb Code    90  thread_1.o(.text.rt_thread_startup)
    rt_thread_suspend                        0x0800643d   Thumb Code    66  thread_1.o(.text.rt_thread_suspend)
    rt_thread_timeout                        0x08006481   Thumb Code    38  thread_1.o(.text.rt_thread_timeout)
    rt_thread_yield                          0x080064a9   Thumb Code   104  thread_1.o(.text.rt_thread_yield)
    rt_tick_get                              0x08006511   Thumb Code    12  clock.o(.text.rt_tick_get)
    rt_tick_increase                         0x0800651d   Thumb Code    52  clock.o(.text.rt_tick_increase)
    rt_timer_check                           0x08006551   Thumb Code   126  timer.o(.text.rt_timer_check)
    rt_timer_control                         0x080065d1   Thumb Code    48  timer.o(.text.rt_timer_control)
    rt_timer_detach                          0x08006601   Thumb Code    38  timer.o(.text.rt_timer_detach)
    rt_timer_init                            0x08006629   Thumb Code    50  timer.o(.text.rt_timer_init)
    rt_timer_start                           0x0800665d   Thumb Code   214  timer.o(.text.rt_timer_start)
    rt_timer_stop                            0x08006735   Thumb Code    54  timer.o(.text.rt_timer_stop)
    rt_vsnprintf                             0x0800676d   Thumb Code  2072  kservice.o(.text.rt_vsnprintf)
    thread1_entry                            0x08006fa1   Thumb Code    64  thread.o(.text.thread1_entry)
    thread2_entry                            0x08006ff1   Thumb Code    80  thread.o(.text.thread2_entry)
    thread4_entry                            0x08007051   Thumb Code   158  thread.o(.text.thread4_entry)
    thread_create                            0x080070f1   Thumb Code   176  thread.o(.text.thread_create)
    vLRControl                               0x080071c5   Thumb Code   820  thread.o(.text.vLRControl)
    __aeabi_dadd                             0x080074f9   Thumb Code     0  daddsub_clz.o(x$fpl$dadd)
    _dadd                                    0x080074f9   Thumb Code   332  daddsub_clz.o(x$fpl$dadd)
    __fpl_dcmp_Inf                           0x08007649   Thumb Code    24  dcmpi.o(x$fpl$dcmpinf)
    __aeabi_ddiv                             0x08007661   Thumb Code     0  ddiv.o(x$fpl$ddiv)
    _ddiv                                    0x08007661   Thumb Code   560  ddiv.o(x$fpl$ddiv)
    __aeabi_cdcmpeq                          0x08007919   Thumb Code     0  deqf.o(x$fpl$deqf)
    _dcmpeq                                  0x08007919   Thumb Code   120  deqf.o(x$fpl$deqf)
    __aeabi_d2iz                             0x08007991   Thumb Code     0  dfix.o(x$fpl$dfix)
    _dfix                                    0x08007991   Thumb Code    94  dfix.o(x$fpl$dfix)
    __aeabi_ui2d                             0x080079ef   Thumb Code     0  dflt_clz.o(x$fpl$dfltu)
    _dfltu                                   0x080079ef   Thumb Code    38  dflt_clz.o(x$fpl$dfltu)
    __aeabi_cdcmpge                          0x08007a15   Thumb Code     0  dgeqf.o(x$fpl$dgeqf)
    _dcmpge                                  0x08007a15   Thumb Code   120  dgeqf.o(x$fpl$dgeqf)
    __aeabi_cdcmple                          0x08007a8d   Thumb Code     0  dleqf.o(x$fpl$dleqf)
    _dcmple                                  0x08007a8d   Thumb Code   120  dleqf.o(x$fpl$dleqf)
    __fpl_dcmple_InfNaN                      0x08007aef   Thumb Code     0  dleqf.o(x$fpl$dleqf)
    __aeabi_dmul                             0x08007b05   Thumb Code     0  dmul.o(x$fpl$dmul)
    _dmul                                    0x08007b05   Thumb Code   332  dmul.o(x$fpl$dmul)
    __fpl_dnaninf                            0x08007c59   Thumb Code   156  dnaninf.o(x$fpl$dnaninf)
    __fpl_dretinf                            0x08007cf5   Thumb Code    12  dretinf.o(x$fpl$dretinf)
    __aeabi_dsub                             0x08007d01   Thumb Code     0  daddsub_clz.o(x$fpl$dsub)
    _dsub                                    0x08007d01   Thumb Code   472  daddsub_clz.o(x$fpl$dsub)
    __aeabi_dcmpeq                           0x08007edd   Thumb Code     0  dcmp.o(x$fpl$fcmp)
    _deq                                     0x08007edd   Thumb Code    14  dcmp.o(x$fpl$fcmp)
    _dneq                                    0x08007eeb   Thumb Code    14  dcmp.o(x$fpl$fcmp)
    __aeabi_dcmpgt                           0x08007ef9   Thumb Code     0  dcmp.o(x$fpl$fcmp)
    _dgr                                     0x08007ef9   Thumb Code    14  dcmp.o(x$fpl$fcmp)
    __aeabi_dcmpge                           0x08007f07   Thumb Code     0  dcmp.o(x$fpl$fcmp)
    _dgeq                                    0x08007f07   Thumb Code    14  dcmp.o(x$fpl$fcmp)
    __aeabi_dcmple                           0x08007f15   Thumb Code     0  dcmp.o(x$fpl$fcmp)
    _dleq                                    0x08007f15   Thumb Code    14  dcmp.o(x$fpl$fcmp)
    __aeabi_dcmplt                           0x08007f23   Thumb Code     0  dcmp.o(x$fpl$fcmp)
    _dls                                     0x08007f23   Thumb Code    14  dcmp.o(x$fpl$fcmp)
    _fp_init                                 0x08007f31   Thumb Code    26  fpinit.o(x$fpl$fpinit)
    __fplib_config_fpu_vfp                   0x08007f49   Thumb Code     0  fpinit.o(x$fpl$fpinit)
    __fplib_config_pureend_doubles           0x08007f49   Thumb Code     0  fpinit.o(x$fpl$fpinit)
    AHBPrescTable                            0x08007f4a   Data          16  system_stm32f4xx.o(.rodata.AHBPrescTable)
    __I$use$fp                               0x08007f4a   Number         0  usenofp.o(x$fpl$usenofp)
    APBPrescTable                            0x08007f5a   Data           8  system_stm32f4xx.o(.rodata.APBPrescTable)
    __lowest_bit_bitmap                      0x08007f62   Data         256  kservice.o(.rodata.__lowest_bit_bitmap)
    __rt_init_rti_start                      0x080080fc   Data           4  components.o(.rti_fn.0)
    __rt_init_rti_board_start                0x08008100   Data           4  components.o(.rti_fn.0.end)
    __rt_init_rti_board_end                  0x08008104   Data           4  components.o(.rti_fn.1.end)
    __rt_init_rti_end                        0x08008108   Data           4  components.o(.rti_fn.6.end)
    Region$$Table$$Base                      0x0800810c   Number         0  anon$$obj.o(Region$$Table)
    Region$$Table$$Limit                     0x0800812c   Number         0  anon$$obj.o(Region$$Table)
    GPIO_Id                                  0x20000000   Data          16  pwm.o(.data..L_MergedGlobals)
    GPIO_Group                               0x20000010   Data          16  pwm.o(.data..L_MergedGlobals)
    uwTickFreq                               0x20000020   Data           1  stm32f4xx_hal.o(.data..L_MergedGlobals)
    uwTickPrio                               0x20000024   Data           4  stm32f4xx_hal.o(.data..L_MergedGlobals)
    SystemCoreClock                          0x20000028   Data           4  system_stm32f4xx.o(.data.SystemCoreClock)
    htim_list                                0x2000002c   Data          16  pwm.o(.data.htim_list)
    __libspace_start                         0x20000080   Data          96  libspace.o(.bss)
    __temporary_stack_top$libspace           0x200000e0   Data           0  libspace.o(.bss)
    last_state                               0x200000e0   Data          16  main.o(.bss..L_MergedGlobals)
    time_interval                            0x200000f0   Data          16  main.o(.bss..L_MergedGlobals)
    counterFloatValue                        0x20000100   Data          32  main.o(.bss..L_MergedGlobals)
    counterFloat                             0x20000120   Data          32  main.o(.bss..L_MergedGlobals)
    x                                        0x20000140   Data           2  thread.o(.bss..L_MergedGlobals)
    y                                        0x20000142   Data           2  thread.o(.bss..L_MergedGlobals)
    z                                        0x20000144   Data           2  thread.o(.bss..L_MergedGlobals)
    tot                                      0x20000148   Data           4  thread.o(.bss..L_MergedGlobals)
    pi                                       0x20000150   Data           8  thread.o(.bss..L_MergedGlobals)
    kp                                       0x20000158   Data           8  thread.o(.bss..L_MergedGlobals)
    ki                                       0x20000160   Data           8  thread.o(.bss..L_MergedGlobals)
    kd                                       0x20000168   Data           8  thread.o(.bss..L_MergedGlobals)
    w                                        0x20000170   Data           8  thread.o(.bss..L_MergedGlobals)
    v                                        0x20000178   Data           8  thread.o(.bss..L_MergedGlobals)
    vl                                       0x20000180   Data           8  thread.o(.bss..L_MergedGlobals)
    vr                                       0x20000188   Data           8  thread.o(.bss..L_MergedGlobals)
    E                                        0x20000190   Data          32  thread.o(.bss..L_MergedGlobals)
    rt_current_priority                      0x200001e8   Data           1  scheduler.o(.bss..L_MergedGlobals)
    rt_current_thread                        0x200001ec   Data           4  scheduler.o(.bss..L_MergedGlobals)
    rt_thread_ready_priority_group           0x200001f0   Data           4  scheduler.o(.bss..L_MergedGlobals)
    rt_thread_defunct                        0x200001f4   Data           8  scheduler.o(.bss..L_MergedGlobals)
    Bi                                       0x20000208   Data           8  main.o(.bss.Bi)
    direct                                   0x20000210   Data          16  pwm.o(.bss.direct)
    eLast                                    0x20000220   Data          32  thread.o(.bss.eLast)
    flag_thread4                             0x20000240   Data           4  thread.o(.bss.flag_thread4)
    hi2c1                                    0x20000244   Data          84  i2cimu.o(.bss.hi2c1)
    hi2c2                                    0x20000298   Data          84  i2cimu.o(.bss.hi2c2)
    htim1                                    0x200002ec   Data          72  pwm.o(.bss.htim1)
    htim10                                   0x20000334   Data          72  pwm.o(.bss.htim10)
    htim11                                   0x2000037c   Data          72  pwm.o(.bss.htim11)
    htim14                                   0x200003c4   Data          72  stm32f4xx_hal_timebase_tim.o(.bss.htim14)
    htim2                                    0x2000040c   Data          72  pwm.o(.bss.htim2)
    htim4                                    0x20000454   Data          72  pwm.o(.bss.htim4)
    htim8                                    0x2000049c   Data          72  pwm.o(.bss.htim8)
    htim9                                    0x200004e4   Data          72  pwm.o(.bss.htim9)
    huart1                                   0x2000052c   Data          68  usart.o(.bss.huart1)
    pwmVal                                   0x200005e8   Data          16  pwm.o(.bss.pwmVal)
    rt_interrupt_from_thread                 0x200015fc   Data           4  cpuport.o(.bss.rt_interrupt_from_thread)
    rt_interrupt_nest                        0x20001600   Data           1  irq.o(.bss.rt_interrupt_nest)
    rt_interrupt_to_thread                   0x20001604   Data           4  cpuport.o(.bss.rt_interrupt_to_thread)
    rt_thread_priority_table                 0x20001688   Data         256  scheduler.o(.bss.rt_thread_priority_table)
    rt_thread_switch_interrupt_flag          0x20001888   Data           4  cpuport.o(.bss.rt_thread_switch_interrupt_flag)
    tick_time                                0x20001d08   Data           4  main.o(.bss.tick_time)
    uwTick                                   0x20001d0c   Data           4  stm32f4xx_hal.o(.bss.uwTick)



==============================================================================

Memory Map of the image

  Image Entry point : 0x08000189

  Load Region LR_IROM1 (Base: 0x08000000, Size: 0x000081b0, Max: 0x00100000, ABSOLUTE)

    Execution Region ER_IROM1 (Exec base: 0x08000000, Load base: 0x08000000, Size: 0x0000812c, Max: 0x00100000, ABSOLUTE)

    Exec Addr    Load Addr    Size         Type   Attr      Idx    E Section Name        Object

    0x08000000   0x08000000   0x00000188   Data   RO            3    RESET               startup_stm32f407xx.o
    0x08000188   0x08000188   0x00000008   Code   RO         3642  * !!!main             c_w.l(__main.o)
    0x08000190   0x08000190   0x0000005c   Code   RO         4025    !!!scatter          c_w.l(__scatter.o)
    0x080001ec   0x080001ec   0x0000001a   Code   RO         4029    !!handler_copy      c_w.l(__scatter_copy.o)
    0x08000206   0x08000206   0x00000002   PAD
    0x08000208   0x08000208   0x00000002   Code   RO         4026    !!handler_null      c_w.l(__scatter.o)
    0x0800020a   0x0800020a   0x00000002   PAD
    0x0800020c   0x0800020c   0x0000001c   Code   RO         4031    !!handler_zi        c_w.l(__scatter_zi.o)
    0x08000228   0x08000228   0x00000000   Code   RO         3629    .ARM.Collect$$_printf_percent$$00000000  c_w.l(_printf_percent.o)
    0x08000228   0x08000228   0x00000006   Code   RO         3628    .ARM.Collect$$_printf_percent$$00000009  c_w.l(_printf_d.o)
    0x0800022e   0x0800022e   0x00000004   Code   RO         3762    .ARM.Collect$$_printf_percent$$00000017  c_w.l(_printf_percent_end.o)
    0x08000232   0x08000232   0x00000002   Code   RO         3890    .ARM.Collect$$libinit$$00000000  c_w.l(libinit.o)
    0x08000234   0x08000234   0x00000004   Code   RO         3899    .ARM.Collect$$libinit$$00000001  c_w.l(libinit2.o)
    0x08000238   0x08000238   0x00000000   Code   RO         3902    .ARM.Collect$$libinit$$00000004  c_w.l(libinit2.o)
    0x08000238   0x08000238   0x00000000   Code   RO         3904    .ARM.Collect$$libinit$$00000006  c_w.l(libinit2.o)
    0x08000238   0x08000238   0x00000000   Code   RO         3907    .ARM.Collect$$libinit$$0000000C  c_w.l(libinit2.o)
    0x08000238   0x08000238   0x00000000   Code   RO         3909    .ARM.Collect$$libinit$$0000000E  c_w.l(libinit2.o)
    0x08000238   0x08000238   0x00000000   Code   RO         3911    .ARM.Collect$$libinit$$00000010  c_w.l(libinit2.o)
    0x08000238   0x08000238   0x00000000   Code   RO         3914    .ARM.Collect$$libinit$$00000013  c_w.l(libinit2.o)
    0x08000238   0x08000238   0x00000000   Code   RO         3916    .ARM.Collect$$libinit$$00000015  c_w.l(libinit2.o)
    0x08000238   0x08000238   0x00000000   Code   RO         3918    .ARM.Collect$$libinit$$00000017  c_w.l(libinit2.o)
    0x08000238   0x08000238   0x00000000   Code   RO         3920    .ARM.Collect$$libinit$$00000019  c_w.l(libinit2.o)
    0x08000238   0x08000238   0x00000000   Code   RO         3922    .ARM.Collect$$libinit$$0000001B  c_w.l(libinit2.o)
    0x08000238   0x08000238   0x00000000   Code   RO         3924    .ARM.Collect$$libinit$$0000001D  c_w.l(libinit2.o)
    0x08000238   0x08000238   0x00000000   Code   RO         3926    .ARM.Collect$$libinit$$0000001F  c_w.l(libinit2.o)
    0x08000238   0x08000238   0x00000000   Code   RO         3928    .ARM.Collect$$libinit$$00000021  c_w.l(libinit2.o)
    0x08000238   0x08000238   0x00000000   Code   RO         3930    .ARM.Collect$$libinit$$00000023  c_w.l(libinit2.o)
    0x08000238   0x08000238   0x00000000   Code   RO         3932    .ARM.Collect$$libinit$$00000025  c_w.l(libinit2.o)
    0x08000238   0x08000238   0x00000000   Code   RO         3934    .ARM.Collect$$libinit$$00000027  c_w.l(libinit2.o)
    0x08000238   0x08000238   0x00000000   Code   RO         3938    .ARM.Collect$$libinit$$0000002E  c_w.l(libinit2.o)
    0x08000238   0x08000238   0x00000000   Code   RO         3940    .ARM.Collect$$libinit$$00000030  c_w.l(libinit2.o)
    0x08000238   0x08000238   0x00000000   Code   RO         3942    .ARM.Collect$$libinit$$00000032  c_w.l(libinit2.o)
    0x08000238   0x08000238   0x00000000   Code   RO         3944    .ARM.Collect$$libinit$$00000034  c_w.l(libinit2.o)
    0x08000238   0x08000238   0x00000002   Code   RO         3945    .ARM.Collect$$libinit$$00000035  c_w.l(libinit2.o)
    0x0800023a   0x0800023a   0x00000002   Code   RO         3980    .ARM.Collect$$libshutdown$$00000000  c_w.l(libshutdown.o)
    0x0800023c   0x0800023c   0x00000000   Code   RO         4008    .ARM.Collect$$libshutdown$$00000002  c_w.l(libshutdown2.o)
    0x0800023c   0x0800023c   0x00000000   Code   RO         4010    .ARM.Collect$$libshutdown$$00000004  c_w.l(libshutdown2.o)
    0x0800023c   0x0800023c   0x00000000   Code   RO         4013    .ARM.Collect$$libshutdown$$00000007  c_w.l(libshutdown2.o)
    0x0800023c   0x0800023c   0x00000000   Code   RO         4016    .ARM.Collect$$libshutdown$$0000000A  c_w.l(libshutdown2.o)
    0x0800023c   0x0800023c   0x00000000   Code   RO         4018    .ARM.Collect$$libshutdown$$0000000C  c_w.l(libshutdown2.o)
    0x0800023c   0x0800023c   0x00000000   Code   RO         4021    .ARM.Collect$$libshutdown$$0000000F  c_w.l(libshutdown2.o)
    0x0800023c   0x0800023c   0x00000002   Code   RO         4022    .ARM.Collect$$libshutdown$$00000010  c_w.l(libshutdown2.o)
    0x0800023e   0x0800023e   0x00000000   Code   RO         3749    .ARM.Collect$$rtentry$$00000000  c_w.l(__rtentry.o)
    0x0800023e   0x0800023e   0x00000000   Code   RO         3849    .ARM.Collect$$rtentry$$00000002  c_w.l(__rtentry2.o)
    0x0800023e   0x0800023e   0x00000006   Code   RO         3861    .ARM.Collect$$rtentry$$00000004  c_w.l(__rtentry4.o)
    0x08000244   0x08000244   0x00000000   Code   RO         3851    .ARM.Collect$$rtentry$$00000009  c_w.l(__rtentry2.o)
    0x08000244   0x08000244   0x00000004   Code   RO         3852    .ARM.Collect$$rtentry$$0000000A  c_w.l(__rtentry2.o)
    0x08000248   0x08000248   0x00000000   Code   RO         3854    .ARM.Collect$$rtentry$$0000000C  c_w.l(__rtentry2.o)
    0x08000248   0x08000248   0x00000008   Code   RO         3855    .ARM.Collect$$rtentry$$0000000D  c_w.l(__rtentry2.o)
    0x08000250   0x08000250   0x00000002   Code   RO         3891    .ARM.Collect$$rtexit$$00000000  c_w.l(rtexit.o)
    0x08000252   0x08000252   0x00000000   Code   RO         3951    .ARM.Collect$$rtexit$$00000002  c_w.l(rtexit2.o)
    0x08000252   0x08000252   0x00000004   Code   RO         3952    .ARM.Collect$$rtexit$$00000003  c_w.l(rtexit2.o)
    0x08000256   0x08000256   0x00000006   Code   RO         3953    .ARM.Collect$$rtexit$$00000004  c_w.l(rtexit2.o)
    0x0800025c   0x0800025c   0x00000040   Code   RO            4    .text               startup_stm32f407xx.o
    0x0800029c   0x0800029c   0x00000134   Code   RO         1220    .text               context_rvds.o
    0x080003d0   0x080003d0   0x000000f0   Code   RO         3596    .text               c_w.l(lludivv7m.o)
    0x080004c0   0x080004c0   0x00000040   Code   RO         3600    .text               c_w.l(__2snprintf.o)
    0x08000500   0x08000500   0x00000068   Code   RO         3604    .text               c_w.l(__printf.o)
    0x08000568   0x08000568   0x00000078   Code   RO         3606    .text               c_w.l(_printf_dec.o)
    0x080005e0   0x080005e0   0x00000010   Code   RO         3634    .text               c_w.l(aeabi_memset.o)
    0x080005f0   0x080005f0   0x00000044   Code   RO         3636    .text               c_w.l(rt_memclr.o)
    0x08000634   0x08000634   0x0000004e   Code   RO         3638    .text               c_w.l(rt_memclr_w.o)
    0x08000682   0x08000682   0x00000006   Code   RO         3640    .text               c_w.l(heapauxi.o)
    0x08000688   0x08000688   0x000000b2   Code   RO         3756    .text               c_w.l(_printf_intcommon.o)
    0x0800073a   0x0800073a   0x00000002   PAD
    0x0800073c   0x0800073c   0x00000030   Code   RO         3758    .text               c_w.l(_printf_char_common.o)
    0x0800076c   0x0800076c   0x00000010   Code   RO         3760    .text               c_w.l(_snputc.o)
    0x0800077c   0x0800077c   0x00000008   Code   RO         3874    .text               c_w.l(libspace.o)
    0x08000784   0x08000784   0x0000004a   Code   RO         3877    .text               c_w.l(sys_stackheap_outer.o)
    0x080007ce   0x080007ce   0x00000012   Code   RO         3879    .text               c_w.l(exit.o)
    0x080007e0   0x080007e0   0x0000000c   Code   RO         3946    .text               c_w.l(sys_exit.o)
    0x080007ec   0x080007ec   0x00000002   Code   RO         3969    .text               c_w.l(use_no_semi.o)
    0x080007ee   0x080007ee   0x00000000   Code   RO         3971    .text               c_w.l(indicate_semi.o)
    0x080007ee   0x080007ee   0x00000002   PAD
    0x080007f0   0x080007f0   0x00000054   Code   RO         1272    .text.$Sub$$main    components.o
    0x08000844   0x08000844   0x00000002   Code   RO           49    .text.BusFault_Handler  stm32f4xx_it.o
    0x08000846   0x08000846   0x00000002   PAD
    0x08000848   0x08000848   0x00000078   Code   RO          109    .text.CalculateLR   calculate.o
    0x080008c0   0x080008c0   0x0000002c   Code   RO          125    .text.ControlPwm    pwm.o
    0x080008ec   0x080008ec   0x00000002   Code   RO           53    .text.DebugMon_Handler  stm32f4xx_it.o
    0x080008ee   0x080008ee   0x00000002   PAD
    0x080008f0   0x080008f0   0x000001f8   Code   RO           25    .text.EXTI15_10_IRQHandler  main.o
    0x08000ae8   0x08000ae8   0x00000100   Code   RO           19    .text.EXTI24_Handler  main.o
    0x08000be8   0x08000be8   0x00000016   Code   RO           21    .text.EXTI4_IRQHandler  main.o
    0x08000bfe   0x08000bfe   0x00000002   PAD
    0x08000c00   0x08000c00   0x00000110   Code   RO           23    .text.EXTI9_5_IRQHandler  main.o
    0x08000d10   0x08000d10   0x0000000a   Code   RO           17    .text.Error_Handler  main.o
    0x08000d1a   0x08000d1a   0x00000002   PAD
    0x08000d1c   0x08000d1c   0x0000008e   Code   RO          409    .text.HAL_DMA_Abort  stm32f4xx_hal_dma.o
    0x08000daa   0x08000daa   0x00000002   PAD
    0x08000dac   0x08000dac   0x00000024   Code   RO          411    .text.HAL_DMA_Abort_IT  stm32f4xx_hal_dma.o
    0x08000dd0   0x08000dd0   0x00000028   Code   RO          562    .text.HAL_Delay     stm32f4xx_hal.o
    0x08000df8   0x08000df8   0x0000019a   Code   RO          363    .text.HAL_GPIO_Init  stm32f4xx_hal_gpio.o
    0x08000f92   0x08000f92   0x00000002   PAD
    0x08000f94   0x08000f94   0x0000000a   Code   RO          369    .text.HAL_GPIO_WritePin  stm32f4xx_hal_gpio.o
    0x08000f9e   0x08000f9e   0x00000002   PAD
    0x08000fa0   0x08000fa0   0x0000000c   Code   RO          554    .text.HAL_GetTick   stm32f4xx_hal.o
    0x08000fac   0x08000fac   0x00000164   Code   RO         1071    .text.HAL_I2C_Init  stm32f4xx_hal_i2c.o
    0x08001110   0x08001110   0x00000602   Code   RO         1085    .text.HAL_I2C_Master_Receive  stm32f4xx_hal_i2c.o
    0x08001712   0x08001712   0x00000002   PAD
    0x08001714   0x08001714   0x00000418   Code   RO         1079    .text.HAL_I2C_Master_Transmit  stm32f4xx_hal_i2c.o
    0x08001b2c   0x08001b2c   0x000001da   Code   RO         1111    .text.HAL_I2C_Mem_Write  stm32f4xx_hal_i2c.o
    0x08001d06   0x08001d06   0x00000002   PAD
    0x08001d08   0x08001d08   0x000000ce   Code   RO           68    .text.HAL_I2C_MspInit  stm32f4xx_hal_msp.o
    0x08001dd6   0x08001dd6   0x00000002   PAD
    0x08001dd8   0x08001dd8   0x0000001a   Code   RO          552    .text.HAL_IncTick   stm32f4xx_hal.o
    0x08001df2   0x08001df2   0x00000002   PAD
    0x08001df4   0x08001df4   0x00000036   Code   RO          542    .text.HAL_Init      stm32f4xx_hal.o
    0x08001e2a   0x08001e2a   0x00000002   PAD
    0x08001e2c   0x08001e2c   0x00000090   Code   RO           94    .text.HAL_InitTick  stm32f4xx_hal_timebase_tim.o
    0x08001ebc   0x08001ebc   0x00000038   Code   RO           66    .text.HAL_MspInit   stm32f4xx_hal_msp.o
    0x08001ef4   0x08001ef4   0x00000022   Code   RO          500    .text.HAL_NVIC_EnableIRQ  stm32f4xx_hal_cortex.o
    0x08001f16   0x08001f16   0x00000002   PAD
    0x08001f18   0x08001f18   0x00000056   Code   RO          498    .text.HAL_NVIC_SetPriority  stm32f4xx_hal_cortex.o
    0x08001f6e   0x08001f6e   0x00000002   PAD
    0x08001f70   0x08001f70   0x00000020   Code   RO          496    .text.HAL_NVIC_SetPriorityGrouping  stm32f4xx_hal_cortex.o
    0x08001f90   0x08001f90   0x00000164   Code   RO          257    .text.HAL_RCC_ClockConfig  stm32f4xx_hal_rcc.o
    0x080020f4   0x080020f4   0x0000003e   Code   RO          275    .text.HAL_RCC_GetClockConfig  stm32f4xx_hal_rcc.o
    0x08002132   0x08002132   0x00000002   PAD
    0x08002134   0x08002134   0x00000026   Code   RO          269    .text.HAL_RCC_GetPCLK1Freq  stm32f4xx_hal_rcc.o
    0x0800215a   0x0800215a   0x00000002   PAD
    0x0800215c   0x0800215c   0x00000026   Code   RO          271    .text.HAL_RCC_GetPCLK2Freq  stm32f4xx_hal_rcc.o
    0x08002182   0x08002182   0x00000002   PAD
    0x08002184   0x08002184   0x0000006a   Code   RO          259    .text.HAL_RCC_GetSysClockFreq  stm32f4xx_hal_rcc.o
    0x080021ee   0x080021ee   0x00000002   PAD
    0x080021f0   0x080021f0   0x000003ac   Code   RO          255    .text.HAL_RCC_OscConfig  stm32f4xx_hal_rcc.o
    0x0800259c   0x0800259c   0x00000002   Code   RO          937    .text.HAL_TIMEx_BreakCallback  stm32f4xx_hal_tim_ex.o
    0x0800259e   0x0800259e   0x00000002   PAD
    0x080025a0   0x080025a0   0x00000002   Code   RO          933    .text.HAL_TIMEx_CommutCallback  stm32f4xx_hal_tim_ex.o
    0x080025a2   0x080025a2   0x00000002   PAD
    0x080025a4   0x080025a4   0x0000004c   Code   RO          929    .text.HAL_TIMEx_ConfigBreakDeadTime  stm32f4xx_hal_tim_ex.o
    0x080025f0   0x080025f0   0x000000ba   Code   RO          927    .text.HAL_TIMEx_MasterConfigSynchronization  stm32f4xx_hal_tim_ex.o
    0x080026aa   0x080026aa   0x00000002   PAD
    0x080026ac   0x080026ac   0x0000005a   Code   RO          632    .text.HAL_TIM_Base_Init  stm32f4xx_hal_tim.o
    0x08002706   0x08002706   0x00000002   PAD
    0x08002708   0x08002708   0x00000120   Code   RO           74    .text.HAL_TIM_Base_MspInit  stm32f4xx_hal_msp.o
    0x08002828   0x08002828   0x000000a2   Code   RO          642    .text.HAL_TIM_Base_Start  stm32f4xx_hal_tim.o
    0x080028ca   0x080028ca   0x00000002   PAD
    0x080028cc   0x080028cc   0x000000aa   Code   RO          646    .text.HAL_TIM_Base_Start_IT  stm32f4xx_hal_tim.o
    0x08002976   0x08002976   0x00000002   PAD
    0x08002978   0x08002978   0x000001a0   Code   RO          812    .text.HAL_TIM_ConfigClockSource  stm32f4xx_hal_tim.o
    0x08002b18   0x08002b18   0x000000bc   Code   RO          754    .text.HAL_TIM_Encoder_Start  stm32f4xx_hal_tim.o
    0x08002bd4   0x08002bd4   0x00000002   Code   RO          768    .text.HAL_TIM_IC_CaptureCallback  stm32f4xx_hal_tim.o
    0x08002bd6   0x08002bd6   0x00000002   PAD
    0x08002bd8   0x08002bd8   0x00000170   Code   RO          766    .text.HAL_TIM_IRQHandler  stm32f4xx_hal_tim.o
    0x08002d48   0x08002d48   0x0000011e   Code   RO           78    .text.HAL_TIM_MspPostInit  stm32f4xx_hal_msp.o
    0x08002e66   0x08002e66   0x00000002   PAD
    0x08002e68   0x08002e68   0x00000002   Code   RO          770    .text.HAL_TIM_OC_DelayElapsedCallback  stm32f4xx_hal_tim.o
    0x08002e6a   0x08002e6a   0x00000002   PAD
    0x08002e6c   0x08002e6c   0x00000220   Code   RO          786    .text.HAL_TIM_PWM_ConfigChannel  stm32f4xx_hal_tim.o
    0x0800308c   0x0800308c   0x0000005a   Code   RO          686    .text.HAL_TIM_PWM_Init  stm32f4xx_hal_tim.o
    0x080030e6   0x080030e6   0x00000002   PAD
    0x080030e8   0x080030e8   0x00000034   Code   RO           76    .text.HAL_TIM_PWM_MspInit  stm32f4xx_hal_msp.o
    0x0800311c   0x0800311c   0x00000002   Code   RO          772    .text.HAL_TIM_PWM_PulseFinishedCallback  stm32f4xx_hal_tim.o
    0x0800311e   0x0800311e   0x00000002   PAD
    0x08003120   0x08003120   0x0000010e   Code   RO          694    .text.HAL_TIM_PWM_Start  stm32f4xx_hal_tim.o
    0x0800322e   0x0800322e   0x00000002   PAD
    0x08003230   0x08003230   0x00000158   Code   RO          167    .text.HAL_TIM_PeriodElapsedCallback  thread.o
    0x08003388   0x08003388   0x00000002   Code   RO          776    .text.HAL_TIM_TriggerCallback  stm32f4xx_hal_tim.o
    0x0800338a   0x0800338a   0x00000002   PAD
    0x0800338c   0x0800338c   0x00000002   Code   RO         1035    .text.HAL_UARTEx_RxEventCallback  stm32f4xx_hal_uart.o
    0x0800338e   0x0800338e   0x00000002   PAD
    0x08003390   0x08003390   0x00000002   Code   RO         1033    .text.HAL_UART_ErrorCallback  stm32f4xx_hal_uart.o
    0x08003392   0x08003392   0x00000002   PAD
    0x08003394   0x08003394   0x00000568   Code   RO         1027    .text.HAL_UART_IRQHandler  stm32f4xx_hal_uart.o
    0x080038fc   0x080038fc   0x0000005e   Code   RO          951    .text.HAL_UART_Init  stm32f4xx_hal_uart.o
    0x0800395a   0x0800395a   0x00000002   PAD
    0x0800395c   0x0800395c   0x00000086   Code   RO          206    .text.HAL_UART_MspInit  usart.o
    0x080039e2   0x080039e2   0x00000002   PAD
    0x080039e4   0x080039e4   0x00000002   Code   RO         1041    .text.HAL_UART_RxCpltCallback  stm32f4xx_hal_uart.o
    0x080039e6   0x080039e6   0x00000002   PAD
    0x080039e8   0x080039e8   0x0000004a   Code   RO          971    .text.HAL_UART_Transmit_IT  stm32f4xx_hal_uart.o
    0x08003a32   0x08003a32   0x00000002   PAD
    0x08003a34   0x08003a34   0x0000001e   Code   RO          173    .text.HAL_UART_TxCpltCallback  thread.o
    0x08003a52   0x08003a52   0x00000002   PAD
    0x08003a54   0x08003a54   0x0000026e   Code   RO         1113    .text.I2C_RequestMemoryWrite  stm32f4xx_hal_i2c.o
    0x08003cc2   0x08003cc2   0x00000002   PAD
    0x08003cc4   0x08003cc4   0x000000a8   Code   RO         1083    .text.I2C_WaitOnBTFFlagUntilTimeout  stm32f4xx_hal_i2c.o
    0x08003d6c   0x08003d6c   0x000000a4   Code   RO          157    .text.Init          thread.o
    0x08003e10   0x08003e10   0x00000042   Code   RO          223    .text.MX_I2C1_Init  i2cimu.o
    0x08003e52   0x08003e52   0x00000002   PAD
    0x08003e54   0x08003e54   0x00000042   Code   RO          225    .text.MX_I2C2_Init  i2cimu.o
    0x08003e96   0x08003e96   0x00000002   PAD
    0x08003e98   0x08003e98   0x0000004a   Code   RO          204    .text.MX_USART1_UART_Init  usart.o
    0x08003ee2   0x08003ee2   0x00000002   PAD
    0x08003ee4   0x08003ee4   0x00000002   Code   RO           47    .text.MemManage_Handler  stm32f4xx_it.o
    0x08003ee6   0x08003ee6   0x00000002   PAD
    0x08003ee8   0x08003ee8   0x00000002   Code   RO           43    .text.NMI_Handler   stm32f4xx_it.o
    0x08003eea   0x08003eea   0x00000002   PAD
    0x08003eec   0x08003eec   0x00000012   Code   RO         1231    .text.SysTick_Handler  board.o
    0x08003efe   0x08003efe   0x00000002   PAD
    0x08003f00   0x08003f00   0x000000ac   Code   RO           13    .text.SystemClock_Config  main.o
    0x08003fac   0x08003fac   0x00000086   Code   RO         1208    .text.SystemCoreClockUpdate  system_stm32f4xx.o
    0x08004032   0x08004032   0x00000002   PAD
    0x08004034   0x08004034   0x00000012   Code   RO         1206    .text.SystemInit    system_stm32f4xx.o
    0x08004046   0x08004046   0x00000002   PAD
    0x08004048   0x08004048   0x0000000c   Code   RO           15    .text.TIM1_UP_TIM10_IRQHandler  main.o
    0x08004054   0x08004054   0x0000001e   Code   RO           57    .text.TIM8_TRG_COM_TIM14_IRQHandler  stm32f4xx_it.o
    0x08004072   0x08004072   0x00000002   PAD
    0x08004074   0x08004074   0x0000000c   Code   RO           55    .text.TIM8_UP_TIM13_IRQHandler  stm32f4xx_it.o
    0x08004080   0x08004080   0x00000134   Code   RO          636    .text.TIM_Base_SetConfig  stm32f4xx_hal_tim.o
    0x080041b4   0x080041b4   0x0000000c   Code   RO         1031    .text.UART_DMAAbortOnError  stm32f4xx_hal_uart.o
    0x080041c0   0x080041c0   0x000000fe   Code   RO         1029    .text.UART_Receive_IT  stm32f4xx_hal_uart.o
    0x080042be   0x080042be   0x00000002   PAD
    0x080042c0   0x080042c0   0x000000e6   Code   RO          955    .text.UART_SetConfig  stm32f4xx_hal_uart.o
    0x080043a6   0x080043a6   0x00000002   PAD
    0x080043a8   0x080043a8   0x0000000c   Code   RO           45    .text.USART1_IRQHandler  stm32f4xx_it.o
    0x080043b4   0x080043b4   0x00000002   Code   RO           51    .text.UsageFault_Handler  stm32f4xx_it.o
    0x080043b6   0x080043b6   0x00000002   PAD
    0x080043b8   0x080043b8   0x00000038   Code   RO         1416    .text.__rt_ffs      kservice.o
    0x080043f0   0x080043f0   0x00000120   Code   RO          153    .text.change        thread.o
    0x08004510   0x08004510   0x000000f0   Code   RO          119    .text.dirControl    pwm.o
    0x08004600   0x08004600   0x00000042   Code   RO          219    .text.i2cWrite      i2cimu.o
    0x08004642   0x08004642   0x00000002   PAD
    0x08004644   0x08004644   0x000005a2   Code   RO           11    .text.main          main.o
    0x08004be6   0x08004be6   0x00000002   PAD
    0x08004be8   0x08004be8   0x00000032   Code   RO         1276    .text.main_thread_entry  components.o
    0x08004c1a   0x08004c1a   0x00000002   PAD
    0x08004c1c   0x08004c1c   0x00000584   Code   RO         1400    .text.print_number  kservice.o
    0x080051a0   0x080051a0   0x0000002a   Code   RO         1268    .text.rt_components_board_init  components.o
    0x080051ca   0x080051ca   0x00000002   PAD
    0x080051cc   0x080051cc   0x0000001c   Code   RO         1487    .text.rt_enter_critical  scheduler.o
    0x080051e8   0x080051e8   0x00000092   Code   RO         1489    .text.rt_exit_critical  scheduler.o
    0x0800527a   0x0800527a   0x00000002   PAD
    0x0800527c   0x0800527c   0x00000120   Code   RO         1435    .text.rt_free       mem.o
    0x0800539c   0x0800539c   0x0000000a   Code   RO         1225    .text.rt_heap_begin_get  board.o
    0x080053a6   0x080053a6   0x00000002   PAD
    0x080053a8   0x080053a8   0x0000000e   Code   RO         1227    .text.rt_heap_end_get  board.o
    0x080053b6   0x080053b6   0x00000002   PAD
    0x080053b8   0x080053b8   0x00000062   Code   RO         1229    .text.rt_hw_board_init  board.o
    0x0800541a   0x0800541a   0x00000002   PAD
    0x0800541c   0x0800541c   0x00000002   Code   RO         1408    .text.rt_hw_console_output  kservice.o
    0x0800541e   0x0800541e   0x00000002   PAD
    0x08005420   0x08005420   0x000001a4   Code   RO         1578    .text.rt_hw_hard_fault_exception  cpuport.o
    0x080055c4   0x080055c4   0x00000042   Code   RO         1574    .text.rt_hw_stack_init  cpuport.o
    0x08005606   0x08005606   0x00000002   PAD
    0x08005608   0x08005608   0x0000001c   Code   RO         1349    .text.rt_interrupt_enter  irq.o
    0x08005624   0x08005624   0x0000001c   Code   RO         1351    .text.rt_interrupt_leave  irq.o
    0x08005640   0x08005640   0x00000032   Code   RO         1396    .text.rt_kprintf    kservice.o
    0x08005672   0x08005672   0x00000002   PAD
    0x08005674   0x08005674   0x0000018a   Code   RO         1431    .text.rt_malloc     mem.o
    0x080057fe   0x080057fe   0x00000002   PAD
    0x08005800   0x08005800   0x00000110   Code   RO         1370    .text.rt_memset     kservice.o
    0x08005910   0x08005910   0x0000007a   Code   RO         1458    .text.rt_object_allocate  object.o
    0x0800598a   0x0800598a   0x00000002   PAD
    0x0800598c   0x0800598c   0x0000002a   Code   RO         1460    .text.rt_object_delete  object.o
    0x080059b6   0x080059b6   0x00000002   PAD
    0x080059b8   0x080059b8   0x00000022   Code   RO         1456    .text.rt_object_detach  object.o
    0x080059da   0x080059da   0x00000002   PAD
    0x080059dc   0x080059dc   0x0000008a   Code   RO         1454    .text.rt_object_init  object.o
    0x08005a66   0x08005a66   0x00000002   PAD
    0x08005a68   0x08005a68   0x00000006   Code   RO         1462    .text.rt_object_is_systemobject  object.o
    0x08005a6e   0x08005a6e   0x00000002   PAD
    0x08005a70   0x08005a70   0x00000076   Code   RO         1481    .text.rt_schedule   scheduler.o
    0x08005ae6   0x08005ae6   0x00000002   PAD
    0x08005ae8   0x08005ae8   0x00000052   Code   RO         1483    .text.rt_schedule_insert_thread  scheduler.o
    0x08005b3a   0x08005b3a   0x00000002   PAD
    0x08005b3c   0x08005b3c   0x00000052   Code   RO         1485    .text.rt_schedule_remove_thread  scheduler.o
    0x08005b8e   0x08005b8e   0x00000002   PAD
    0x08005b90   0x08005b90   0x00000022   Code   RO         1315    .text.rt_sem_create  ipc.o
    0x08005bb2   0x08005bb2   0x00000002   PAD
    0x08005bb4   0x08005bb4   0x00000020   Code   RO         1311    .text.rt_sem_init   ipc.o
    0x08005bd4   0x08005bd4   0x0000003a   Code   RO         1323    .text.rt_sem_release  ipc.o
    0x08005c0e   0x08005c0e   0x00000002   PAD
    0x08005c10   0x08005c10   0x00000112   Code   RO         1319    .text.rt_sem_take   ipc.o
    0x08005d22   0x08005d22   0x00000002   PAD
    0x08005d24   0x08005d24   0x000000b8   Code   RO         1394    .text.rt_show_version  kservice.o
    0x08005ddc   0x08005ddc   0x00000096   Code   RO         1384    .text.rt_strncpy    kservice.o
    0x08005e72   0x08005e72   0x00000002   PAD
    0x08005e74   0x08005e74   0x000000c0   Code   RO         1429    .text.rt_system_heap_init  mem.o
    0x08005f34   0x08005f34   0x0000012a   Code   RO         1477    .text.rt_system_scheduler_init  scheduler.o
    0x0800605e   0x0800605e   0x00000002   PAD
    0x08006060   0x08006060   0x00000030   Code   RO         1479    .text.rt_system_scheduler_start  scheduler.o
    0x08006090   0x08006090   0x00000010   Code   RO         1561    .text.rt_system_timer_init  timer.o
    0x080060a0   0x080060a0   0x00000002   Code   RO         1563    .text.rt_system_timer_thread_init  timer.o
    0x080060a2   0x080060a2   0x00000002   PAD
    0x080060a4   0x080060a4   0x000000b0   Code   RO         1515    .text.rt_thread_create  thread_1.o
    0x08006154   0x08006154   0x0000000a   Code   RO         1525    .text.rt_thread_delay  thread_1.o
    0x0800615e   0x0800615e   0x00000002   PAD
    0x08006160   0x08006160   0x0000006c   Code   RO         1503    .text.rt_thread_exit  thread_1.o
    0x080061cc   0x080061cc   0x0000006c   Code   RO         1297    .text.rt_thread_idle_entry  idle.o
    0x08006238   0x08006238   0x00000050   Code   RO         1295    .text.rt_thread_idle_init  idle.o
    0x08006288   0x08006288   0x0000008e   Code   RO         1505    .text.rt_thread_init  thread_1.o
    0x08006316   0x08006316   0x00000002   PAD
    0x08006318   0x08006318   0x00000044   Code   RO         1511    .text.rt_thread_resume  thread_1.o
    0x0800635c   0x0800635c   0x0000000c   Code   RO         1507    .text.rt_thread_self  thread_1.o
    0x08006368   0x08006368   0x00000078   Code   RO         1521    .text.rt_thread_sleep  thread_1.o
    0x080063e0   0x080063e0   0x0000005a   Code   RO         1509    .text.rt_thread_startup  thread_1.o
    0x0800643a   0x0800643a   0x00000002   PAD
    0x0800643c   0x0800643c   0x00000042   Code   RO         1523    .text.rt_thread_suspend  thread_1.o
    0x0800647e   0x0800647e   0x00000002   PAD
    0x08006480   0x08006480   0x00000026   Code   RO         1531    .text.rt_thread_timeout  thread_1.o
    0x080064a6   0x080064a6   0x00000002   PAD
    0x080064a8   0x080064a8   0x00000068   Code   RO         1519    .text.rt_thread_yield  thread_1.o
    0x08006510   0x08006510   0x0000000c   Code   RO         1243    .text.rt_tick_get   clock.o
    0x0800651c   0x0800651c   0x00000034   Code   RO         1247    .text.rt_tick_increase  clock.o
    0x08006550   0x08006550   0x0000007e   Code   RO         1557    .text.rt_timer_check  timer.o
    0x080065ce   0x080065ce   0x00000002   PAD
    0x080065d0   0x080065d0   0x00000030   Code   RO         1555    .text.rt_timer_control  timer.o
    0x08006600   0x08006600   0x00000026   Code   RO         1545    .text.rt_timer_detach  timer.o
    0x08006626   0x08006626   0x00000002   PAD
    0x08006628   0x08006628   0x00000032   Code   RO         1543    .text.rt_timer_init  timer.o
    0x0800665a   0x0800665a   0x00000002   PAD
    0x0800665c   0x0800665c   0x000000d6   Code   RO         1551    .text.rt_timer_start  timer.o
    0x08006732   0x08006732   0x00000002   PAD
    0x08006734   0x08006734   0x00000036   Code   RO         1553    .text.rt_timer_stop  timer.o
    0x0800676a   0x0800676a   0x00000002   PAD
    0x0800676c   0x0800676c   0x00000820   Code   RO         1398    .text.rt_vsnprintf  kservice.o
    0x08006f8c   0x08006f8c   0x00000004   Code   RO         1264    .text.rti_board_end  components.o
    0x08006f90   0x08006f90   0x00000004   Code   RO         1262    .text.rti_board_start  components.o
    0x08006f94   0x08006f94   0x00000004   Code   RO         1266    .text.rti_end       components.o
    0x08006f98   0x08006f98   0x00000004   Code   RO         1260    .text.rti_start     components.o
    0x08006f9c   0x08006f9c   0x00000004   PAD
    0x08006fa0   0x08006fa0   0x00000050   Code   RO          165    .text.thread1_entry  thread.o
    0x08006ff0   0x08006ff0   0x00000060   Code   RO          169    .text.thread2_entry  thread.o
    0x08007050   0x08007050   0x0000009e   Code   RO          163    .text.thread4_entry  thread.o
    0x080070ee   0x080070ee   0x00000002   PAD
    0x080070f0   0x080070f0   0x000000d4   Code   RO          171    .text.thread_create  thread.o
    0x080071c4   0x080071c4   0x00000334   Code   RO          155    .text.vLRControl    thread.o
    0x080074f8   0x080074f8   0x00000150   Code   RO         3648    x$fpl$dadd          fz_wm.l(daddsub_clz.o)
    0x08007648   0x08007648   0x00000018   Code   RO         3872    x$fpl$dcmpinf       fz_wm.l(dcmpi.o)
    0x08007660   0x08007660   0x000002b8   Code   RO         3657    x$fpl$ddiv          fz_wm.l(ddiv.o)
    0x08007918   0x08007918   0x00000078   Code   RO         3765    x$fpl$deqf          fz_wm.l(deqf.o)
    0x08007990   0x08007990   0x0000005e   Code   RO         3660    x$fpl$dfix          fz_wm.l(dfix.o)
    0x080079ee   0x080079ee   0x00000026   Code   RO         3668    x$fpl$dfltu         fz_wm.l(dflt_clz.o)
    0x08007a14   0x08007a14   0x00000078   Code   RO         3767    x$fpl$dgeqf         fz_wm.l(dgeqf.o)
    0x08007a8c   0x08007a8c   0x00000078   Code   RO         3769    x$fpl$dleqf         fz_wm.l(dleqf.o)
    0x08007b04   0x08007b04   0x00000154   Code   RO         3674    x$fpl$dmul          fz_wm.l(dmul.o)
    0x08007c58   0x08007c58   0x0000009c   Code   RO         3771    x$fpl$dnaninf       fz_wm.l(dnaninf.o)
    0x08007cf4   0x08007cf4   0x0000000c   Code   RO         3773    x$fpl$dretinf       fz_wm.l(dretinf.o)
    0x08007d00   0x08007d00   0x000001dc   Code   RO         3650    x$fpl$dsub          fz_wm.l(daddsub_clz.o)
    0x08007edc   0x08007edc   0x00000054   Code   RO         3654    x$fpl$fcmp          fz_wm.l(dcmp.o)
    0x08007f30   0x08007f30   0x0000001a   Code   RO         3963    x$fpl$fpinit        fz_wm.l(fpinit.o)
    0x08007f4a   0x08007f4a   0x00000000   Code   RO         3785    x$fpl$usenofp       fz_wm.l(usenofp.o)
    0x08007f4a   0x08007f4a   0x00000010   Data   RO         1211    .rodata.AHBPrescTable  system_stm32f4xx.o
    0x08007f5a   0x08007f5a   0x00000008   Data   RO         1212    .rodata.APBPrescTable  system_stm32f4xx.o
    0x08007f62   0x08007f62   0x00000100   Data   RO         1420    .rodata.__lowest_bit_bitmap  kservice.o
    0x08008062   0x08008062   0x00000005   Data   RO         1284    .rodata.str1.1      components.o
    0x08008067   0x08008067   0x00000093   Data   RO         1585    .rodata.str1.1      cpuport.o
    0x080080fa   0x080080fa   0x00000002   PAD
    0x080080fc   0x080080fc   0x00000004   Data   RO         1280    .rti_fn.0           components.o
    0x08008100   0x08008100   0x00000004   Data   RO         1281    .rti_fn.0.end       components.o
    0x08008104   0x08008104   0x00000004   Data   RO         1282    .rti_fn.1.end       components.o
    0x08008108   0x08008108   0x00000004   Data   RO         1283    .rti_fn.6.end       components.o
    0x0800810c   0x0800810c   0x00000020   Data   RO         4024    Region$$Table       anon$$obj.o


    Execution Region RW_IRAM2 (Exec base: 0x10000000, Load base: 0x080081b0, Size: 0x00000000, Max: 0x00010000, ABSOLUTE)

    **** No section assigned to this execution region ****


    Execution Region RW_IRAM1 (Exec base: 0x20000000, Load base: 0x08008130, Size: 0x00002310, Max: 0x00020000, ABSOLUTE)

    Exec Addr    Load Addr    Size         Type   Attr      Idx    E Section Name        Object

    0x20000000   0x08008130   0x00000020   Data   RW          140    .data..L_MergedGlobals  pwm.o
    0x20000020   0x08008150   0x00000008   Data   RW          597    .data..L_MergedGlobals  stm32f4xx_hal.o
    0x20000028   0x08008158   0x00000004   Data   RW         1210    .data.SystemCoreClock  system_stm32f4xx.o
    0x2000002c   0x0800815c   0x00000010   Data   RW          134    .data.htim_list     pwm.o
    0x2000003c   0x0800816c   0x00000040   Data   RW         1468    .data.rt_object_container  object.o
    0x2000007c   0x080081ac   0x00000004   PAD
    0x20000080        -       0x00000060   Zero   RW         3875    .bss                c_w.l(libspace.o)
    0x200000e0        -       0x00000060   Zero   RW           34    .bss..L_MergedGlobals  main.o
    0x20000140        -       0x00000070   Zero   RW          193    .bss..L_MergedGlobals  thread.o
    0x200001b0        -       0x00000038   Zero   RW         1441    .bss..L_MergedGlobals  mem.o
    0x200001e8        -       0x00000014   Zero   RW         1494    .bss..L_MergedGlobals  scheduler.o
    0x200001fc        -       0x0000000c   Zero   RW         1565    .bss..L_MergedGlobals  timer.o
    0x20000208        -       0x00000008   Zero   RW           31    .bss.Bi             main.o
    0x20000210        -       0x00000010   Zero   RW          135    .bss.direct         pwm.o
    0x20000220        -       0x00000020   Zero   RW          178    .bss.eLast          thread.o
    0x20000240        -       0x00000004   Zero   RW          175    .bss.flag_thread4   thread.o
    0x20000244        -       0x00000054   Zero   RW          227    .bss.hi2c1          i2cimu.o
    0x20000298        -       0x00000054   Zero   RW          228    .bss.hi2c2          i2cimu.o
    0x200002ec        -       0x00000048   Zero   RW          136    .bss.htim1          pwm.o
    0x20000334        -       0x00000048   Zero   RW          132    .bss.htim10         pwm.o
    0x2000037c        -       0x00000048   Zero   RW          133    .bss.htim11         pwm.o
    0x200003c4        -       0x00000048   Zero   RW          100    .bss.htim14         stm32f4xx_hal_timebase_tim.o
    0x2000040c        -       0x00000048   Zero   RW          137    .bss.htim2          pwm.o
    0x20000454        -       0x00000048   Zero   RW          139    .bss.htim4          pwm.o
    0x2000049c        -       0x00000048   Zero   RW          130    .bss.htim8          pwm.o
    0x200004e4        -       0x00000048   Zero   RW          131    .bss.htim9          pwm.o
    0x2000052c        -       0x00000044   Zero   RW          210    .bss.huart1         usart.o
    0x20000570        -       0x00000078   Zero   RW         1301    .bss.idle           idle.o
    0x200005e8        -       0x00000010   Zero   RW          129    .bss.pwmVal         pwm.o
    0x200005f8        -       0x00000004   Zero   RW         1584    .bss.rt_exception_hook  cpuport.o
    0x200005fc        -       0x00001000   Zero   RW         1233    .bss.rt_heap        board.o
    0x200015fc        -       0x00000004   Zero   RW         1586    .bss.rt_interrupt_from_thread  cpuport.o
    0x20001600        -       0x00000001   Zero   RW         1355    .bss.rt_interrupt_nest  irq.o
    0x20001601   0x080081ac   0x00000003   PAD
    0x20001604        -       0x00000004   Zero   RW         1587    .bss.rt_interrupt_to_thread  cpuport.o
    0x20001608        -       0x00000080   Zero   RW         1419    .bss.rt_kprintf.rt_log_buf  kservice.o
    0x20001688        -       0x00000100   Zero   RW         1493    .bss.rt_thread_priority_table  scheduler.o
    0x20001788        -       0x00000100   Zero   RW         1302    .bss.rt_thread_stack  idle.o
    0x20001888        -       0x00000004   Zero   RW         1588    .bss.rt_thread_switch_interrupt_flag  cpuport.o
    0x2000188c        -       0x00000004   Zero   RW         1251    .bss.rt_tick        clock.o
    0x20001890        -       0x00000078   Zero   RW          180    .bss.thread2        thread.o
    0x20001908        -       0x00000400   Zero   RW          181    .bss.thread2_stack  thread.o
    0x20001d08        -       0x00000004   Zero   RW           27    .bss.tick_time      main.o
    0x20001d0c        -       0x00000004   Zero   RW          596    .bss.uwTick         stm32f4xx_hal.o
    0x20001d10        -       0x00000200   Zero   RW            2    HEAP                startup_stm32f407xx.o
    0x20001f10        -       0x00000400   Zero   RW            1    STACK               startup_stm32f407xx.o


==============================================================================

Image component sizes


      Code (inc. data)   RO Data    RW Data    ZI Data      Debug   Object Name

       140          0          0          0       4096       1488   board.o
       120         16          0          0          0        695   calculate.o
        64          0          0          0          4       2662   clock.o
       192          0         21          0          0       3701   components.o
       308         26          0          0          0        892   context_rvds.o
       486        160        147          0         16       3302   cpuport.o
       198          0          0          0        168       4527   i2cimu.o
       188          8          0          0        376       3541   idle.o
       398          0          0          0          0      10787   ipc.o
        56          0          0          0          1       1130   irq.o
      4206        434        256          0        128      27993   kservice.o
      2690        144          0          0        108      14699   main.o
       874        144          0          0         56       5569   mem.o
       342          0          0         64          0       5831   object.o
       284          8          0         48        536       6081   pwm.o
       802          0          0          0        276       6184   scheduler.o
        64         26        392          0       1536        828   startup_stm32f407xx.o
       132          0          0          8          4       7284   stm32f4xx_hal.o
       152          0          0          0          0      10412   stm32f4xx_hal_cortex.o
       178          0          0          0          0      10635   stm32f4xx_hal_dma.o
       420          0          0          0          0       5332   stm32f4xx_hal_gpio.o
      4206          0          0          0          0      55249   stm32f4xx_hal_i2c.o
       888          0          0          0          0      11808   stm32f4xx_hal_msp.o
      1540          0          0          0          0       7365   stm32f4xx_hal_rcc.o
      2614          6          0          0          0      57226   stm32f4xx_hal_tim.o
       266          0          0          0          0      21470   stm32f4xx_hal_tim_ex.o
       144          0          0          0         72       7064   stm32f4xx_hal_timebase_tim.o
      2054          0          0          0          0      31842   stm32f4xx_hal_uart.o
        64          0          0          0          0       5388   stm32f4xx_it.o
       152          0         24          4          0       2629   system_stm32f4xx.o
      2192        100          0          0       1292      12721   thread.o
       934          0          0          0          0       9956   thread_1.o
       548          4          0          0         12       7332   timer.o
       208          0          0          0         68       7770   usart.o

    ----------------------------------------------------------------------
     28284       1076        874        124       8756     371393   Object Totals
         0          0         32          0          0          0   (incl. Generated)
       180          0          2          0          7          0   (incl. Padding)

    ----------------------------------------------------------------------

      Code (inc. data)   RO Data    RW Data    ZI Data      Debug   Library Member Name

        64          6          0          0          0         84   __2snprintf.o
         8          0          0          0          0         68   __main.o
       104          0          0          0          0         84   __printf.o
         0          0          0          0          0          0   __rtentry.o
        12          0          0          0          0          0   __rtentry2.o
         6          0          0          0          0          0   __rtentry4.o
        94          8          0          0          0          0   __scatter.o
        26          0          0          0          0          0   __scatter_copy.o
        28          0          0          0          0          0   __scatter_zi.o
        48          6          0          0          0         96   _printf_char_common.o
         6          0          0          0          0          0   _printf_d.o
       120         16          0          0          0         92   _printf_dec.o
       178          0          0          0          0         88   _printf_intcommon.o
         0          0          0          0          0          0   _printf_percent.o
         4          0          0          0          0          0   _printf_percent_end.o
        16          0          0          0          0         68   _snputc.o
        16          0          0          0          0         68   aeabi_memset.o
        18          0          0          0          0         80   exit.o
         6          0          0          0          0        152   heapauxi.o
         0          0          0          0          0          0   indicate_semi.o
         2          0          0          0          0          0   libinit.o
         6          0          0          0          0          0   libinit2.o
         2          0          0          0          0          0   libshutdown.o
         2          0          0          0          0          0   libshutdown2.o
         8          4          0          0         96         68   libspace.o
       240          0          0          0          0        100   lludivv7m.o
        68          0          0          0          0         68   rt_memclr.o
        78          0          0          0          0         80   rt_memclr_w.o
         2          0          0          0          0          0   rtexit.o
        10          0          0          0          0          0   rtexit2.o
        12          4          0          0          0         68   sys_exit.o
        74          0          0          0          0         80   sys_stackheap_outer.o
         2          0          0          0          0         68   use_no_semi.o
       812         16          0          0          0        392   daddsub_clz.o
        84          0          0          0          0        244   dcmp.o
        24          0          0          0          0        116   dcmpi.o
       696        140          0          0          0        264   ddiv.o
       120          4          0          0          0        140   deqf.o
        94          4          0          0          0        140   dfix.o
        38          0          0          0          0        116   dflt_clz.o
       120          4          0          0          0        140   dgeqf.o
       120          4          0          0          0        140   dleqf.o
       340         12          0          0          0        152   dmul.o
       156          4          0          0          0        140   dnaninf.o
        12          0          0          0          0        116   dretinf.o
        26          0          0          0          0        116   fpinit.o
         0          0          0          0          0          0   usenofp.o

    ----------------------------------------------------------------------
      3910        232          0          0         96       3628   Library Totals
         8          0          0          0          0          0   (incl. Padding)

    ----------------------------------------------------------------------

      Code (inc. data)   RO Data    RW Data    ZI Data      Debug   Library Name

      1260         44          0          0         96       1412   c_w.l
      2642        188          0          0          0       2216   fz_wm.l

    ----------------------------------------------------------------------
      3910        232          0          0         96       3628   Library Totals

    ----------------------------------------------------------------------

==============================================================================


      Code (inc. data)   RO Data    RW Data    ZI Data      Debug   

     32194       1308        874        124       8852     372393   Grand Totals
     32194       1308        874        124       8852     372393   ELF Image Totals
     32194       1308        874        124          0          0   ROM Totals

==============================================================================

    Total RO  Size (Code + RO Data)                33068 (  32.29kB)
    Total RW  Size (RW Data + ZI Data)              8976 (   8.77kB)
    Total ROM Size (Code + RO Data + RW Data)      33192 (  32.41kB)

==============================================================================

