<html>
<body>
<pre>
<h1>µVision Build Log</h1>
<h2>Tool Versions:</h2>
IDE-Version: ¦ÌVision V5.41.0.0
Copyright (C) 2024 ARM Ltd and ARM Germany GmbH. All rights reserved.
License Information: huangxin HUAWEI, nbt, LIC=HN0AE-5PBCE-Z9NG9-4TRF7-YNS0U-UKA4U
 
Tool Versions:
Toolchain:       MDK-ARM Plus  Version: 5.41.0.0
Toolchain Path:  D:\keil\core\ARM\ARMCLANG\Bin
C Compiler:      ArmClang.exe V6.22
Assembler:       Armasm.exe V6.22
Linker/Locator:  ArmLink.exe V6.22
Library Manager: ArmAr.exe V6.22
Hex Converter:   FromElf.exe V6.22
CPU DLL:         SARMCM3.DLL V5.41.0.0
Dialog DLL:      DCM.DLL V1.17.5.0
Target DLL:      STLink\ST-LINKIII-KEIL_SWO.dll V3.3.0.0
Dialog DLL:      TCM.DLL V1.56.4.0
 
<h2>Project:</h2>
D:\Desktop\MoterDevice2.0.3\MDK-ARM\MoterDevice2.0.0.uvprojx
Project File Date:  06/13/2025

<h2>Output:</h2>
*** Using Compiler 'V6.22', folder: 'D:\keil\core\ARM\ARMCLANG\Bin'
Rebuild target 'MoterDevice2.0.0'
Note: source file '../Middlewares/Third_Party/RealThread_RTOS_RT-Thread/src/thread.c' - object file renamed from 'MoterDevice2.0.0\thread.o' to 'MoterDevice2.0.0\thread_1.o'.
compiling calculate.c...
compiling stm32f4xx_it.c...
compiling stm32f4xx_hal_timebase_tim.c...
compiling pwm.c...
compiling main.c...
assembling startup_stm32f407xx.s...
compiling stm32f4xx_hal_msp.c...
compiling thread.c...
compiling usart.c...
compiling i2cImu.c...
compiling stm32f4xx_hal_rcc_ex.c...
compiling stm32f4xx_hal_flash.c...
compiling stm32f4xx_hal_rcc.c...
compiling stm32f4xx_hal_flash_ex.c...
compiling stm32f4xx_hal_flash_ramfunc.c...
compiling stm32f4xx_hal_gpio.c...
compiling magnetometer.c...
compiling stm32f4xx_hal_pwr.c...
compiling stm32f4xx_hal_dma_ex.c...
compiling stm32f4xx_hal_dma.c...
compiling stm32f4xx_hal_pwr_ex.c...
compiling stm32f4xx_hal_cortex.c...
compiling stm32f4xx_hal.c...
compiling stm32f4xx_hal_exti.c...
compiling stm32f4xx_hal_i2c_ex.c...
compiling system_stm32f4xx.c...
compiling stm32f4xx_hal_tim_ex.c...
compiling board.c...
compiling stm32f4xx_hal_uart.c...
assembling context_rvds.S...
compiling clock.c...
compiling components.c...
compiling stm32f4xx_hal_tim.c...
compiling idle.c...
compiling irq.c...
compiling ipc.c...
compiling mem.c...
compiling object.c...
compiling scheduler.c...
compiling stm32f4xx_hal_i2c.c...
compiling thread.c...
compiling timer.c...
compiling cpuport.c...
compiling kservice.c...
compiling BasicMathFunctionsF16.c...
compiling BayesFunctions.c...
compiling BayesFunctionsF16.c...
compiling ComplexMathFunctionsF16.c...
compiling ControllerFunctions.c...
compiling CommonTablesF16.c...
compiling ComplexMathFunctions.c...
compiling BasicMathFunctions.c...
compiling DistanceFunctionsF16.c...
compiling FastMathFunctionsF16.c...
compiling FilteringFunctionsF16.c...
compiling FastMathFunctions.c...
compiling InterpolationFunctionsF16.c...
compiling DistanceFunctions.c...
compiling InterpolationFunctions.c...
compiling CommonTables.c...
compiling QuaternionMathFunctions.c...
compiling SVMFunctions.c...
compiling SVMFunctionsF16.c...
compiling SupportFunctionsF16.c...
compiling StatisticsFunctionsF16.c...
compiling MatrixFunctionsF16.c...
compiling SupportFunctions.c...
compiling StatisticsFunctions.c...
compiling TransformFunctionsF16.c...
compiling WindowFunctions.c...
compiling MatrixFunctions.c...
compiling TransformFunctions.c...
compiling FilteringFunctions.c...
linking...
Program Size: Code=32194 RO-data=874 RW-data=124 ZI-data=8852  
FromELF: creating hex file...
"MoterDevice2.0.0\MoterDevice2.0.0.axf" - 0 Error(s), 0 Warning(s).

<h2>Software Packages used:</h2>

Package Vendor: ARM
                https://www.keil.com/pack/ARM.CMSIS.6.1.0.pack
                ARM::CMSIS@6.1.0
                CMSIS (Common Microcontroller Software Interface Standard)
   * Component: CORE Version: 6.1.0

Package Vendor: ARM
                https://www.keil.com/pack/ARM.CMSIS-DSP.1.16.2.pack
                ARM::CMSIS-DSP@1.16.2
                CMSIS Embedded Compute Library
   * Component: DSP Variant: Source Version: 1.16.2

Package Vendor: Keil
                https://www.keil.com/pack/Keil.STM32F4xx_DFP.3.0.0.pack
                Keil::STM32F4xx_DFP@3.0.0
                STMicroelectronics STM32F4 Series Device Support

<h2>Collection of Component include folders:</h2>
  ./RTE/_MoterDevice2.0.0
  D:/keil/pack/ARM/CMSIS-DSP/1.16.2/Include
  D:/keil/pack/ARM/CMSIS-DSP/1.16.2/PrivateInclude
  D:/keil/pack/ARM/CMSIS/6.1.0/CMSIS/Core/Include

<h2>Collection of Component Files used:</h2>

   * Component: ARM::CMSIS:CORE@6.1.0
      Include file:  CMSIS/Core/Include/tz_context.h

   * Component: ARM::CMSIS:DSP&Source@1.16.2
      Source file:   Source/QuaternionMathFunctions/QuaternionMathFunctions.c
      Source file:   Source/BayesFunctions/BayesFunctions.c
      Source file:   Source/BasicMathFunctions/BasicMathFunctions.c
      Source file:   Source/CommonTables/CommonTables.c
      Source file:   Source/MatrixFunctions/MatrixFunctions.c
      Source file:   Source/SVMFunctions/SVMFunctions.c
      Include file:  Include/arm_math_f16.h
      Include file:  Include/arm_common_tables_f16.h
      Source file:   Source/ComplexMathFunctions/ComplexMathFunctions.c
      Source file:   Source/ControllerFunctions/ControllerFunctions.c
      Include file:  Include/arm_common_tables.h
      Include file:  Include/arm_math.h
      Source file:   Source/DistanceFunctions/DistanceFunctions.c
      Source file:   Source/FastMathFunctions/FastMathFunctions.c
      Source file:   Source/FilteringFunctions/FilteringFunctions.c
      Source file:   Source/StatisticsFunctions/StatisticsFunctions.c
      Source file:   Source/SupportFunctions/SupportFunctions.c
      Include file:  Include/arm_const_structs.h
      Include file:  Include/arm_const_structs_f16.h
      Source file:   Source/FastMathFunctions/FastMathFunctionsF16.c
      Source file:   Source/TransformFunctions/TransformFunctionsF16.c
      Source file:   Source/BasicMathFunctions/BasicMathFunctionsF16.c
      Source file:   Source/SupportFunctions/SupportFunctionsF16.c
      Source file:   Source/InterpolationFunctions/InterpolationFunctions.c
      Source file:   Source/DistanceFunctions/DistanceFunctionsF16.c
      Source file:   Source/InterpolationFunctions/InterpolationFunctionsF16.c
      Source file:   Source/SVMFunctions/SVMFunctionsF16.c
      Source file:   Source/StatisticsFunctions/StatisticsFunctionsF16.c
      Source file:   Source/WindowFunctions/WindowFunctions.c
      Source file:   Source/BayesFunctions/BayesFunctionsF16.c
      Source file:   Source/FilteringFunctions/FilteringFunctionsF16.c
      Source file:   Source/TransformFunctions/TransformFunctions.c
      Source file:   Source/ComplexMathFunctions/ComplexMathFunctionsF16.c
      Source file:   Source/CommonTables/CommonTablesF16.c
      Source file:   Source/MatrixFunctions/MatrixFunctionsF16.c
Build Time Elapsed:  00:00:21
</pre>
</body>
</html>
