Component: Arm Compiler for Embedded 6.22 Tool: armlink [5ee90200]

==============================================================================

Section Cross References

    startup_stm32f407xx.o(STACK) refers (Special) to heapauxi.o(.text) for __use_two_region_memory
    startup_stm32f407xx.o(HEAP) refers (Special) to heapauxi.o(.text) for __use_two_region_memory
    startup_stm32f407xx.o(RESET) refers (Special) to heapauxi.o(.text) for __use_two_region_memory
    startup_stm32f407xx.o(RESET) refers to startup_stm32f407xx.o(STACK) for __initial_sp
    startup_stm32f407xx.o(RESET) refers to startup_stm32f407xx.o(.text) for Reset_Handler
    startup_stm32f407xx.o(RESET) refers to stm32f4xx_it.o(.text.NMI_Handler) for NMI_Handler
    startup_stm32f407xx.o(RESET) refers to context_rvds.o(.text) for HardFault_Handler
    startup_stm32f407xx.o(RESET) refers to stm32f4xx_it.o(.text.MemManage_Handler) for MemManage_Handler
    startup_stm32f407xx.o(RESET) refers to stm32f4xx_it.o(.text.BusFault_Handler) for BusFault_Handler
    startup_stm32f407xx.o(RESET) refers to stm32f4xx_it.o(.text.UsageFault_Handler) for UsageFault_Handler
    startup_stm32f407xx.o(RESET) refers to stm32f4xx_it.o(.text.DebugMon_Handler) for DebugMon_Handler
    startup_stm32f407xx.o(RESET) refers to board.o(.text.SysTick_Handler) for SysTick_Handler
    startup_stm32f407xx.o(RESET) refers to main.o(.text.EXTI4_IRQHandler) for EXTI4_IRQHandler
    startup_stm32f407xx.o(RESET) refers to main.o(.text.EXTI9_5_IRQHandler) for EXTI9_5_IRQHandler
    startup_stm32f407xx.o(RESET) refers to main.o(.text.TIM1_UP_TIM10_IRQHandler) for TIM1_UP_TIM10_IRQHandler
    startup_stm32f407xx.o(RESET) refers to stm32f4xx_it.o(.text.USART1_IRQHandler) for USART1_IRQHandler
    startup_stm32f407xx.o(RESET) refers to main.o(.text.EXTI15_10_IRQHandler) for EXTI15_10_IRQHandler
    startup_stm32f407xx.o(RESET) refers to stm32f4xx_it.o(.text.TIM8_UP_TIM13_IRQHandler) for TIM8_UP_TIM13_IRQHandler
    startup_stm32f407xx.o(RESET) refers to stm32f4xx_it.o(.text.TIM8_TRG_COM_TIM14_IRQHandler) for TIM8_TRG_COM_TIM14_IRQHandler
    startup_stm32f407xx.o(.text) refers (Special) to heapauxi.o(.text) for __use_two_region_memory
    startup_stm32f407xx.o(.text) refers to system_stm32f4xx.o(.text.SystemInit) for SystemInit
    startup_stm32f407xx.o(.text) refers to __main.o(!!!main) for __main
    startup_stm32f407xx.o(.text) refers to startup_stm32f407xx.o(HEAP) for Heap_Mem
    startup_stm32f407xx.o(.text) refers to startup_stm32f407xx.o(STACK) for Stack_Mem
    main.o(.text.main) refers to main.o(.bss.Bi) for Bi
    main.o(.text.main) refers to stm32f4xx_hal.o(.text.HAL_Init) for HAL_Init
    main.o(.text.main) refers to main.o(.text.SystemClock_Config) for SystemClock_Config
    main.o(.text.main) refers to stm32f4xx_hal_gpio.o(.text.HAL_GPIO_WritePin) for HAL_GPIO_WritePin
    main.o(.text.main) refers to stm32f4xx_hal_gpio.o(.text.HAL_GPIO_Init) for HAL_GPIO_Init
    main.o(.text.main) refers to stm32f4xx_hal_cortex.o(.text.HAL_NVIC_SetPriority) for HAL_NVIC_SetPriority
    main.o(.text.main) refers to stm32f4xx_hal_cortex.o(.text.HAL_NVIC_EnableIRQ) for HAL_NVIC_EnableIRQ
    main.o(.text.main) refers to pwm.o(.bss.htim1) for htim1
    main.o(.text.main) refers to stm32f4xx_hal_tim.o(.text.HAL_TIM_Base_Init) for HAL_TIM_Base_Init
    main.o(.text.main) refers to stm32f4xx_hal_tim.o(.text.HAL_TIM_ConfigClockSource) for HAL_TIM_ConfigClockSource
    main.o(.text.main) refers to stm32f4xx_hal_tim_ex.o(.text.HAL_TIMEx_MasterConfigSynchronization) for HAL_TIMEx_MasterConfigSynchronization
    main.o(.text.main) refers to pwm.o(.bss.htim2) for htim2
    main.o(.text.main) refers to pwm.o(.bss.htim8) for htim8
    main.o(.text.main) refers to stm32f4xx_hal_tim.o(.text.HAL_TIM_PWM_Init) for HAL_TIM_PWM_Init
    main.o(.text.main) refers to stm32f4xx_hal_tim.o(.text.HAL_TIM_PWM_ConfigChannel) for HAL_TIM_PWM_ConfigChannel
    main.o(.text.main) refers to stm32f4xx_hal_tim_ex.o(.text.HAL_TIMEx_ConfigBreakDeadTime) for HAL_TIMEx_ConfigBreakDeadTime
    main.o(.text.main) refers to stm32f4xx_hal_msp.o(.text.HAL_TIM_MspPostInit) for HAL_TIM_MspPostInit
    main.o(.text.main) refers to pwm.o(.bss.htim9) for htim9
    main.o(.text.main) refers to pwm.o(.bss.htim10) for htim10
    main.o(.text.main) refers to pwm.o(.bss.htim11) for htim11
    main.o(.text.main) refers to usart.o(.text.MX_USART1_UART_Init) for MX_USART1_UART_Init
    main.o(.text.main) refers to i2cimu.o(.text.MX_I2C1_Init) for MX_I2C1_Init
    main.o(.text.main) refers to i2cimu.o(.text.MX_I2C2_Init) for MX_I2C2_Init
    main.o(.text.main) refers to stm32f4xx_hal_tim.o(.text.HAL_TIM_Base_Start_IT) for HAL_TIM_Base_Start_IT
    main.o(.text.main) refers to stm32f4xx_hal_tim.o(.text.HAL_TIM_Base_Start) for HAL_TIM_Base_Start
    main.o(.text.main) refers to pwm.o(.bss.htim4) for htim4
    main.o(.text.main) refers to stm32f4xx_hal_tim.o(.text.HAL_TIM_Encoder_Start) for HAL_TIM_Encoder_Start
[...]
    __rt_lib_init_lc_time_1                  0x08000239   Thumb Code     0  libinit2.o(.ARM.Collect$$libinit$$0000001B)
    __rt_lib_init_preinit_1                  0x08000239   Thumb Code     0  libinit2.o(.ARM.Collect$$libinit$$00000006)
    __rt_lib_init_rand_1                     0x08000239   Thumb Code     0  libinit2.o(.ARM.Collect$$libinit$$00000010)
    __rt_lib_init_relocate_pie_1             0x08000239   Thumb Code     0  libinit2.o(.ARM.Collect$$libinit$$00000004)
    __rt_lib_init_return                     0x08000239   Thumb Code     0  libinit2.o(.ARM.Collect$$libinit$$00000035)
    __rt_lib_init_signal_1                   0x08000239   Thumb Code     0  libinit2.o(.ARM.Collect$$libinit$$0000001F)
    __rt_lib_init_stdio_1                    0x08000239   Thumb Code     0  libinit2.o(.ARM.Collect$$libinit$$00000027)
    __rt_lib_init_user_alloc_1               0x08000239   Thumb Code     0  libinit2.o(.ARM.Collect$$libinit$$0000000E)
    __rt_lib_shutdown                        0x0800023b   Thumb Code     0  libshutdown.o(.ARM.Collect$$libshutdown$$00000000)
    __rt_lib_shutdown_cpp_1                  0x0800023d   Thumb Code     0  libshutdown2.o(.ARM.Collect$$libshutdown$$00000002)
    __rt_lib_shutdown_fp_trap_1              0x0800023d   Thumb Code     0  libshutdown2.o(.ARM.Collect$$libshutdown$$00000007)
    __rt_lib_shutdown_heap_1                 0x0800023d   Thumb Code     0  libshutdown2.o(.ARM.Collect$$libshutdown$$0000000F)
    __rt_lib_shutdown_return                 0x0800023d   Thumb Code     0  libshutdown2.o(.ARM.Collect$$libshutdown$$00000010)
    __rt_lib_shutdown_signal_1               0x0800023d   Thumb Code     0  libshutdown2.o(.ARM.Collect$$libshutdown$$0000000A)
    __rt_lib_shutdown_stdio_1                0x0800023d   Thumb Code     0  libshutdown2.o(.ARM.Collect$$libshutdown$$00000004)
    __rt_lib_shutdown_user_alloc_1           0x0800023d   Thumb Code     0  libshutdown2.o(.ARM.Collect$$libshutdown$$0000000C)
    __rt_entry                               0x0800023f   Thumb Code     0  __rtentry.o(.ARM.Collect$$rtentry$$00000000)
    __rt_entry_presh_1                       0x0800023f   Thumb Code     0  __rtentry2.o(.ARM.Collect$$rtentry$$00000002)
    __rt_entry_sh                            0x0800023f   Thumb Code     0  __rtentry4.o(.ARM.Collect$$rtentry$$00000004)
    __rt_entry_li                            0x08000245   Thumb Code     0  __rtentry2.o(.ARM.Collect$$rtentry$$0000000A)
    __rt_entry_postsh_1                      0x08000245   Thumb Code     0  __rtentry2.o(.ARM.Collect$$rtentry$$00000009)
    __rt_entry_main                          0x08000249   Thumb Code     0  __rtentry2.o(.ARM.Collect$$rtentry$$0000000D)
    __rt_entry_postli_1                      0x08000249   Thumb Code     0  __rtentry2.o(.ARM.Collect$$rtentry$$0000000C)
    __rt_exit                                0x08000251   Thumb Code     0  rtexit.o(.ARM.Collect$$rtexit$$00000000)
    __rt_exit_ls                             0x08000253   Thumb Code     0  rtexit2.o(.ARM.Collect$$rtexit$$00000003)
    __rt_exit_prels_1                        0x08000253   Thumb Code     0  rtexit2.o(.ARM.Collect$$rtexit$$00000002)
    __rt_exit_exit                           0x08000257   Thumb Code     0  rtexit2.o(.ARM.Collect$$rtexit$$00000004)
    Reset_Handler                            0x0800025d   Thumb Code     8  startup_stm32f407xx.o(.text)
    SVC_Handler                              0x0800026f   Thumb Code     2  startup_stm32f407xx.o(.text)
    ADC_IRQHandler                           0x08000277   Thumb Code     0  startup_stm32f407xx.o(.text)
    CAN1_RX0_IRQHandler                      0x08000277   Thumb Code     0  startup_stm32f407xx.o(.text)
    CAN1_RX1_IRQHandler                      0x08000277   Thumb Code     0  startup_stm32f407xx.o(.text)
    CAN1_SCE_IRQHandler                      0x08000277   Thumb Code     0  startup_stm32f407xx.o(.text)
    CAN1_TX_IRQHandler                       0x08000277   Thumb Code     0  startup_stm32f407xx.o(.text)
    CAN2_RX0_IRQHandler                      0x08000277   Thumb Code     0  startup_stm32f407xx.o(.text)
    CAN2_RX1_IRQHandler                      0x08000277   Thumb Code     0  startup_stm32f407xx.o(.text)
    CAN2_SCE_IRQHandler                      0x08000277   Thumb Code     0  startup_stm32f407xx.o(.text)
    CAN2_TX_IRQHandler                       0x08000277   Thumb Code     0  startup_stm32f407xx.o(.text)
    DCMI_IRQHandler                          0x08000277   Thumb Code     0  startup_stm32f407xx.o(.text)
    DMA1_Stream0_IRQHandler                  0x08000277   Thumb Code     0  startup_stm32f407xx.o(.text)
    DMA1_Stream1_IRQHandler                  0x08000277   Thumb Code     0  startup_stm32f407xx.o(.text)
    DMA1_Stream2_IRQHandler                  0x08000277   Thumb Code     0  startup_stm32f407xx.o(.text)
    DMA1_Stream3_IRQHandler                  0x08000277   Thumb Code     0  startup_stm32f407xx.o(.text)
    DMA1_Stream4_IRQHandler                  0x08000277   Thumb Code     0  startup_stm32f407xx.o(.text)
    DMA1_Stream5_IRQHandler                  0x08000277   Thumb Code     0  startup_stm32f407xx.o(.text)
    DMA1_Stream6_IRQHandler                  0x08000277   Thumb Code     0  startup_stm32f407xx.o(.text)
    DMA1_Stream7_IRQHandler                  0x08000277   Thumb Code     0  startup_stm32f407xx.o(.text)
    DMA2_Stream0_IRQHandler                  0x08000277   Thumb Code     0  startup_stm32f407xx.o(.text)
    DMA2_Stream1_IRQHandler                  0x08000277   Thumb Code     0  startup_stm32f407xx.o(.text)
    DMA2_Stream2_IRQHandler                  0x08000277   Thumb Code     0  startup_stm32f407xx.o(.text)
    DMA2_Stream3_IRQHandler                  0x08000277   Thumb Code     0  startup_stm32f407xx.o(.text)
    DMA2_Stream4_IRQHandler                  0x08000277   Thumb Code     0  startup_stm32f407xx.o(.text)
    DMA2_Stream5_IRQHandler                  0x08000277   Thumb Code     0  startup_stm32f407xx.o(.text)
    DMA2_Stream6_IRQHandler                  0x08000277   Thumb Code     0  startup_stm32f407xx.o(.text)
    DMA2_Stream7_IRQHandler                  0x08000277   Thumb Code     0  startup_stm32f407xx.o(.text)
    ETH_IRQHandler                           0x08000277   Thumb Code     0  startup_stm32f407xx.o(.text)
    ETH_WKUP_IRQHandler                      0x08000277   Thumb Code     0  startup_stm32f407xx.o(.text)
    EXTI0_IRQHandler                         0x08000277   Thumb Code     0  startup_stm32f407xx.o(.text)
    EXTI1_IRQHandler                         0x08000277   Thumb Code     0  startup_stm32f407xx.o(.text)
    EXTI2_IRQHandler                         0x08000277   Thumb Code     0  startup_stm32f407xx.o(.text)
    EXTI3_IRQHandler                         0x08000277   Thumb Code     0  startup_stm32f407xx.o(.text)
    FLASH_IRQHandler                         0x08000277   Thumb Code     0  startup_stm32f407xx.o(.text)
    FMC_IRQHandler                           0x08000277   Thumb Code     0  startup_stm32f407xx.o(.text)
    FPU_IRQHandler                           0x08000277   Thumb Code     0  startup_stm32f407xx.o(.text)
    HASH_RNG_IRQHandler                      0x08000277   Thumb Code     0  startup_stm32f407xx.o(.text)
    I2C1_ER_IRQHandler                       0x08000277   Thumb Code     0  startup_stm32f407xx.o(.text)
    I2C1_EV_IRQHandler                       0x08000277   Thumb Code     0  startup_stm32f407xx.o(.text)
    I2C2_ER_IRQHandler                       0x08000277   Thumb Code     0  startup_stm32f407xx.o(.text)
    I2C2_EV_IRQHandler                       0x08000277   Thumb Code     0  startup_stm32f407xx.o(.text)
    I2C3_ER_IRQHandler                       0x08000277   Thumb Code     0  startup_stm32f407xx.o(.text)
    I2C3_EV_IRQHandler                       0x08000277   Thumb Code     0  startup_stm32f407xx.o(.text)
    OTG_FS_IRQHandler                        0x08000277   Thumb Code     0  startup_stm32f407xx.o(.text)
    OTG_FS_WKUP_IRQHandler                   0x08000277   Thumb Code     0  startup_stm32f407xx.o(.text)
    OTG_HS_EP1_IN_IRQHandler                 0x08000277   Thumb Code     0  startup_stm32f407xx.o(.text)
    OTG_HS_EP1_OUT_IRQHandler                0x08000277   Thumb Code     0  startup_stm32f407xx.o(.text)
    OTG_HS_IRQHandler                        0x08000277   Thumb Code     0  startup_stm32f407xx.o(.text)
    OTG_HS_WKUP_IRQHandler                   0x08000277   Thumb Code     0  startup_stm32f407xx.o(.text)
    PVD_IRQHandler                           0x08000277   Thumb Code     0  startup_stm32f407xx.o(.text)
    RCC_IRQHandler                           0x08000277   Thumb Code     0  startup_stm32f407xx.o(.text)
    RTC_Alarm_IRQHandler                     0x08000277   Thumb Code     0  startup_stm32f407xx.o(.text)
    RTC_WKUP_IRQHandler                      0x08000277   Thumb Code     0  startup_stm32f407xx.o(.text)
    SDIO_IRQHandler                          0x08000277   Thumb Code     0  startup_stm32f407xx.o(.text)
    SPI1_IRQHandler                          0x08000277   Thumb Code     0  startup_stm32f407xx.o(.text)
    SPI2_IRQHandler                          0x08000277   Thumb Code     0  startup_stm32f407xx.o(.text)
    SPI3_IRQHandler                          0x08000277   Thumb Code     0  startup_stm32f407xx.o(.text)
    TAMP_STAMP_IRQHandler                    0x08000277   Thumb Code     0  startup_stm32f407xx.o(.text)
    TIM1_BRK_TIM9_IRQHandler                 0x08000277   Thumb Code     0  startup_stm32f407xx.o(.text)
    TIM1_CC_IRQHandler                       0x08000277   Thumb Code     0  startup_stm32f407xx.o(.text)
    TIM1_TRG_COM_TIM11_IRQHandler            0x08000277   Thumb Code     0  startup_stm32f407xx.o(.text)
    TIM2_IRQHandler                          0x08000277   Thumb Code     0  startup_stm32f407xx.o(.text)
    TIM3_IRQHandler                          0x08000277   Thumb Code     0  startup_stm32f407xx.o(.text)
    TIM4_IRQHandler                          0x08000277   Thumb Code     0  startup_stm32f407xx.o(.text)
    TIM5_IRQHandler                          0x08000277   Thumb Code     0  startup_stm32f407xx.o(.text)
    TIM6_DAC_IRQHandler                      0x08000277   Thumb Code     0  startup_stm32f407xx.o(.text)
    TIM7_IRQHandler                          0x08000277   Thumb Code     0  startup_stm32f407xx.o(.text)
    TIM8_BRK_TIM12_IRQHandler                0x08000277   Thumb Code     0  startup_stm32f407xx.o(.text)
    TIM8_CC_IRQHandler                       0x08000277   Thumb Code     0  startup_stm32f407xx.o(.text)
    UART4_IRQHandler                         0x08000277   Thumb Code     0  startup_stm32f407xx.o(.text)
    UART5_IRQHandler                         0x08000277   Thumb Code     0  startup_stm32f407xx.o(.text)
    USART2_IRQHandler                        0x08000277   Thumb Code     0  startup_stm32f407xx.o(.text)
    USART3_IRQHandler                        0x08000277   Thumb Code     0  startup_stm32f407xx.o(.text)
    USART6_IRQHandler                        0x08000277   Thumb Code     0  startup_stm32f407xx.o(.text)
    WWDG_IRQHandler                          0x08000277   Thumb Code     0  startup_stm32f407xx.o(.text)
    __user_initial_stackheap                 0x08000279   Thumb Code     0  startup_stm32f407xx.o(.text)
    rt_hw_interrupt_disable                  0x0800029d   Thumb Code     8  context_rvds.o(.text)
    rt_hw_interrupt_enable                   0x080002a5   Thumb Code     6  context_rvds.o(.text)
    rt_hw_context_switch                     0x080002ab   Thumb Code    32  context_rvds.o(.text)
    rt_hw_context_switch_interrupt           0x080002ab   Thumb Code     0  context_rvds.o(.text)
    PendSV_Handler                           0x080002cb   Thumb Code   108  context_rvds.o(.text)
    rt_hw_context_switch_to                  0x08000337   Thumb Code    70  context_rvds.o(.text)
    rt_hw_interrupt_thread_switch            0x0800037d   Thumb Code     2  context_rvds.o(.text)
    HardFault_Handler                        0x0800037f   Thumb Code    56  context_rvds.o(.text)
    __aeabi_uldivmod                         0x080003d1   Thumb Code     0  lludivv7m.o(.text)
    _ll_udiv                                 0x080003d1   Thumb Code   240  lludivv7m.o(.text)
    __2snprintf                              0x080004c1   Thumb Code    58  __2snprintf.o(.text)
    __printf                                 0x08000501   Thumb Code   104  __printf.o(.text)
    _printf_int_dec                          0x08000569   Thumb Code   104  _printf_dec.o(.text)
    __aeabi_memcpy4                          0x080005e1   Thumb Code     0  rt_memcpy_w.o(.text)
    __aeabi_memcpy8                          0x080005e1   Thumb Code     0  rt_memcpy_w.o(.text)
    __rt_memcpy_w                            0x080005e1   Thumb Code   100  rt_memcpy_w.o(.text)
    _memcpy_lastbytes_aligned                0x08000629   Thumb Code     0  rt_memcpy_w.o(.text)
    __aeabi_memset                           0x08000645   Thumb Code    16  aeabi_memset.o(.text)
    __aeabi_memclr                           0x08000655   Thumb Code     0  rt_memclr.o(.text)
    __rt_memclr                              0x08000655   Thumb Code     0  rt_memclr.o(.text)
    _memset                                  0x08000659   Thumb Code    64  rt_memclr.o(.text)
    __aeabi_memclr4                          0x08000699   Thumb Code     0  rt_memclr_w.o(.text)
    __aeabi_memclr8                          0x08000699   Thumb Code     0  rt_memclr_w.o(.text)
    __rt_memclr_w                            0x08000699   Thumb Code     0  rt_memclr_w.o(.text)
    _memset_w                                0x0800069d   Thumb Code    74  rt_memclr_w.o(.text)
    __use_two_region_memory                  0x080006e7   Thumb Code     2  heapauxi.o(.text)
    __rt_heap_escrow$2region                 0x080006e9   Thumb Code     2  heapauxi.o(.text)
    __rt_heap_expand$2region                 0x080006eb   Thumb Code     2  heapauxi.o(.text)
    __read_errno                             0x080006ed   Thumb Code    10  _rserrno.o(.text)
    __set_errno                              0x080006f7   Thumb Code    12  _rserrno.o(.text)
    _printf_int_common                       0x08000703   Thumb Code   178  _printf_intcommon.o(.text)
    _printf_char_common                      0x080007bf   Thumb Code    32  _printf_char_common.o(.text)
    _snputc                                  0x080007e5   Thumb Code    16  _snputc.o(.text)
    __aeabi_errno_addr                       0x080007f5   Thumb Code     8  rt_errno_addr_intlibspace.o(.text)
    __errno$intlibspace                      0x080007f5   Thumb Code     0  rt_errno_addr_intlibspace.o(.text)
    __rt_errno_addr$intlibspace              0x080007f5   Thumb Code     0  rt_errno_addr_intlibspace.o(.text)
    __user_libspace                          0x080007fd   Thumb Code     8  libspace.o(.text)
    __user_perproc_libspace                  0x080007fd   Thumb Code     0  libspace.o(.text)
    __user_perthread_libspace                0x080007fd   Thumb Code     0  libspace.o(.text)
    __user_setup_stackheap                   0x08000805   Thumb Code    74  sys_stackheap_outer.o(.text)
    exit                                     0x0800084f   Thumb Code    18  exit.o(.text)
    _sys_exit                                0x08000861   Thumb Code     8  sys_exit.o(.text)
    __I$use$semihosting                      0x0800086d   Thumb Code     0  use_no_semi.o(.text)
    __use_no_semihosting_swi                 0x0800086d   Thumb Code     2  use_no_semi.o(.text)
    __semihosting_library_function           0x0800086f   Thumb Code     0  indicate_semi.o(.text)
    main                                     0x08000871   Thumb Code    84  components.o(.text.$Sub$$main)
    BusFault_Handler                         0x080008c5   Thumb Code     2  stm32f4xx_it.o(.text.BusFault_Handler)
    CalculateLR                              0x080008c9   Thumb Code   104  calculate.o(.text.CalculateLR)
    ControlPwm                               0x08000941   Thumb Code    44  pwm.o(.text.ControlPwm)
    DebugMon_Handler                         0x0800096d   Thumb Code     2  stm32f4xx_it.o(.text.DebugMon_Handler)
    EXTI15_10_IRQHandler                     0x08000971   Thumb Code   456  main.o(.text.EXTI15_10_IRQHandler)
    EXTI24_Handler                           0x08000b69   Thumb Code   208  main.o(.text.EXTI24_Handler)
    EXTI4_IRQHandler                         0x08000c69   Thumb Code    22  main.o(.text.EXTI4_IRQHandler)
    EXTI9_5_IRQHandler                       0x08000c81   Thumb Code   224  main.o(.text.EXTI9_5_IRQHandler)
    Error_Handler                            0x08000d91   Thumb Code    10  main.o(.text.Error_Handler)
    HAL_DMA_Abort                            0x08000d9d   Thumb Code   142  stm32f4xx_hal_dma.o(.text.HAL_DMA_Abort)
    HAL_DMA_Abort_IT                         0x08000e2d   Thumb Code    36  stm32f4xx_hal_dma.o(.text.HAL_DMA_Abort_IT)
    HAL_Delay                                0x08000e51   Thumb Code    40  stm32f4xx_hal.o(.text.HAL_Delay)
    HAL_GPIO_Init                            0x08000e79   Thumb Code   410  stm32f4xx_hal_gpio.o(.text.HAL_GPIO_Init)
    HAL_GPIO_WritePin                        0x08001015   Thumb Code    10  stm32f4xx_hal_gpio.o(.text.HAL_GPIO_WritePin)
    HAL_GetTick                              0x08001021   Thumb Code    12  stm32f4xx_hal.o(.text.HAL_GetTick)
    HAL_I2C_Init                             0x0800102d   Thumb Code   356  stm32f4xx_hal_i2c.o(.text.HAL_I2C_Init)
    HAL_I2C_Master_Receive                   0x08001191   Thumb Code  1538  stm32f4xx_hal_i2c.o(.text.HAL_I2C_Master_Receive)
    HAL_I2C_Master_Transmit                  0x08001795   Thumb Code  1048  stm32f4xx_hal_i2c.o(.text.HAL_I2C_Master_Transmit)
    HAL_I2C_Mem_Write                        0x08001bad   Thumb Code   474  stm32f4xx_hal_i2c.o(.text.HAL_I2C_Mem_Write)
    HAL_I2C_MspInit                          0x08001d89   Thumb Code   206  stm32f4xx_hal_msp.o(.text.HAL_I2C_MspInit)
    HAL_IncTick                              0x08001e59   Thumb Code    26  stm32f4xx_hal.o(.text.HAL_IncTick)
    HAL_Init                                 0x08001e75   Thumb Code    54  stm32f4xx_hal.o(.text.HAL_Init)
    HAL_InitTick                             0x08001ead   Thumb Code   144  stm32f4xx_hal_timebase_tim.o(.text.HAL_InitTick)
    HAL_MspInit                              0x08001f3d   Thumb Code    56  stm32f4xx_hal_msp.o(.text.HAL_MspInit)
    HAL_NVIC_EnableIRQ                       0x08001f75   Thumb Code    34  stm32f4xx_hal_cortex.o(.text.HAL_NVIC_EnableIRQ)
    HAL_NVIC_SetPriority                     0x08001f99   Thumb Code    86  stm32f4xx_hal_cortex.o(.text.HAL_NVIC_SetPriority)
    HAL_NVIC_SetPriorityGrouping             0x08001ff1   Thumb Code    32  stm32f4xx_hal_cortex.o(.text.HAL_NVIC_SetPriorityGrouping)
    HAL_RCC_ClockConfig                      0x08002011   Thumb Code   356  stm32f4xx_hal_rcc.o(.text.HAL_RCC_ClockConfig)
    HAL_RCC_GetClockConfig                   0x08002175   Thumb Code    62  stm32f4xx_hal_rcc.o(.text.HAL_RCC_GetClockConfig)
    HAL_RCC_GetPCLK1Freq                     0x080021b5   Thumb Code    38  stm32f4xx_hal_rcc.o(.text.HAL_RCC_GetPCLK1Freq)
    HAL_RCC_GetPCLK2Freq                     0x080021dd   Thumb Code    38  stm32f4xx_hal_rcc.o(.text.HAL_RCC_GetPCLK2Freq)
    HAL_RCC_GetSysClockFreq                  0x08002205   Thumb Code   106  stm32f4xx_hal_rcc.o(.text.HAL_RCC_GetSysClockFreq)
    HAL_RCC_OscConfig                        0x08002271   Thumb Code   940  stm32f4xx_hal_rcc.o(.text.HAL_RCC_OscConfig)
    HAL_TIMEx_BreakCallback                  0x0800261d   Thumb Code     2  stm32f4xx_hal_tim_ex.o(.text.HAL_TIMEx_BreakCallback)
    HAL_TIMEx_CommutCallback                 0x08002621   Thumb Code     2  stm32f4xx_hal_tim_ex.o(.text.HAL_TIMEx_CommutCallback)
    HAL_TIMEx_ConfigBreakDeadTime            0x08002625   Thumb Code    76  stm32f4xx_hal_tim_ex.o(.text.HAL_TIMEx_ConfigBreakDeadTime)
    HAL_TIMEx_MasterConfigSynchronization    0x08002671   Thumb Code   186  stm32f4xx_hal_tim_ex.o(.text.HAL_TIMEx_MasterConfigSynchronization)
    HAL_TIM_Base_Init                        0x0800272d   Thumb Code    90  stm32f4xx_hal_tim.o(.text.HAL_TIM_Base_Init)
    HAL_TIM_Base_MspInit                     0x08002789   Thumb Code   288  stm32f4xx_hal_msp.o(.text.HAL_TIM_Base_MspInit)
    HAL_TIM_Base_Start                       0x080028a9   Thumb Code   162  stm32f4xx_hal_tim.o(.text.HAL_TIM_Base_Start)
    HAL_TIM_Base_Start_IT                    0x0800294d   Thumb Code   170  stm32f4xx_hal_tim.o(.text.HAL_TIM_Base_Start_IT)
    HAL_TIM_ConfigClockSource                0x080029f9   Thumb Code   416  stm32f4xx_hal_tim.o(.text.HAL_TIM_ConfigClockSource)
    HAL_TIM_Encoder_Start                    0x08002b99   Thumb Code   188  stm32f4xx_hal_tim.o(.text.HAL_TIM_Encoder_Start)
    HAL_TIM_IC_CaptureCallback               0x08002c55   Thumb Code     2  stm32f4xx_hal_tim.o(.text.HAL_TIM_IC_CaptureCallback)
    HAL_TIM_IRQHandler                       0x08002c59   Thumb Code   368  stm32f4xx_hal_tim.o(.text.HAL_TIM_IRQHandler)
    HAL_TIM_MspPostInit                      0x08002dc9   Thumb Code   286  stm32f4xx_hal_msp.o(.text.HAL_TIM_MspPostInit)
    HAL_TIM_OC_DelayElapsedCallback          0x08002ee9   Thumb Code     2  stm32f4xx_hal_tim.o(.text.HAL_TIM_OC_DelayElapsedCallback)
    HAL_TIM_PWM_ConfigChannel                0x08002eed   Thumb Code   544  stm32f4xx_hal_tim.o(.text.HAL_TIM_PWM_ConfigChannel)
    HAL_TIM_PWM_Init                         0x0800310d   Thumb Code    90  stm32f4xx_hal_tim.o(.text.HAL_TIM_PWM_Init)
    HAL_TIM_PWM_MspInit                      0x08003169   Thumb Code    52  stm32f4xx_hal_msp.o(.text.HAL_TIM_PWM_MspInit)
    HAL_TIM_PWM_PulseFinishedCallback        0x0800319d   Thumb Code     2  stm32f4xx_hal_tim.o(.text.HAL_TIM_PWM_PulseFinishedCallback)
    HAL_TIM_PWM_Start                        0x080031a1   Thumb Code   270  stm32f4xx_hal_tim.o(.text.HAL_TIM_PWM_Start)
    HAL_TIM_PeriodElapsedCallback            0x080032b1   Thumb Code   328  thread.o(.text.HAL_TIM_PeriodElapsedCallback)
    HAL_TIM_TriggerCallback                  0x08003409   Thumb Code     2  stm32f4xx_hal_tim.o(.text.HAL_TIM_TriggerCallback)
    HAL_UARTEx_RxEventCallback               0x0800340d   Thumb Code     2  stm32f4xx_hal_uart.o(.text.HAL_UARTEx_RxEventCallback)
    HAL_UART_ErrorCallback                   0x08003411   Thumb Code     2  stm32f4xx_hal_uart.o(.text.HAL_UART_ErrorCallback)
    HAL_UART_IRQHandler                      0x08003415   Thumb Code  1384  stm32f4xx_hal_uart.o(.text.HAL_UART_IRQHandler)
    HAL_UART_Init                            0x0800397d   Thumb Code    94  stm32f4xx_hal_uart.o(.text.HAL_UART_Init)
    HAL_UART_MspInit                         0x080039dd   Thumb Code   134  usart.o(.text.HAL_UART_MspInit)
    HAL_UART_RxCpltCallback                  0x08003a65   Thumb Code     2  stm32f4xx_hal_uart.o(.text.HAL_UART_RxCpltCallback)
    HAL_UART_Transmit_IT                     0x08003a69   Thumb Code    74  stm32f4xx_hal_uart.o(.text.HAL_UART_Transmit_IT)
    HAL_UART_TxCpltCallback                  0x08003ab5   Thumb Code    30  thread.o(.text.HAL_UART_TxCpltCallback)
    Init                                     0x08003ded   Thumb Code   164  thread.o(.text.Init)
    LeastSquaresFit                          0x08003e91   Thumb Code  5082  magnetometer.o(.text.LeastSquaresFit)
    MX_I2C1_Init                             0x0800526d   Thumb Code    66  i2cimu.o(.text.MX_I2C1_Init)
    MX_I2C2_Init                             0x080052b1   Thumb Code    66  i2cimu.o(.text.MX_I2C2_Init)
    MX_USART1_UART_Init                      0x080052f5   Thumb Code    74  usart.o(.text.MX_USART1_UART_Init)
    MemManage_Handler                        0x08005341   Thumb Code     2  stm32f4xx_it.o(.text.MemManage_Handler)
    NMI_Handler                              0x08005345   Thumb Code     2  stm32f4xx_it.o(.text.NMI_Handler)
    SysTick_Handler                          0x08005349   Thumb Code    18  board.o(.text.SysTick_Handler)
    SystemClock_Config                       0x0800535d   Thumb Code   172  main.o(.text.SystemClock_Config)
    SystemCoreClockUpdate                    0x08005409   Thumb Code   134  system_stm32f4xx.o(.text.SystemCoreClockUpdate)
    SystemInit                               0x08005491   Thumb Code    18  system_stm32f4xx.o(.text.SystemInit)
    TIM1_UP_TIM10_IRQHandler                 0x080054a5   Thumb Code    12  main.o(.text.TIM1_UP_TIM10_IRQHandler)
    TIM8_TRG_COM_TIM14_IRQHandler            0x080054b1   Thumb Code    30  stm32f4xx_it.o(.text.TIM8_TRG_COM_TIM14_IRQHandler)
    TIM8_UP_TIM13_IRQHandler                 0x080054d1   Thumb Code    12  stm32f4xx_it.o(.text.TIM8_UP_TIM13_IRQHandler)
    TIM_Base_SetConfig                       0x080054dd   Thumb Code   308  stm32f4xx_hal_tim.o(.text.TIM_Base_SetConfig)
    USART1_IRQHandler                        0x08005805   Thumb Code    12  stm32f4xx_it.o(.text.USART1_IRQHandler)
    UsageFault_Handler                       0x08005811   Thumb Code     2  stm32f4xx_it.o(.text.UsageFault_Handler)
    __rt_ffs                                 0x08005815   Thumb Code    56  kservice.o(.text.__rt_ffs)
    change                                   0x08005851   Thumb Code   272  thread.o(.text.change)
    dirControl                               0x08005971   Thumb Code   232  pwm.o(.text.dirControl)
    i2cWrite                                 0x08005a61   Thumb Code    66  i2cimu.o(.text.i2cWrite)
    $Super$$main                             0x08005aa5   Thumb Code  1442  main.o(.text.main)
    main_thread_entry                        0x08006049   Thumb Code    50  components.o(.text.main_thread_entry)
    matrix_inverse                           0x08006081   Thumb Code  3032  magnetometer.o(.text.matrix_inverse)
    rt_components_board_init                 0x080071ed   Thumb Code    42  components.o(.text.rt_components_board_init)
    rt_enter_critical                        0x08007219   Thumb Code    28  scheduler.o(.text.rt_enter_critical)
    rt_exit_critical                         0x08007235   Thumb Code   146  scheduler.o(.text.rt_exit_critical)
    rt_free                                  0x080072c9   Thumb Code   212  mem.o(.text.rt_free)
    rt_heap_begin_get                        0x080073e9   Thumb Code    10  board.o(.text.rt_heap_begin_get)
    rt_heap_end_get                          0x080073f5   Thumb Code    14  board.o(.text.rt_heap_end_get)
    rt_hw_board_init                         0x08007405   Thumb Code    98  board.o(.text.rt_hw_board_init)
    rt_hw_console_output                     0x08007469   Thumb Code     2  kservice.o(.text.rt_hw_console_output)
    rt_hw_hard_fault_exception               0x0800746d   Thumb Code   260  cpuport.o(.text.rt_hw_hard_fault_exception)
    rt_hw_stack_init                         0x08007611   Thumb Code    66  cpuport.o(.text.rt_hw_stack_init)
    rt_interrupt_enter                       0x08007655   Thumb Code    28  irq.o(.text.rt_interrupt_enter)
    rt_interrupt_leave                       0x08007671   Thumb Code    28  irq.o(.text.rt_interrupt_leave)
    rt_kprintf                               0x0800768d   Thumb Code    50  kservice.o(.text.rt_kprintf)
    rt_malloc                                0x080076c1   Thumb Code   394  mem.o(.text.rt_malloc)
    rt_memset                                0x0800784d   Thumb Code   272  kservice.o(.text.rt_memset)
    rt_object_allocate                       0x0800795d   Thumb Code   122  object.o(.text.rt_object_allocate)
    rt_object_delete                         0x080079d9   Thumb Code    42  object.o(.text.rt_object_delete)
    rt_object_detach                         0x08007a05   Thumb Code    34  object.o(.text.rt_object_detach)
    rt_object_init                           0x08007a29   Thumb Code   138  object.o(.text.rt_object_init)
    rt_object_is_systemobject                0x08007ab5   Thumb Code     6  object.o(.text.rt_object_is_systemobject)
    rt_schedule                              0x08007abd   Thumb Code   118  scheduler.o(.text.rt_schedule)
    rt_schedule_insert_thread                0x08007b35   Thumb Code    82  scheduler.o(.text.rt_schedule_insert_thread)
    rt_schedule_remove_thread                0x08007b89   Thumb Code    82  scheduler.o(.text.rt_schedule_remove_thread)
    rt_sem_create                            0x08007bdd   Thumb Code    34  ipc.o(.text.rt_sem_create)
    rt_sem_init                              0x08007c01   Thumb Code    32  ipc.o(.text.rt_sem_init)
    rt_sem_release                           0x08007c21   Thumb Code    58  ipc.o(.text.rt_sem_release)
    rt_sem_take                              0x08007c5d   Thumb Code   274  ipc.o(.text.rt_sem_take)
    rt_show_version                          0x08007d71   Thumb Code    48  kservice.o(.text.rt_show_version)
    rt_strncpy                               0x08007e29   Thumb Code   150  kservice.o(.text.rt_strncpy)
    rt_system_heap_init                      0x08007ec1   Thumb Code   124  mem.o(.text.rt_system_heap_init)
    rt_system_scheduler_init                 0x08007f81   Thumb Code   298  scheduler.o(.text.rt_system_scheduler_init)
    rt_system_scheduler_start                0x080080ad   Thumb Code    48  scheduler.o(.text.rt_system_scheduler_start)
    rt_system_timer_init                     0x080080dd   Thumb Code    16  timer.o(.text.rt_system_timer_init)
    rt_system_timer_thread_init              0x080080ed   Thumb Code     2  timer.o(.text.rt_system_timer_thread_init)
    rt_thread_create                         0x080080f1   Thumb Code   176  thread_1.o(.text.rt_thread_create)
    rt_thread_delay                          0x080081a1   Thumb Code    10  thread_1.o(.text.rt_thread_delay)
    rt_thread_exit                           0x080081ad   Thumb Code   108  thread_1.o(.text.rt_thread_exit)
    rt_thread_idle_init                      0x08008285   Thumb Code    72  idle.o(.text.rt_thread_idle_init)
    rt_thread_init                           0x080082d5   Thumb Code   142  thread_1.o(.text.rt_thread_init)
    rt_thread_resume                         0x08008365   Thumb Code    68  thread_1.o(.text.rt_thread_resume)
    rt_thread_self                           0x080083a9   Thumb Code    12  thread_1.o(.text.rt_thread_self)
    rt_thread_sleep                          0x080083b5   Thumb Code   120  thread_1.o(.text.rt_thread_sleep)
    rt_thread_startup                        0x0800842d   Thumb Code    90  thread_1.o(.text.rt_thread_startup)
    rt_thread_suspend                        0x08008489   Thumb Code    66  thread_1.o(.text.rt_thread_suspend)
    rt_thread_timeout                        0x080084cd   Thumb Code    38  thread_1.o(.text.rt_thread_timeout)
    rt_thread_yield                          0x080084f5   Thumb Code   104  thread_1.o(.text.rt_thread_yield)
    rt_tick_get                              0x0800855d   Thumb Code    12  clock.o(.text.rt_tick_get)
    rt_tick_increase                         0x08008569   Thumb Code    52  clock.o(.text.rt_tick_increase)
    rt_timer_check                           0x0800859d   Thumb Code   126  timer.o(.text.rt_timer_check)
    rt_timer_control                         0x0800861d   Thumb Code    48  timer.o(.text.rt_timer_control)
    rt_timer_detach                          0x0800864d   Thumb Code    38  timer.o(.text.rt_timer_detach)
    rt_timer_init                            0x08008675   Thumb Code    50  timer.o(.text.rt_timer_init)
    rt_timer_start                           0x080086a9   Thumb Code   214  timer.o(.text.rt_timer_start)
    rt_timer_stop                            0x08008781   Thumb Code    54  timer.o(.text.rt_timer_stop)
    rt_vsnprintf                             0x080087b9   Thumb Code  2072  kservice.o(.text.rt_vsnprintf)
    thread1_entry                            0x08008fe9   Thumb Code    64  thread.o(.text.thread1_entry)
    thread2_entry                            0x08009039   Thumb Code    80  thread.o(.text.thread2_entry)
    thread4_entry                            0x08009099   Thumb Code   552  thread.o(.text.thread4_entry)
    thread_create                            0x080092c9   Thumb Code   176  thread.o(.text.thread_create)
    vLRControl                               0x0800939d   Thumb Code   814  thread.o(.text.vLRControl)
    __ARM_fpclassify                         0x080096cb   Thumb Code    48  fpclassify.o(i.__ARM_fpclassify)
    __hardfp_atan                            0x08009701   Thumb Code   622  atan.o(i.__hardfp_atan)
    __hardfp_atan2                           0x080099d9   Thumb Code   448  atan2.o(i.__hardfp_atan2)
    __kernel_poly                            0x08009bd9   Thumb Code   248  poly.o(i.__kernel_poly)
    __mathlib_dbl_infnan                     0x08009cd1   Thumb Code    20  dunder.o(i.__mathlib_dbl_infnan)
    __mathlib_dbl_infnan2                    0x08009ce5   Thumb Code    20  dunder.o(i.__mathlib_dbl_infnan2)
    __mathlib_dbl_underflow                  0x08009cf9   Thumb Code    24  dunder.o(i.__mathlib_dbl_underflow)
    atan                                     0x08009d19   Thumb Code    16  atan.o(i.atan)
    fabs                                     0x08009d29   Thumb Code    24  fabs.o(i.fabs)
    __aeabi_dneg                             0x08009d41   Thumb Code     0  basic.o(x$fpl$basic)
    _dneg                                    0x08009d41   Thumb Code     6  basic.o(x$fpl$basic)
    __aeabi_fneg                             0x08009d47   Thumb Code     0  basic.o(x$fpl$basic)
    _fneg                                    0x08009d47   Thumb Code     6  basic.o(x$fpl$basic)
    _dabs                                    0x08009d4d   Thumb Code     6  basic.o(x$fpl$basic)
    _fabs                                    0x08009d53   Thumb Code     6  basic.o(x$fpl$basic)
    __aeabi_dadd                             0x08009d59   Thumb Code     0  daddsub_clz.o(x$fpl$dadd)
    _dadd                                    0x08009d59   Thumb Code   332  daddsub_clz.o(x$fpl$dadd)
    __fpl_dcmp_Inf                           0x08009ea9   Thumb Code    24  dcmpi.o(x$fpl$dcmpinf)
    __aeabi_ddiv                             0x08009ec1   Thumb Code     0  ddiv.o(x$fpl$ddiv)
    _ddiv                                    0x08009ec1   Thumb Code   560  ddiv.o(x$fpl$ddiv)
    __aeabi_cdcmpeq                          0x0800a179   Thumb Code     0  deqf.o(x$fpl$deqf)
    _dcmpeq                                  0x0800a179   Thumb Code   120  deqf.o(x$fpl$deqf)
    __aeabi_d2iz                             0x0800a1f1   Thumb Code     0  dfix.o(x$fpl$dfix)
    _dfix                                    0x0800a1f1   Thumb Code    94  dfix.o(x$fpl$dfix)
    __aeabi_i2d                              0x0800a24f   Thumb Code     0  dflt_clz.o(x$fpl$dflt)
    _dflt                                    0x0800a24f   Thumb Code    46  dflt_clz.o(x$fpl$dflt)
    __aeabi_ui2d                             0x0800a27d   Thumb Code     0  dflt_clz.o(x$fpl$dfltu)
    _dfltu                                   0x0800a27d   Thumb Code    38  dflt_clz.o(x$fpl$dfltu)
    __aeabi_cdcmpge                          0x0800a2a5   Thumb Code     0  dgeqf.o(x$fpl$dgeqf)
    _dcmpge                                  0x0800a2a5   Thumb Code   120  dgeqf.o(x$fpl$dgeqf)
    __aeabi_cdcmple                          0x0800a31d   Thumb Code     0  dleqf.o(x$fpl$dleqf)
    _dcmple                                  0x0800a31d   Thumb Code   120  dleqf.o(x$fpl$dleqf)
    __fpl_dcmple_InfNaN                      0x0800a37f   Thumb Code     0  dleqf.o(x$fpl$dleqf)
    __aeabi_dmul                             0x0800a395   Thumb Code     0  dmul.o(x$fpl$dmul)
    _dmul                                    0x0800a395   Thumb Code   332  dmul.o(x$fpl$dmul)
    __fpl_dnaninf                            0x0800a4e9   Thumb Code   156  dnaninf.o(x$fpl$dnaninf)
    __fpl_dretinf                            0x0800a585   Thumb Code    12  dretinf.o(x$fpl$dretinf)
    __aeabi_drsub                            0x0800a591   Thumb Code     0  daddsub_clz.o(x$fpl$drsb)
    _drsb                                    0x0800a591   Thumb Code    22  daddsub_clz.o(x$fpl$drsb)
    __aeabi_dsub                             0x0800a5a9   Thumb Code     0  daddsub_clz.o(x$fpl$dsub)
    _dsub                                    0x0800a5a9   Thumb Code   472  daddsub_clz.o(x$fpl$dsub)
    __aeabi_dcmpeq                           0x0800a785   Thumb Code     0  dcmp.o(x$fpl$fcmp)
    _deq                                     0x0800a785   Thumb Code    14  dcmp.o(x$fpl$fcmp)
    _dneq                                    0x0800a793   Thumb Code    14  dcmp.o(x$fpl$fcmp)
    __aeabi_dcmpgt                           0x0800a7a1   Thumb Code     0  dcmp.o(x$fpl$fcmp)
    _dgr                                     0x0800a7a1   Thumb Code    14  dcmp.o(x$fpl$fcmp)
    __aeabi_dcmpge                           0x0800a7af   Thumb Code     0  dcmp.o(x$fpl$fcmp)
    _dgeq                                    0x0800a7af   Thumb Code    14  dcmp.o(x$fpl$fcmp)
    __aeabi_dcmple                           0x0800a7bd   Thumb Code     0  dcmp.o(x$fpl$fcmp)
    _dleq                                    0x0800a7bd   Thumb Code    14  dcmp.o(x$fpl$fcmp)
    __aeabi_dcmplt                           0x0800a7cb   Thumb Code     0  dcmp.o(x$fpl$fcmp)
    _dls                                     0x0800a7cb   Thumb Code    14  dcmp.o(x$fpl$fcmp)
    _fp_init                                 0x0800a7d9   Thumb Code    26  fpinit.o(x$fpl$fpinit)
    __fplib_config_fpu_vfp                   0x0800a7f1   Thumb Code     0  fpinit.o(x$fpl$fpinit)
    __fplib_config_pureend_doubles           0x0800a7f1   Thumb Code     0  fpinit.o(x$fpl$fpinit)
    __I$use$fp                               0x0800a7f2   Number         0  usenofp.o(x$fpl$usenofp)
    __mathlib_zero                           0x0800a890   Data           8  qnan.o(.constdata)
    AHBPrescTable                            0x0800a898   Data          16  system_stm32f4xx.o(.rodata.AHBPrescTable)
    APBPrescTable                            0x0800a8a8   Data           8  system_stm32f4xx.o(.rodata.APBPrescTable)
    __lowest_bit_bitmap                      0x0800a8b0   Data         256  kservice.o(.rodata.__lowest_bit_bitmap)
    __rt_init_rti_start                      0x0800aa48   Data           4  components.o(.rti_fn.0)
    __rt_init_rti_board_start                0x0800aa4c   Data           4  components.o(.rti_fn.0.end)
    __rt_init_rti_board_end                  0x0800aa50   Data           4  components.o(.rti_fn.1.end)
    __rt_init_rti_end                        0x0800aa54   Data           4  components.o(.rti_fn.6.end)
    Region$$Table$$Base                      0x0800aa58   Number         0  anon$$obj.o(Region$$Table)
    Region$$Table$$Limit                     0x0800aa78   Number         0  anon$$obj.o(Region$$Table)
    GPIO_Id                                  0x20000000   Data          16  pwm.o(.data..L_MergedGlobals)
    GPIO_Group                               0x20000010   Data          16  pwm.o(.data..L_MergedGlobals)
    uwTickFreq                               0x20000020   Data           1  stm32f4xx_hal.o(.data..L_MergedGlobals)
    uwTickPrio                               0x20000024   Data           4  stm32f4xx_hal.o(.data..L_MergedGlobals)
    SystemCoreClock                          0x20000028   Data           4  system_stm32f4xx.o(.data.SystemCoreClock)
    htim_list                                0x2000002c   Data          16  pwm.o(.data.htim_list)
    __libspace_start                         0x20000080   Data          96  libspace.o(.bss)
    __temporary_stack_top$libspace           0x200000e0   Data           0  libspace.o(.bss)
    last_state                               0x200000e0   Data          16  main.o(.bss..L_MergedGlobals)
    time_interval                            0x200000f0   Data          16  main.o(.bss..L_MergedGlobals)
    counterFloatValue                        0x20000100   Data          32  main.o(.bss..L_MergedGlobals)
    counterFloat                             0x20000120   Data          32  main.o(.bss..L_MergedGlobals)
    x                                        0x20000140   Data           2  thread.o(.bss..L_MergedGlobals)
    y                                        0x20000142   Data           2  thread.o(.bss..L_MergedGlobals)
    z                                        0x20000144   Data           2  thread.o(.bss..L_MergedGlobals)
    flag_thread4                             0x20000148   Data           4  thread.o(.bss..L_MergedGlobals)
    tot                                      0x2000014c   Data           4  thread.o(.bss..L_MergedGlobals)
    pi                                       0x20000158   Data           8  thread.o(.bss..L_MergedGlobals)
    kp                                       0x20000160   Data           8  thread.o(.bss..L_MergedGlobals)
    ki                                       0x20000168   Data           8  thread.o(.bss..L_MergedGlobals)
    kd                                       0x20000170   Data           8  thread.o(.bss..L_MergedGlobals)
    w                                        0x20000178   Data           8  thread.o(.bss..L_MergedGlobals)
    v                                        0x20000180   Data           8  thread.o(.bss..L_MergedGlobals)
    vl                                       0x20000188   Data           8  thread.o(.bss..L_MergedGlobals)
    vr                                       0x20000190   Data           8  thread.o(.bss..L_MergedGlobals)
    sumx                                     0x20000198   Data           8  thread.o(.bss..L_MergedGlobals)
    O_x                                      0x200001a0   Data           8  thread.o(.bss..L_MergedGlobals)
    sumy                                     0x200001a8   Data           8  thread.o(.bss..L_MergedGlobals)
    O_y                                      0x200001b0   Data           8  thread.o(.bss..L_MergedGlobals)
    rt_current_priority                      0x200001f0   Data           1  scheduler.o(.bss..L_MergedGlobals)
    rt_current_thread                        0x200001f4   Data           4  scheduler.o(.bss..L_MergedGlobals)
    rt_thread_ready_priority_group           0x200001f8   Data           4  scheduler.o(.bss..L_MergedGlobals)
    rt_thread_defunct                        0x200001fc   Data           8  scheduler.o(.bss..L_MergedGlobals)
    tx                                       0x20000210   Data           8  thread.o(.bss..L_MergedGlobals.5)
    ty                                       0x20000218   Data           8  thread.o(.bss..L_MergedGlobals.5)
    jiaodu                                   0x20000220   Data           8  thread.o(.bss..L_MergedGlobals.5)
    E                                        0x20000228   Data          32  thread.o(.bss..L_MergedGlobals.5)
    eLast                                    0x20000248   Data          32  thread.o(.bss..L_MergedGlobals.5)
    Bi                                       0x20000268   Data           8  main.o(.bss.Bi)
    direct                                   0x20000270   Data          16  pwm.o(.bss.direct)
    hi2c1                                    0x20000280   Data          84  i2cimu.o(.bss.hi2c1)
    hi2c2                                    0x200002d4   Data          84  i2cimu.o(.bss.hi2c2)
    htim1                                    0x20000328   Data          72  pwm.o(.bss.htim1)
    htim10                                   0x20000370   Data          72  pwm.o(.bss.htim10)
    htim11                                   0x200003b8   Data          72  pwm.o(.bss.htim11)
    htim14                                   0x20000400   Data          72  stm32f4xx_hal_timebase_tim.o(.bss.htim14)
    htim2                                    0x20000448   Data          72  pwm.o(.bss.htim2)
    htim4                                    0x20000490   Data          72  pwm.o(.bss.htim4)
    htim8                                    0x200004d8   Data          72  pwm.o(.bss.htim8)
    htim9                                    0x20000520   Data          72  pwm.o(.bss.htim9)
    huart1                                   0x20000568   Data          68  usart.o(.bss.huart1)
    pwmVal                                   0x20000624   Data          16  pwm.o(.bss.pwmVal)
    rt_interrupt_from_thread                 0x20001638   Data           4  cpuport.o(.bss.rt_interrupt_from_thread)
    rt_interrupt_nest                        0x2000163c   Data           1  irq.o(.bss.rt_interrupt_nest)
    rt_interrupt_to_thread                   0x20001640   Data           4  cpuport.o(.bss.rt_interrupt_to_thread)
    rt_thread_priority_table                 0x200016c4   Data         256  scheduler.o(.bss.rt_thread_priority_table)
    rt_thread_switch_interrupt_flag          0x200018c4   Data           4  cpuport.o(.bss.rt_thread_switch_interrupt_flag)
    tick_time                                0x20001d44   Data           4  main.o(.bss.tick_time)
    uwTick                                   0x20001d48   Data           4  stm32f4xx_hal.o(.bss.uwTick)



==============================================================================

Memory Map of the image

  Image Entry point : 0x08000189

  Load Region LR_IROM1 (Base: 0x08000000, Size: 0x0000aaf8, Max: 0x00100000, ABSOLUTE)

    Execution Region ER_IROM1 (Exec base: 0x08000000, Load base: 0x08000000, Size: 0x0000aa78, Max: 0x00100000, ABSOLUTE)

    Exec Addr    Load Addr    Size         Type   Attr      Idx    E Section Name        Object

    0x08000000   0x08000000   0x00000188   Data   RO            3    RESET               startup_stm32f407xx.o
    0x08000188   0x08000188   0x00000008   Code   RO         1632  * !!!main             c_w.l(__main.o)
    0x08000190   0x08000190   0x0000005c   Code   RO         1908    !!!scatter          c_w.l(__scatter.o)
    0x080001ec   0x080001ec   0x0000001a   Code   RO         1912    !!handler_copy      c_w.l(__scatter_copy.o)
    0x08000206   0x08000206   0x00000002   PAD
    0x08000208   0x08000208   0x00000002   Code   RO         1909    !!handler_null      c_w.l(__scatter.o)
    0x0800020a   0x0800020a   0x00000002   PAD
    0x0800020c   0x0800020c   0x0000001c   Code   RO         1914    !!handler_zi        c_w.l(__scatter_zi.o)
    0x08000228   0x08000228   0x00000000   Code   RO         1621    .ARM.Collect$$_printf_percent$$00000000  c_w.l(_printf_percent.o)
    0x08000228   0x08000228   0x00000006   Code   RO         1620    .ARM.Collect$$_printf_percent$$00000009  c_w.l(_printf_d.o)
    0x0800022e   0x0800022e   0x00000004   Code   RO         1683    .ARM.Collect$$_printf_percent$$00000017  c_w.l(_printf_percent_end.o)
    0x08000232   0x08000232   0x00000002   Code   RO         1773    .ARM.Collect$$libinit$$00000000  c_w.l(libinit.o)
    0x08000234   0x08000234   0x00000004   Code   RO         1782    .ARM.Collect$$libinit$$00000001  c_w.l(libinit2.o)
    0x08000238   0x08000238   0x00000000   Code   RO         1785    .ARM.Collect$$libinit$$00000004  c_w.l(libinit2.o)
    0x08000238   0x08000238   0x00000000   Code   RO         1787    .ARM.Collect$$libinit$$00000006  c_w.l(libinit2.o)
    0x08000238   0x08000238   0x00000000   Code   RO         1790    .ARM.Collect$$libinit$$0000000C  c_w.l(libinit2.o)
    0x08000238   0x08000238   0x00000000   Code   RO         1792    .ARM.Collect$$libinit$$0000000E  c_w.l(libinit2.o)
    0x08000238   0x08000238   0x00000000   Code   RO         1794    .ARM.Collect$$libinit$$00000010  c_w.l(libinit2.o)
    0x08000238   0x08000238   0x00000000   Code   RO         1797    .ARM.Collect$$libinit$$00000013  c_w.l(libinit2.o)
    0x08000238   0x08000238   0x00000000   Code   RO         1799    .ARM.Collect$$libinit$$00000015  c_w.l(libinit2.o)
    0x08000238   0x08000238   0x00000000   Code   RO         1801    .ARM.Collect$$libinit$$00000017  c_w.l(libinit2.o)
    0x08000238   0x08000238   0x00000000   Code   RO         1803    .ARM.Collect$$libinit$$00000019  c_w.l(libinit2.o)
    0x08000238   0x08000238   0x00000000   Code   RO         1805    .ARM.Collect$$libinit$$0000001B  c_w.l(libinit2.o)
    0x08000238   0x08000238   0x00000000   Code   RO         1807    .ARM.Collect$$libinit$$0000001D  c_w.l(libinit2.o)
    0x08000238   0x08000238   0x00000000   Code   RO         1809    .ARM.Collect$$libinit$$0000001F  c_w.l(libinit2.o)
    0x08000238   0x08000238   0x00000000   Code   RO         1811    .ARM.Collect$$libinit$$00000021  c_w.l(libinit2.o)
    0x08000238   0x08000238   0x00000000   Code   RO         1813    .ARM.Collect$$libinit$$00000023  c_w.l(libinit2.o)
    0x08000238   0x08000238   0x00000000   Code   RO         1815    .ARM.Collect$$libinit$$00000025  c_w.l(libinit2.o)
    0x08000238   0x08000238   0x00000000   Code   RO         1817    .ARM.Collect$$libinit$$00000027  c_w.l(libinit2.o)
    0x08000238   0x08000238   0x00000000   Code   RO         1821    .ARM.Collect$$libinit$$0000002E  c_w.l(libinit2.o)
    0x08000238   0x08000238   0x00000000   Code   RO         1823    .ARM.Collect$$libinit$$00000030  c_w.l(libinit2.o)
    0x08000238   0x08000238   0x00000000   Code   RO         1825    .ARM.Collect$$libinit$$00000032  c_w.l(libinit2.o)
    0x08000238   0x08000238   0x00000000   Code   RO         1827    .ARM.Collect$$libinit$$00000034  c_w.l(libinit2.o)
    0x08000238   0x08000238   0x00000002   Code   RO         1828    .ARM.Collect$$libinit$$00000035  c_w.l(libinit2.o)
    0x0800023a   0x0800023a   0x00000002   Code   RO         1863    .ARM.Collect$$libshutdown$$00000000  c_w.l(libshutdown.o)
    0x0800023c   0x0800023c   0x00000000   Code   RO         1891    .ARM.Collect$$libshutdown$$00000002  c_w.l(libshutdown2.o)
    0x0800023c   0x0800023c   0x00000000   Code   RO         1893    .ARM.Collect$$libshutdown$$00000004  c_w.l(libshutdown2.o)
    0x0800023c   0x0800023c   0x00000000   Code   RO         1896    .ARM.Collect$$libshutdown$$00000007  c_w.l(libshutdown2.o)
    0x0800023c   0x0800023c   0x00000000   Code   RO         1899    .ARM.Collect$$libshutdown$$0000000A  c_w.l(libshutdown2.o)
    0x0800023c   0x0800023c   0x00000000   Code   RO         1901    .ARM.Collect$$libshutdown$$0000000C  c_w.l(libshutdown2.o)
    0x0800023c   0x0800023c   0x00000000   Code   RO         1904    .ARM.Collect$$libshutdown$$0000000F  c_w.l(libshutdown2.o)
    0x0800023c   0x0800023c   0x00000002   Code   RO         1905    .ARM.Collect$$libshutdown$$00000010  c_w.l(libshutdown2.o)
    0x0800023e   0x0800023e   0x00000000   Code   RO         1670    .ARM.Collect$$rtentry$$00000000  c_w.l(__rtentry.o)
    0x0800023e   0x0800023e   0x00000000   Code   RO         1728    .ARM.Collect$$rtentry$$00000002  c_w.l(__rtentry2.o)
    0x0800023e   0x0800023e   0x00000006   Code   RO         1740    .ARM.Collect$$rtentry$$00000004  c_w.l(__rtentry4.o)
    0x08000244   0x08000244   0x00000000   Code   RO         1730    .ARM.Collect$$rtentry$$00000009  c_w.l(__rtentry2.o)
    0x08000244   0x08000244   0x00000004   Code   RO         1731    .ARM.Collect$$rtentry$$0000000A  c_w.l(__rtentry2.o)
    0x08000248   0x08000248   0x00000000   Code   RO         1733    .ARM.Collect$$rtentry$$0000000C  c_w.l(__rtentry2.o)
    0x08000248   0x08000248   0x00000008   Code   RO         1734    .ARM.Collect$$rtentry$$0000000D  c_w.l(__rtentry2.o)
    0x08000250   0x08000250   0x00000002   Code   RO         1774    .ARM.Collect$$rtexit$$00000000  c_w.l(rtexit.o)
    0x08000252   0x08000252   0x00000000   Code   RO         1834    .ARM.Collect$$rtexit$$00000002  c_w.l(rtexit2.o)
    0x08000252   0x08000252   0x00000004   Code   RO         1835    .ARM.Collect$$rtexit$$00000003  c_w.l(rtexit2.o)
    0x08000256   0x08000256   0x00000006   Code   RO         1836    .ARM.Collect$$rtexit$$00000004  c_w.l(rtexit2.o)
    0x0800025c   0x0800025c   0x00000040   Code   RO            4    .text               startup_stm32f407xx.o
    0x0800029c   0x0800029c   0x00000134   Code   RO         1212    .text               context_rvds.o
    0x080003d0   0x080003d0   0x000000f0   Code   RO         1590    .text               c_w.l(lludivv7m.o)
    0x080004c0   0x080004c0   0x00000040   Code   RO         1592    .text               c_w.l(__2snprintf.o)
    0x08000500   0x08000500   0x00000068   Code   RO         1596    .text               c_w.l(__printf.o)
    0x08000568   0x08000568   0x00000078   Code   RO         1598    .text               c_w.l(_printf_dec.o)
    0x080005e0   0x080005e0   0x00000064   Code   RO         1622    .text               c_w.l(rt_memcpy_w.o)
    0x08000644   0x08000644   0x00000010   Code   RO         1624    .text               c_w.l(aeabi_memset.o)
    0x08000654   0x08000654   0x00000044   Code   RO         1626    .text               c_w.l(rt_memclr.o)
    0x08000698   0x08000698   0x0000004e   Code   RO         1628    .text               c_w.l(rt_memclr_w.o)
    0x080006e6   0x080006e6   0x00000006   Code   RO         1630    .text               c_w.l(heapauxi.o)
    0x080006ec   0x080006ec   0x00000016   Code   RO         1675    .text               c_w.l(_rserrno.o)
    0x08000702   0x08000702   0x000000b2   Code   RO         1677    .text               c_w.l(_printf_intcommon.o)
    0x080007b4   0x080007b4   0x00000030   Code   RO         1679    .text               c_w.l(_printf_char_common.o)
    0x080007e4   0x080007e4   0x00000010   Code   RO         1681    .text               c_w.l(_snputc.o)
    0x080007f4   0x080007f4   0x00000008   Code   RO         1747    .text               c_w.l(rt_errno_addr_intlibspace.o)
    0x080007fc   0x080007fc   0x00000008   Code   RO         1757    .text               c_w.l(libspace.o)
    0x08000804   0x08000804   0x0000004a   Code   RO         1760    .text               c_w.l(sys_stackheap_outer.o)
    0x0800084e   0x0800084e   0x00000012   Code   RO         1762    .text               c_w.l(exit.o)
    0x08000860   0x08000860   0x0000000c   Code   RO         1829    .text               c_w.l(sys_exit.o)
    0x0800086c   0x0800086c   0x00000002   Code   RO         1852    .text               c_w.l(use_no_semi.o)
    0x0800086e   0x0800086e   0x00000000   Code   RO         1854    .text               c_w.l(indicate_semi.o)
    0x0800086e   0x0800086e   0x00000002   PAD
    0x08000870   0x08000870   0x00000054   Code   RO         1264    .text.$Sub$$main    components.o
    0x080008c4   0x080008c4   0x00000002   Code   RO           49    .text.BusFault_Handler  stm32f4xx_it.o
    0x080008c6   0x080008c6   0x00000002   PAD
    0x080008c8   0x080008c8   0x00000078   Code   RO          109    .text.CalculateLR   calculate.o
    0x08000940   0x08000940   0x0000002c   Code   RO          125    .text.ControlPwm    pwm.o
    0x0800096c   0x0800096c   0x00000002   Code   RO           53    .text.DebugMon_Handler  stm32f4xx_it.o
    0x0800096e   0x0800096e   0x00000002   PAD
    0x08000970   0x08000970   0x000001f8   Code   RO           25    .text.EXTI15_10_IRQHandler  main.o
    0x08000b68   0x08000b68   0x00000100   Code   RO           19    .text.EXTI24_Handler  main.o
    0x08000c68   0x08000c68   0x00000016   Code   RO           21    .text.EXTI4_IRQHandler  main.o
    0x08000c7e   0x08000c7e   0x00000002   PAD
    0x08000c80   0x08000c80   0x00000110   Code   RO           23    .text.EXTI9_5_IRQHandler  main.o
    0x08000d90   0x08000d90   0x0000000a   Code   RO           17    .text.Error_Handler  main.o
    0x08000d9a   0x08000d9a   0x00000002   PAD
    0x08000d9c   0x08000d9c   0x0000008e   Code   RO          401    .text.HAL_DMA_Abort  stm32f4xx_hal_dma.o
    0x08000e2a   0x08000e2a   0x00000002   PAD
    0x08000e2c   0x08000e2c   0x00000024   Code   RO          403    .text.HAL_DMA_Abort_IT  stm32f4xx_hal_dma.o
    0x08000e50   0x08000e50   0x00000028   Code   RO          554    .text.HAL_Delay     stm32f4xx_hal.o
    0x08000e78   0x08000e78   0x0000019a   Code   RO          355    .text.HAL_GPIO_Init  stm32f4xx_hal_gpio.o
    0x08001012   0x08001012   0x00000002   PAD
    0x08001014   0x08001014   0x0000000a   Code   RO          361    .text.HAL_GPIO_WritePin  stm32f4xx_hal_gpio.o
    0x0800101e   0x0800101e   0x00000002   PAD
    0x08001020   0x08001020   0x0000000c   Code   RO          546    .text.HAL_GetTick   stm32f4xx_hal.o
    0x0800102c   0x0800102c   0x00000164   Code   RO         1063    .text.HAL_I2C_Init  stm32f4xx_hal_i2c.o
    0x08001190   0x08001190   0x00000602   Code   RO         1077    .text.HAL_I2C_Master_Receive  stm32f4xx_hal_i2c.o
    0x08001792   0x08001792   0x00000002   PAD
    0x08001794   0x08001794   0x00000418   Code   RO         1071    .text.HAL_I2C_Master_Transmit  stm32f4xx_hal_i2c.o
    0x08001bac   0x08001bac   0x000001da   Code   RO         1103    .text.HAL_I2C_Mem_Write  stm32f4xx_hal_i2c.o
    0x08001d86   0x08001d86   0x00000002   PAD
    0x08001d88   0x08001d88   0x000000ce   Code   RO           68    .text.HAL_I2C_MspInit  stm32f4xx_hal_msp.o
    0x08001e56   0x08001e56   0x00000002   PAD
    0x08001e58   0x08001e58   0x0000001a   Code   RO          544    .text.HAL_IncTick   stm32f4xx_hal.o
    0x08001e72   0x08001e72   0x00000002   PAD
    0x08001e74   0x08001e74   0x00000036   Code   RO          534    .text.HAL_Init      stm32f4xx_hal.o
    0x08001eaa   0x08001eaa   0x00000002   PAD
    0x08001eac   0x08001eac   0x00000090   Code   RO           94    .text.HAL_InitTick  stm32f4xx_hal_timebase_tim.o
    0x08001f3c   0x08001f3c   0x00000038   Code   RO           66    .text.HAL_MspInit   stm32f4xx_hal_msp.o
    0x08001f74   0x08001f74   0x00000022   Code   RO          492    .text.HAL_NVIC_EnableIRQ  stm32f4xx_hal_cortex.o
    0x08001f96   0x08001f96   0x00000002   PAD
    0x08001f98   0x08001f98   0x00000056   Code   RO          490    .text.HAL_NVIC_SetPriority  stm32f4xx_hal_cortex.o
    0x08001fee   0x08001fee   0x00000002   PAD
    0x08001ff0   0x08001ff0   0x00000020   Code   RO          488    .text.HAL_NVIC_SetPriorityGrouping  stm32f4xx_hal_cortex.o
    0x08002010   0x08002010   0x00000164   Code   RO          249    .text.HAL_RCC_ClockConfig  stm32f4xx_hal_rcc.o
    0x08002174   0x08002174   0x0000003e   Code   RO          267    .text.HAL_RCC_GetClockConfig  stm32f4xx_hal_rcc.o
    0x080021b2   0x080021b2   0x00000002   PAD
    0x080021b4   0x080021b4   0x00000026   Code   RO          261    .text.HAL_RCC_GetPCLK1Freq  stm32f4xx_hal_rcc.o
    0x080021da   0x080021da   0x00000002   PAD
    0x080021dc   0x080021dc   0x00000026   Code   RO          263    .text.HAL_RCC_GetPCLK2Freq  stm32f4xx_hal_rcc.o
    0x08002202   0x08002202   0x00000002   PAD
    0x08002204   0x08002204   0x0000006a   Code   RO          251    .text.HAL_RCC_GetSysClockFreq  stm32f4xx_hal_rcc.o
    0x0800226e   0x0800226e   0x00000002   PAD
    0x08002270   0x08002270   0x000003ac   Code   RO          247    .text.HAL_RCC_OscConfig  stm32f4xx_hal_rcc.o
    0x0800261c   0x0800261c   0x00000002   Code   RO          929    .text.HAL_TIMEx_BreakCallback  stm32f4xx_hal_tim_ex.o
    0x0800261e   0x0800261e   0x00000002   PAD
    0x08002620   0x08002620   0x00000002   Code   RO          925    .text.HAL_TIMEx_CommutCallback  stm32f4xx_hal_tim_ex.o
    0x08002622   0x08002622   0x00000002   PAD
    0x08002624   0x08002624   0x0000004c   Code   RO          921    .text.HAL_TIMEx_ConfigBreakDeadTime  stm32f4xx_hal_tim_ex.o
    0x08002670   0x08002670   0x000000ba   Code   RO          919    .text.HAL_TIMEx_MasterConfigSynchronization  stm32f4xx_hal_tim_ex.o
    0x0800272a   0x0800272a   0x00000002   PAD
    0x0800272c   0x0800272c   0x0000005a   Code   RO          624    .text.HAL_TIM_Base_Init  stm32f4xx_hal_tim.o
    0x08002786   0x08002786   0x00000002   PAD
    0x08002788   0x08002788   0x00000120   Code   RO           74    .text.HAL_TIM_Base_MspInit  stm32f4xx_hal_msp.o
    0x080028a8   0x080028a8   0x000000a2   Code   RO          634    .text.HAL_TIM_Base_Start  stm32f4xx_hal_tim.o
    0x0800294a   0x0800294a   0x00000002   PAD
    0x0800294c   0x0800294c   0x000000aa   Code   RO          638    .text.HAL_TIM_Base_Start_IT  stm32f4xx_hal_tim.o
    0x080029f6   0x080029f6   0x00000002   PAD
    0x080029f8   0x080029f8   0x000001a0   Code   RO          804    .text.HAL_TIM_ConfigClockSource  stm32f4xx_hal_tim.o
    0x08002b98   0x08002b98   0x000000bc   Code   RO          746    .text.HAL_TIM_Encoder_Start  stm32f4xx_hal_tim.o
    0x08002c54   0x08002c54   0x00000002   Code   RO          760    .text.HAL_TIM_IC_CaptureCallback  stm32f4xx_hal_tim.o
    0x08002c56   0x08002c56   0x00000002   PAD
    0x08002c58   0x08002c58   0x00000170   Code   RO          758    .text.HAL_TIM_IRQHandler  stm32f4xx_hal_tim.o
    0x08002dc8   0x08002dc8   0x0000011e   Code   RO           78    .text.HAL_TIM_MspPostInit  stm32f4xx_hal_msp.o
    0x08002ee6   0x08002ee6   0x00000002   PAD
    0x08002ee8   0x08002ee8   0x00000002   Code   RO          762    .text.HAL_TIM_OC_DelayElapsedCallback  stm32f4xx_hal_tim.o
    0x08002eea   0x08002eea   0x00000002   PAD
    0x08002eec   0x08002eec   0x00000220   Code   RO          778    .text.HAL_TIM_PWM_ConfigChannel  stm32f4xx_hal_tim.o
    0x0800310c   0x0800310c   0x0000005a   Code   RO          678    .text.HAL_TIM_PWM_Init  stm32f4xx_hal_tim.o
    0x08003166   0x08003166   0x00000002   PAD
    0x08003168   0x08003168   0x00000034   Code   RO           76    .text.HAL_TIM_PWM_MspInit  stm32f4xx_hal_msp.o
    0x0800319c   0x0800319c   0x00000002   Code   RO          764    .text.HAL_TIM_PWM_PulseFinishedCallback  stm32f4xx_hal_tim.o
    0x0800319e   0x0800319e   0x00000002   PAD
    0x080031a0   0x080031a0   0x0000010e   Code   RO          686    .text.HAL_TIM_PWM_Start  stm32f4xx_hal_tim.o
    0x080032ae   0x080032ae   0x00000002   PAD
    0x080032b0   0x080032b0   0x00000158   Code   RO          167    .text.HAL_TIM_PeriodElapsedCallback  thread.o
    0x08003408   0x08003408   0x00000002   Code   RO          768    .text.HAL_TIM_TriggerCallback  stm32f4xx_hal_tim.o
    0x0800340a   0x0800340a   0x00000002   PAD
    0x0800340c   0x0800340c   0x00000002   Code   RO         1027    .text.HAL_UARTEx_RxEventCallback  stm32f4xx_hal_uart.o
    0x0800340e   0x0800340e   0x00000002   PAD
    0x08003410   0x08003410   0x00000002   Code   RO         1025    .text.HAL_UART_ErrorCallback  stm32f4xx_hal_uart.o
    0x08003412   0x08003412   0x00000002   PAD
    0x08003414   0x08003414   0x00000568   Code   RO         1019    .text.HAL_UART_IRQHandler  stm32f4xx_hal_uart.o
    0x0800397c   0x0800397c   0x0000005e   Code   RO          943    .text.HAL_UART_Init  stm32f4xx_hal_uart.o
    0x080039da   0x080039da   0x00000002   PAD
    0x080039dc   0x080039dc   0x00000086   Code   RO          198    .text.HAL_UART_MspInit  usart.o
    0x08003a62   0x08003a62   0x00000002   PAD
    0x08003a64   0x08003a64   0x00000002   Code   RO         1033    .text.HAL_UART_RxCpltCallback  stm32f4xx_hal_uart.o
    0x08003a66   0x08003a66   0x00000002   PAD
    0x08003a68   0x08003a68   0x0000004a   Code   RO          963    .text.HAL_UART_Transmit_IT  stm32f4xx_hal_uart.o
    0x08003ab2   0x08003ab2   0x00000002   PAD
    0x08003ab4   0x08003ab4   0x0000001e   Code   RO          173    .text.HAL_UART_TxCpltCallback  thread.o
    0x08003ad2   0x08003ad2   0x00000002   PAD
    0x08003ad4   0x08003ad4   0x0000026e   Code   RO         1105    .text.I2C_RequestMemoryWrite  stm32f4xx_hal_i2c.o
    0x08003d42   0x08003d42   0x00000002   PAD
    0x08003d44   0x08003d44   0x000000a8   Code   RO         1075    .text.I2C_WaitOnBTFFlagUntilTimeout  stm32f4xx_hal_i2c.o
    0x08003dec   0x08003dec   0x000000a4   Code   RO          157    .text.Init          thread.o
    0x08003e90   0x08003e90   0x000013da   Code   RO          235    .text.LeastSquaresFit  magnetometer.o
    0x0800526a   0x0800526a   0x00000002   PAD
    0x0800526c   0x0800526c   0x00000042   Code   RO          215    .text.MX_I2C1_Init  i2cimu.o
    0x080052ae   0x080052ae   0x00000002   PAD
    0x080052b0   0x080052b0   0x00000042   Code   RO          217    .text.MX_I2C2_Init  i2cimu.o
    0x080052f2   0x080052f2   0x00000002   PAD
    0x080052f4   0x080052f4   0x0000004a   Code   RO          196    .text.MX_USART1_UART_Init  usart.o
    0x0800533e   0x0800533e   0x00000002   PAD
    0x08005340   0x08005340   0x00000002   Code   RO           47    .text.MemManage_Handler  stm32f4xx_it.o
    0x08005342   0x08005342   0x00000002   PAD
    0x08005344   0x08005344   0x00000002   Code   RO           43    .text.NMI_Handler   stm32f4xx_it.o
    0x08005346   0x08005346   0x00000002   PAD
    0x08005348   0x08005348   0x00000012   Code   RO         1223    .text.SysTick_Handler  board.o
    0x0800535a   0x0800535a   0x00000002   PAD
    0x0800535c   0x0800535c   0x000000ac   Code   RO           13    .text.SystemClock_Config  main.o
    0x08005408   0x08005408   0x00000086   Code   RO         1200    .text.SystemCoreClockUpdate  system_stm32f4xx.o
    0x0800548e   0x0800548e   0x00000002   PAD
    0x08005490   0x08005490   0x00000012   Code   RO         1198    .text.SystemInit    system_stm32f4xx.o
    0x080054a2   0x080054a2   0x00000002   PAD
    0x080054a4   0x080054a4   0x0000000c   Code   RO           15    .text.TIM1_UP_TIM10_IRQHandler  main.o
    0x080054b0   0x080054b0   0x0000001e   Code   RO           57    .text.TIM8_TRG_COM_TIM14_IRQHandler  stm32f4xx_it.o
    0x080054ce   0x080054ce   0x00000002   PAD
    0x080054d0   0x080054d0   0x0000000c   Code   RO           55    .text.TIM8_UP_TIM13_IRQHandler  stm32f4xx_it.o
    0x080054dc   0x080054dc   0x00000134   Code   RO          628    .text.TIM_Base_SetConfig  stm32f4xx_hal_tim.o
    0x08005610   0x08005610   0x0000000c   Code   RO         1023    .text.UART_DMAAbortOnError  stm32f4xx_hal_uart.o
    0x0800561c   0x0800561c   0x000000fe   Code   RO         1021    .text.UART_Receive_IT  stm32f4xx_hal_uart.o
    0x0800571a   0x0800571a   0x00000002   PAD
    0x0800571c   0x0800571c   0x000000e6   Code   RO          947    .text.UART_SetConfig  stm32f4xx_hal_uart.o
    0x08005802   0x08005802   0x00000002   PAD
    0x08005804   0x08005804   0x0000000c   Code   RO           45    .text.USART1_IRQHandler  stm32f4xx_it.o
    0x08005810   0x08005810   0x00000002   Code   RO           51    .text.UsageFault_Handler  stm32f4xx_it.o
    0x08005812   0x08005812   0x00000002   PAD
    0x08005814   0x08005814   0x00000038   Code   RO         1408    .text.__rt_ffs      kservice.o
    0x0800584c   0x0800584c   0x00000004   PAD
    0x08005850   0x08005850   0x00000120   Code   RO          153    .text.change        thread.o
    0x08005970   0x08005970   0x000000f0   Code   RO          119    .text.dirControl    pwm.o
    0x08005a60   0x08005a60   0x00000042   Code   RO          211    .text.i2cWrite      i2cimu.o
    0x08005aa2   0x08005aa2   0x00000002   PAD
    0x08005aa4   0x08005aa4   0x000005a2   Code   RO           11    .text.main          main.o
    0x08006046   0x08006046   0x00000002   PAD
    0x08006048   0x08006048   0x00000032   Code   RO         1268    .text.main_thread_entry  components.o
    0x0800607a   0x0800607a   0x00000006   PAD
    0x08006080   0x08006080   0x00000be8   Code   RO          233    .text.matrix_inverse  magnetometer.o
    0x08006c68   0x08006c68   0x00000584   Code   RO         1392    .text.print_number  kservice.o
    0x080071ec   0x080071ec   0x0000002a   Code   RO         1260    .text.rt_components_board_init  components.o
    0x08007216   0x08007216   0x00000002   PAD
    0x08007218   0x08007218   0x0000001c   Code   RO         1479    .text.rt_enter_critical  scheduler.o
    0x08007234   0x08007234   0x00000092   Code   RO         1481    .text.rt_exit_critical  scheduler.o
    0x080072c6   0x080072c6   0x00000002   PAD
    0x080072c8   0x080072c8   0x00000120   Code   RO         1427    .text.rt_free       mem.o
    0x080073e8   0x080073e8   0x0000000a   Code   RO         1217    .text.rt_heap_begin_get  board.o
    0x080073f2   0x080073f2   0x00000002   PAD
    0x080073f4   0x080073f4   0x0000000e   Code   RO         1219    .text.rt_heap_end_get  board.o
    0x08007402   0x08007402   0x00000002   PAD
    0x08007404   0x08007404   0x00000062   Code   RO         1221    .text.rt_hw_board_init  board.o
    0x08007466   0x08007466   0x00000002   PAD
    0x08007468   0x08007468   0x00000002   Code   RO         1400    .text.rt_hw_console_output  kservice.o
    0x0800746a   0x0800746a   0x00000002   PAD
    0x0800746c   0x0800746c   0x000001a4   Code   RO         1570    .text.rt_hw_hard_fault_exception  cpuport.o
    0x08007610   0x08007610   0x00000042   Code   RO         1566    .text.rt_hw_stack_init  cpuport.o
    0x08007652   0x08007652   0x00000002   PAD
    0x08007654   0x08007654   0x0000001c   Code   RO         1341    .text.rt_interrupt_enter  irq.o
    0x08007670   0x08007670   0x0000001c   Code   RO         1343    .text.rt_interrupt_leave  irq.o
    0x0800768c   0x0800768c   0x00000032   Code   RO         1388    .text.rt_kprintf    kservice.o
    0x080076be   0x080076be   0x00000002   PAD
    0x080076c0   0x080076c0   0x0000018a   Code   RO         1423    .text.rt_malloc     mem.o
    0x0800784a   0x0800784a   0x00000002   PAD
    0x0800784c   0x0800784c   0x00000110   Code   RO         1362    .text.rt_memset     kservice.o
    0x0800795c   0x0800795c   0x0000007a   Code   RO         1450    .text.rt_object_allocate  object.o
    0x080079d6   0x080079d6   0x00000002   PAD
    0x080079d8   0x080079d8   0x0000002a   Code   RO         1452    .text.rt_object_delete  object.o
    0x08007a02   0x08007a02   0x00000002   PAD
    0x08007a04   0x08007a04   0x00000022   Code   RO         1448    .text.rt_object_detach  object.o
    0x08007a26   0x08007a26   0x00000002   PAD
    0x08007a28   0x08007a28   0x0000008a   Code   RO         1446    .text.rt_object_init  object.o
    0x08007ab2   0x08007ab2   0x00000002   PAD
    0x08007ab4   0x08007ab4   0x00000006   Code   RO         1454    .text.rt_object_is_systemobject  object.o
    0x08007aba   0x08007aba   0x00000002   PAD
    0x08007abc   0x08007abc   0x00000076   Code   RO         1473    .text.rt_schedule   scheduler.o
    0x08007b32   0x08007b32   0x00000002   PAD
    0x08007b34   0x08007b34   0x00000052   Code   RO         1475    .text.rt_schedule_insert_thread  scheduler.o
    0x08007b86   0x08007b86   0x00000002   PAD
    0x08007b88   0x08007b88   0x00000052   Code   RO         1477    .text.rt_schedule_remove_thread  scheduler.o
    0x08007bda   0x08007bda   0x00000002   PAD
    0x08007bdc   0x08007bdc   0x00000022   Code   RO         1307    .text.rt_sem_create  ipc.o
    0x08007bfe   0x08007bfe   0x00000002   PAD
    0x08007c00   0x08007c00   0x00000020   Code   RO         1303    .text.rt_sem_init   ipc.o
    0x08007c20   0x08007c20   0x0000003a   Code   RO         1315    .text.rt_sem_release  ipc.o
    0x08007c5a   0x08007c5a   0x00000002   PAD
    0x08007c5c   0x08007c5c   0x00000112   Code   RO         1311    .text.rt_sem_take   ipc.o
    0x08007d6e   0x08007d6e   0x00000002   PAD
    0x08007d70   0x08007d70   0x000000b8   Code   RO         1386    .text.rt_show_version  kservice.o
    0x08007e28   0x08007e28   0x00000096   Code   RO         1376    .text.rt_strncpy    kservice.o
    0x08007ebe   0x08007ebe   0x00000002   PAD
    0x08007ec0   0x08007ec0   0x000000c0   Code   RO         1421    .text.rt_system_heap_init  mem.o
    0x08007f80   0x08007f80   0x0000012a   Code   RO         1469    .text.rt_system_scheduler_init  scheduler.o
    0x080080aa   0x080080aa   0x00000002   PAD
    0x080080ac   0x080080ac   0x00000030   Code   RO         1471    .text.rt_system_scheduler_start  scheduler.o
    0x080080dc   0x080080dc   0x00000010   Code   RO         1553    .text.rt_system_timer_init  timer.o
    0x080080ec   0x080080ec   0x00000002   Code   RO         1555    .text.rt_system_timer_thread_init  timer.o
    0x080080ee   0x080080ee   0x00000002   PAD
    0x080080f0   0x080080f0   0x000000b0   Code   RO         1507    .text.rt_thread_create  thread_1.o
    0x080081a0   0x080081a0   0x0000000a   Code   RO         1517    .text.rt_thread_delay  thread_1.o
    0x080081aa   0x080081aa   0x00000002   PAD
    0x080081ac   0x080081ac   0x0000006c   Code   RO         1495    .text.rt_thread_exit  thread_1.o
    0x08008218   0x08008218   0x0000006c   Code   RO         1289    .text.rt_thread_idle_entry  idle.o
    0x08008284   0x08008284   0x00000050   Code   RO         1287    .text.rt_thread_idle_init  idle.o
    0x080082d4   0x080082d4   0x0000008e   Code   RO         1497    .text.rt_thread_init  thread_1.o
    0x08008362   0x08008362   0x00000002   PAD
    0x08008364   0x08008364   0x00000044   Code   RO         1503    .text.rt_thread_resume  thread_1.o
    0x080083a8   0x080083a8   0x0000000c   Code   RO         1499    .text.rt_thread_self  thread_1.o
    0x080083b4   0x080083b4   0x00000078   Code   RO         1513    .text.rt_thread_sleep  thread_1.o
    0x0800842c   0x0800842c   0x0000005a   Code   RO         1501    .text.rt_thread_startup  thread_1.o
    0x08008486   0x08008486   0x00000002   PAD
    0x08008488   0x08008488   0x00000042   Code   RO         1515    .text.rt_thread_suspend  thread_1.o
    0x080084ca   0x080084ca   0x00000002   PAD
    0x080084cc   0x080084cc   0x00000026   Code   RO         1523    .text.rt_thread_timeout  thread_1.o
    0x080084f2   0x080084f2   0x00000002   PAD
    0x080084f4   0x080084f4   0x00000068   Code   RO         1511    .text.rt_thread_yield  thread_1.o
    0x0800855c   0x0800855c   0x0000000c   Code   RO         1235    .text.rt_tick_get   clock.o
    0x08008568   0x08008568   0x00000034   Code   RO         1239    .text.rt_tick_increase  clock.o
    0x0800859c   0x0800859c   0x0000007e   Code   RO         1549    .text.rt_timer_check  timer.o
    0x0800861a   0x0800861a   0x00000002   PAD
    0x0800861c   0x0800861c   0x00000030   Code   RO         1547    .text.rt_timer_control  timer.o
    0x0800864c   0x0800864c   0x00000026   Code   RO         1537    .text.rt_timer_detach  timer.o
    0x08008672   0x08008672   0x00000002   PAD
    0x08008674   0x08008674   0x00000032   Code   RO         1535    .text.rt_timer_init  timer.o
    0x080086a6   0x080086a6   0x00000002   PAD
    0x080086a8   0x080086a8   0x000000d6   Code   RO         1543    .text.rt_timer_start  timer.o
    0x0800877e   0x0800877e   0x00000002   PAD
    0x08008780   0x08008780   0x00000036   Code   RO         1545    .text.rt_timer_stop  timer.o
    0x080087b6   0x080087b6   0x00000002   PAD
    0x080087b8   0x080087b8   0x00000820   Code   RO         1390    .text.rt_vsnprintf  kservice.o
    0x08008fd8   0x08008fd8   0x00000004   Code   RO         1256    .text.rti_board_end  components.o
    0x08008fdc   0x08008fdc   0x00000004   Code   RO         1254    .text.rti_board_start  components.o
    0x08008fe0   0x08008fe0   0x00000004   Code   RO         1258    .text.rti_end       components.o
    0x08008fe4   0x08008fe4   0x00000004   Code   RO         1252    .text.rti_start     components.o
    0x08008fe8   0x08008fe8   0x00000050   Code   RO          165    .text.thread1_entry  thread.o
    0x08009038   0x08009038   0x00000060   Code   RO          169    .text.thread2_entry  thread.o
    0x08009098   0x08009098   0x00000230   Code   RO          163    .text.thread4_entry  thread.o
    0x080092c8   0x080092c8   0x000000d4   Code   RO          171    .text.thread_create  thread.o
    0x0800939c   0x0800939c   0x0000032e   Code   RO          155    .text.vLRControl    thread.o
    0x080096ca   0x080096ca   0x00000030   Code   RO         1753    i.__ARM_fpclassify  m_wm.l(fpclassify.o)
    0x080096fa   0x080096fa   0x00000006   PAD
    0x08009700   0x08009700   0x000002d8   Code   RO         1699    i.__hardfp_atan     m_wm.l(atan.o)
    0x080099d8   0x080099d8   0x00000200   Code   RO         1658    i.__hardfp_atan2    m_wm.l(atan2.o)
    0x08009bd8   0x08009bd8   0x000000f8   Code   RO         1755    i.__kernel_poly     m_wm.l(poly.o)
    0x08009cd0   0x08009cd0   0x00000014   Code   RO         1707    i.__mathlib_dbl_infnan  m_wm.l(dunder.o)
    0x08009ce4   0x08009ce4   0x00000014   Code   RO         1708    i.__mathlib_dbl_infnan2  m_wm.l(dunder.o)
    0x08009cf8   0x08009cf8   0x00000020   Code   RO         1712    i.__mathlib_dbl_underflow  m_wm.l(dunder.o)
    0x08009d18   0x08009d18   0x00000010   Code   RO         1701    i.atan              m_wm.l(atan.o)
    0x08009d28   0x08009d28   0x00000018   Code   RO         1722    i.fabs              m_wm.l(fabs.o)
    0x08009d40   0x08009d40   0x00000018   Code   RO         1684    x$fpl$basic         fz_wm.l(basic.o)
    0x08009d58   0x08009d58   0x00000150   Code   RO         1634    x$fpl$dadd          fz_wm.l(daddsub_clz.o)
    0x08009ea8   0x08009ea8   0x00000018   Code   RO         1751    x$fpl$dcmpinf       fz_wm.l(dcmpi.o)
    0x08009ec0   0x08009ec0   0x000002b8   Code   RO         1643    x$fpl$ddiv          fz_wm.l(ddiv.o)
    0x0800a178   0x0800a178   0x00000078   Code   RO         1686    x$fpl$deqf          fz_wm.l(deqf.o)
    0x0800a1f0   0x0800a1f0   0x0000005e   Code   RO         1646    x$fpl$dfix          fz_wm.l(dfix.o)
    0x0800a24e   0x0800a24e   0x0000002e   Code   RO         1651    x$fpl$dflt          fz_wm.l(dflt_clz.o)
    0x0800a27c   0x0800a27c   0x00000026   Code   RO         1650    x$fpl$dfltu         fz_wm.l(dflt_clz.o)
    0x0800a2a2   0x0800a2a2   0x00000002   PAD
    0x0800a2a4   0x0800a2a4   0x00000078   Code   RO         1688    x$fpl$dgeqf         fz_wm.l(dgeqf.o)
    0x0800a31c   0x0800a31c   0x00000078   Code   RO         1690    x$fpl$dleqf         fz_wm.l(dleqf.o)
    0x0800a394   0x0800a394   0x00000154   Code   RO         1656    x$fpl$dmul          fz_wm.l(dmul.o)
    0x0800a4e8   0x0800a4e8   0x0000009c   Code   RO         1692    x$fpl$dnaninf       fz_wm.l(dnaninf.o)
    0x0800a584   0x0800a584   0x0000000c   Code   RO         1694    x$fpl$dretinf       fz_wm.l(dretinf.o)
    0x0800a590   0x0800a590   0x00000016   Code   RO         1635    x$fpl$drsb          fz_wm.l(daddsub_clz.o)
    0x0800a5a6   0x0800a5a6   0x00000002   PAD
    0x0800a5a8   0x0800a5a8   0x000001dc   Code   RO         1636    x$fpl$dsub          fz_wm.l(daddsub_clz.o)
    0x0800a784   0x0800a784   0x00000054   Code   RO         1640    x$fpl$fcmp          fz_wm.l(dcmp.o)
    0x0800a7d8   0x0800a7d8   0x0000001a   Code   RO         1846    x$fpl$fpinit        fz_wm.l(fpinit.o)
    0x0800a7f2   0x0800a7f2   0x00000000   Code   RO         1698    x$fpl$usenofp       fz_wm.l(usenofp.o)
    0x0800a7f2   0x0800a7f2   0x00000006   PAD
    0x0800a7f8   0x0800a7f8   0x00000098   Data   RO         1702    .constdata          m_wm.l(atan.o)
    0x0800a890   0x0800a890   0x00000008   Data   RO         1726    .constdata          m_wm.l(qnan.o)
    0x0800a898   0x0800a898   0x00000010   Data   RO         1203    .rodata.AHBPrescTable  system_stm32f4xx.o
    0x0800a8a8   0x0800a8a8   0x00000008   Data   RO         1204    .rodata.APBPrescTable  system_stm32f4xx.o
    0x0800a8b0   0x0800a8b0   0x00000100   Data   RO         1412    .rodata.__lowest_bit_bitmap  kservice.o
    0x0800a9b0   0x0800a9b0   0x00000005   Data   RO         1276    .rodata.str1.1      components.o
    0x0800a9b5   0x0800a9b5   0x00000093   Data   RO         1577    .rodata.str1.1      cpuport.o
    0x0800aa48   0x0800aa48   0x00000004   Data   RO         1272    .rti_fn.0           components.o
    0x0800aa4c   0x0800aa4c   0x00000004   Data   RO         1273    .rti_fn.0.end       components.o
    0x0800aa50   0x0800aa50   0x00000004   Data   RO         1274    .rti_fn.1.end       components.o
    0x0800aa54   0x0800aa54   0x00000004   Data   RO         1275    .rti_fn.6.end       components.o
    0x0800aa58   0x0800aa58   0x00000020   Data   RO         1907    Region$$Table       anon$$obj.o


    Execution Region RW_IRAM2 (Exec base: 0x10000000, Load base: 0x0800aaf8, Size: 0x00000000, Max: 0x00010000, ABSOLUTE)

    **** No section assigned to this execution region ****


    Execution Region RW_IRAM1 (Exec base: 0x20000000, Load base: 0x0800aa78, Size: 0x00002350, Max: 0x00020000, ABSOLUTE)

    Exec Addr    Load Addr    Size         Type   Attr      Idx    E Section Name        Object

    0x20000000   0x0800aa78   0x00000020   Data   RW          140    .data..L_MergedGlobals  pwm.o
    0x20000020   0x0800aa98   0x00000008   Data   RW          589    .data..L_MergedGlobals  stm32f4xx_hal.o
    0x20000028   0x0800aaa0   0x00000004   Data   RW         1202    .data.SystemCoreClock  system_stm32f4xx.o
    0x2000002c   0x0800aaa4   0x00000010   Data   RW          134    .data.htim_list     pwm.o
    0x2000003c   0x0800aab4   0x00000040   Data   RW         1460    .data.rt_object_container  object.o
    0x2000007c   0x0800aaf4   0x00000004   PAD
    0x20000080        -       0x00000060   Zero   RW         1758    .bss                c_w.l(libspace.o)
    0x200000e0        -       0x00000060   Zero   RW           34    .bss..L_MergedGlobals  main.o
    0x20000140        -       0x00000078   Zero   RW          184    .bss..L_MergedGlobals  thread.o
    0x200001b8        -       0x00000038   Zero   RW         1433    .bss..L_MergedGlobals  mem.o
    0x200001f0        -       0x00000014   Zero   RW         1486    .bss..L_MergedGlobals  scheduler.o
    0x20000204        -       0x0000000c   Zero   RW         1557    .bss..L_MergedGlobals  timer.o
    0x20000210        -       0x00000058   Zero   RW          185    .bss..L_MergedGlobals.5  thread.o
    0x20000268        -       0x00000008   Zero   RW           31    .bss.Bi             main.o
    0x20000270        -       0x00000010   Zero   RW          135    .bss.direct         pwm.o
    0x20000280        -       0x00000054   Zero   RW          219    .bss.hi2c1          i2cimu.o
    0x200002d4        -       0x00000054   Zero   RW          220    .bss.hi2c2          i2cimu.o
    0x20000328        -       0x00000048   Zero   RW          136    .bss.htim1          pwm.o
    0x20000370        -       0x00000048   Zero   RW          132    .bss.htim10         pwm.o
    0x200003b8        -       0x00000048   Zero   RW          133    .bss.htim11         pwm.o
    0x20000400        -       0x00000048   Zero   RW          100    .bss.htim14         stm32f4xx_hal_timebase_tim.o
    0x20000448        -       0x00000048   Zero   RW          137    .bss.htim2          pwm.o
    0x20000490        -       0x00000048   Zero   RW          139    .bss.htim4          pwm.o
    0x200004d8        -       0x00000048   Zero   RW          130    .bss.htim8          pwm.o
    0x20000520        -       0x00000048   Zero   RW          131    .bss.htim9          pwm.o
    0x20000568        -       0x00000044   Zero   RW          202    .bss.huart1         usart.o
    0x200005ac        -       0x00000078   Zero   RW         1293    .bss.idle           idle.o
    0x20000624        -       0x00000010   Zero   RW          129    .bss.pwmVal         pwm.o
    0x20000634        -       0x00000004   Zero   RW         1576    .bss.rt_exception_hook  cpuport.o
    0x20000638        -       0x00001000   Zero   RW         1225    .bss.rt_heap        board.o
    0x20001638        -       0x00000004   Zero   RW         1578    .bss.rt_interrupt_from_thread  cpuport.o
    0x2000163c        -       0x00000001   Zero   RW         1347    .bss.rt_interrupt_nest  irq.o
    0x2000163d   0x0800aaf4   0x00000003   PAD
    0x20001640        -       0x00000004   Zero   RW         1579    .bss.rt_interrupt_to_thread  cpuport.o
    0x20001644        -       0x00000080   Zero   RW         1411    .bss.rt_kprintf.rt_log_buf  kservice.o
    0x200016c4        -       0x00000100   Zero   RW         1485    .bss.rt_thread_priority_table  scheduler.o
    0x200017c4        -       0x00000100   Zero   RW         1294    .bss.rt_thread_stack  idle.o
    0x200018c4        -       0x00000004   Zero   RW         1580    .bss.rt_thread_switch_interrupt_flag  cpuport.o
    0x200018c8        -       0x00000004   Zero   RW         1243    .bss.rt_tick        clock.o
    0x200018cc        -       0x00000078   Zero   RW          178    .bss.thread2        thread.o
    0x20001944        -       0x00000400   Zero   RW          179    .bss.thread2_stack  thread.o
    0x20001d44        -       0x00000004   Zero   RW           27    .bss.tick_time      main.o
    0x20001d48        -       0x00000004   Zero   RW          588    .bss.uwTick         stm32f4xx_hal.o
    0x20001d4c   0x0800aaf4   0x00000004   PAD
    0x20001d50        -       0x00000200   Zero   RW            2    HEAP                startup_stm32f407xx.o
    0x20001f50        -       0x00000400   Zero   RW            1    STACK               startup_stm32f407xx.o


==============================================================================

Image component sizes


      Code (inc. data)   RO Data    RW Data    ZI Data      Debug   Object Name

       140          0          0          0       4096       1488   board.o
       120         16          0          0          0        695   calculate.o
        64          0          0          0          4       2662   clock.o
       192          0         21          0          0       3701   components.o
       308         26          0          0          0        892   context_rvds.o
       486        160        147          0         16       3302   cpuport.o
       198          0          0          0        168       4527   i2cimu.o
       188          8          0          0        376       3541   idle.o
       398          0          0          0          0      10787   ipc.o
        56          0          0          0          1       1130   irq.o
      4206        434        256          0        128      27993   kservice.o
      8130         16          0          0          0      14073   magnetometer.o
      2690        144          0          0        108      14699   main.o
       874        144          0          0         56       5569   mem.o
       342          0          0         64          0       5831   object.o
       284          8          0         48        536       6081   pwm.o
       802          0          0          0        276       6184   scheduler.o
        64         26        392          0       1536        828   startup_stm32f407xx.o
       132          0          0          8          4       7284   stm32f4xx_hal.o
       152          0          0          0          0      10412   stm32f4xx_hal_cortex.o
       178          0          0          0          0      10635   stm32f4xx_hal_dma.o
       420          0          0          0          0       5332   stm32f4xx_hal_gpio.o
      4206          0          0          0          0      55249   stm32f4xx_hal_i2c.o
       888          0          0          0          0      11808   stm32f4xx_hal_msp.o
      1540          0          0          0          0       7365   stm32f4xx_hal_rcc.o
      2614          6          0          0          0      57226   stm32f4xx_hal_tim.o
       266          0          0          0          0      21470   stm32f4xx_hal_tim_ex.o
       144          0          0          0         72       7064   stm32f4xx_hal_timebase_tim.o
      2054          0          0          0          0      31842   stm32f4xx_hal_uart.o
        64          0          0          0          0       5388   stm32f4xx_it.o
       152          0         24          4          0       2629   system_stm32f4xx.o
      2588        108          0          0       1352      13115   thread.o
       934          0          0          0          0       9956   thread_1.o
       548          4          0          0         12       7332   timer.o
       208          0          0          0         68       7770   usart.o

    ----------------------------------------------------------------------
     36814       1100        872        124       8820     385860   Object Totals
         0          0         32          0          0          0   (incl. Generated)
       184          0          0          0         11          0   (incl. Padding)

    ----------------------------------------------------------------------

      Code (inc. data)   RO Data    RW Data    ZI Data      Debug   Library Member Name

        64          6          0          0          0         84   __2snprintf.o
         8          0          0          0          0         68   __main.o
       104          0          0          0          0         84   __printf.o
         0          0          0          0          0          0   __rtentry.o
        12          0          0          0          0          0   __rtentry2.o
         6          0          0          0          0          0   __rtentry4.o
        94          8          0          0          0          0   __scatter.o
        26          0          0          0          0          0   __scatter_copy.o
        28          0          0          0          0          0   __scatter_zi.o
        48          6          0          0          0         96   _printf_char_common.o
         6          0          0          0          0          0   _printf_d.o
       120         16          0          0          0         92   _printf_dec.o
       178          0          0          0          0         88   _printf_intcommon.o
         0          0          0          0          0          0   _printf_percent.o
         4          0          0          0          0          0   _printf_percent_end.o
        22          0          0          0          0        100   _rserrno.o
        16          0          0          0          0         68   _snputc.o
        16          0          0          0          0         68   aeabi_memset.o
        18          0          0          0          0         80   exit.o
         6          0          0          0          0        152   heapauxi.o
         0          0          0          0          0          0   indicate_semi.o
         2          0          0          0          0          0   libinit.o
         6          0          0          0          0          0   libinit2.o
         2          0          0          0          0          0   libshutdown.o
         2          0          0          0          0          0   libshutdown2.o
         8          4          0          0         96         68   libspace.o
       240          0          0          0          0        100   lludivv7m.o
         8          4          0          0          0         68   rt_errno_addr_intlibspace.o
        68          0          0          0          0         68   rt_memclr.o
        78          0          0          0          0         80   rt_memclr_w.o
       100          0          0          0          0         80   rt_memcpy_w.o
         2          0          0          0          0          0   rtexit.o
        10          0          0          0          0          0   rtexit2.o
        12          4          0          0          0         68   sys_exit.o
        74          0          0          0          0         80   sys_stackheap_outer.o
         2          0          0          0          0         68   use_no_semi.o
        24          0          0          0          0        164   basic.o
       834         16          0          0          0        516   daddsub_clz.o
        84          0          0          0          0        244   dcmp.o
        24          0          0          0          0        116   dcmpi.o
       696        140          0          0          0        264   ddiv.o
       120          4          0          0          0        140   deqf.o
        94          4          0          0          0        140   dfix.o
        84          0          0          0          0        232   dflt_clz.o
       120          4          0          0          0        140   dgeqf.o
       120          4          0          0          0        140   dleqf.o
       340         12          0          0          0        152   dmul.o
       156          4          0          0          0        140   dnaninf.o
        12          0          0          0          0        116   dretinf.o
        26          0          0          0          0        116   fpinit.o
         0          0          0          0          0          0   usenofp.o
       744        106        152          0          0        352   atan.o
       512         64          0          0          0        208   atan2.o
        72          8          0          0          0        372   dunder.o
        24          0          0          0          0        124   fabs.o
        48          0          0          0          0        124   fpclassify.o
       248          0          0          0          0        152   poly.o
         0          0          8          0          0          0   qnan.o

    ----------------------------------------------------------------------
      5794        414        160          0         96       5612   Library Totals
        22          0          0          0          0          0   (incl. Padding)

    ----------------------------------------------------------------------

      Code (inc. data)   RO Data    RW Data    ZI Data      Debug   Library Name

      1390         48          0          0         96       1660   c_w.l
      2734        188          0          0          0       2620   fz_wm.l
      1648        178        160          0          0       1332   m_wm.l

    ----------------------------------------------------------------------
      5794        414        160          0         96       5612   Library Totals

    ----------------------------------------------------------------------

==============================================================================


      Code (inc. data)   RO Data    RW Data    ZI Data      Debug   

     42608       1514       1032        124       8916     387568   Grand Totals
     42608       1514       1032        124       8916     387568   ELF Image Totals
     42608       1514       1032        124          0          0   ROM Totals

==============================================================================

    Total RO  Size (Code + RO Data)                43640 (  42.62kB)
    Total RW  Size (RW Data + ZI Data)              9040 (   8.83kB)
    Total ROM Size (Code + RO Data + RW Data)      43764 (  42.74kB)

==============================================================================

